<?xml version="1.0" encoding="ISO-8859-1" ?>
<link_info>
   <banner>MSP430 Linker PC v18.1.5.LTS</banner>
   <copyright>Copyright (c) 2003-2018 Texas Instruments Incorporated</copyright>
   <link_time>0x5d141bf8</link_time>
   <link_errors>0x0</link_errors>
   <output_file>eusci_b_i2c_ex3_masterTxMultiple.out</output_file>
   <entry_point>
      <name>_c_int00_noargs_mpu</name>
      <address>0x44cc</address>
   </entry_point>
   <input_file_list>
      <input_file id="fl-2">
         <path>.\</path>
         <kind>object</kind>
         <file>cs.obj</file>
         <name>cs.obj</name>
      </input_file>
      <input_file id="fl-3">
         <path>.\</path>
         <kind>object</kind>
         <file>delay.obj</file>
         <name>delay.obj</name>
      </input_file>
      <input_file id="fl-4">
         <path>.\</path>
         <kind>object</kind>
         <file>display_multifunction.obj</file>
         <name>display_multifunction.obj</name>
      </input_file>
      <input_file id="fl-5">
         <path>.\</path>
         <kind>object</kind>
         <file>eusci_b_i2c_ex3_masterTxMultiple.obj</file>
         <name>eusci_b_i2c_ex3_masterTxMultiple.obj</name>
      </input_file>
      <input_file id="fl-6">
         <path>.\</path>
         <kind>object</kind>
         <file>i2c.obj</file>
         <name>i2c.obj</name>
      </input_file>
      <input_file id="fl-7">
         <path>.\</path>
         <kind>object</kind>
         <file>i2c_hal.obj</file>
         <name>i2c_hal.obj</name>
      </input_file>
      <input_file id="fl-8">
         <path>.\</path>
         <kind>object</kind>
         <file>oled.obj</file>
         <name>oled.obj</name>
      </input_file>
      <input_file id="fl-9">
         <path>.\</path>
         <kind>object</kind>
         <file>oled_display.obj</file>
         <name>oled_display.obj</name>
      </input_file>
      <input_file id="fl-a">
         <path>.\</path>
         <kind>object</kind>
         <file>sht31.obj</file>
         <name>sht31.obj</name>
      </input_file>
      <input_file id="fl-b">
         <path>.\</path>
         <kind>object</kind>
         <file>sht3x.obj</file>
         <name>sht3x.obj</name>
      </input_file>
      <input_file id="fl-c">
         <path>.\</path>
         <kind>object</kind>
         <file>system.obj</file>
         <name>system.obj</name>
      </input_file>
      <input_file id="fl-d">
         <path>.\</path>
         <kind>object</kind>
         <file>uart.obj</file>
         <name>uart.obj</name>
      </input_file>
      <input_file id="fl-e">
         <path>.\driverlib\MSP430FR5xx_6xx\</path>
         <kind>object</kind>
         <file>adc12_b.obj</file>
         <name>adc12_b.obj</name>
      </input_file>
      <input_file id="fl-f">
         <path>.\driverlib\MSP430FR5xx_6xx\</path>
         <kind>object</kind>
         <file>aes256.obj</file>
         <name>aes256.obj</name>
      </input_file>
      <input_file id="fl-10">
         <path>.\driverlib\MSP430FR5xx_6xx\</path>
         <kind>object</kind>
         <file>comp_e.obj</file>
         <name>comp_e.obj</name>
      </input_file>
      <input_file id="fl-11">
         <path>.\driverlib\MSP430FR5xx_6xx\</path>
         <kind>object</kind>
         <file>crc.obj</file>
         <name>crc.obj</name>
      </input_file>
      <input_file id="fl-12">
         <path>.\driverlib\MSP430FR5xx_6xx\</path>
         <kind>object</kind>
         <file>crc32.obj</file>
         <name>crc32.obj</name>
      </input_file>
      <input_file id="fl-13">
         <path>.\driverlib\MSP430FR5xx_6xx\</path>
         <kind>object</kind>
         <file>cs.obj</file>
         <name>cs.obj</name>
      </input_file>
      <input_file id="fl-14">
         <path>.\driverlib\MSP430FR5xx_6xx\</path>
         <kind>object</kind>
         <file>dma.obj</file>
         <name>dma.obj</name>
      </input_file>
      <input_file id="fl-15">
         <path>.\driverlib\MSP430FR5xx_6xx\</path>
         <kind>object</kind>
         <file>esi.obj</file>
         <name>esi.obj</name>
      </input_file>
      <input_file id="fl-16">
         <path>.\driverlib\MSP430FR5xx_6xx\</path>
         <kind>object</kind>
         <file>eusci_a_spi.obj</file>
         <name>eusci_a_spi.obj</name>
      </input_file>
      <input_file id="fl-17">
         <path>.\driverlib\MSP430FR5xx_6xx\</path>
         <kind>object</kind>
         <file>eusci_a_uart.obj</file>
         <name>eusci_a_uart.obj</name>
      </input_file>
      <input_file id="fl-18">
         <path>.\driverlib\MSP430FR5xx_6xx\</path>
         <kind>object</kind>
         <file>eusci_b_i2c.obj</file>
         <name>eusci_b_i2c.obj</name>
      </input_file>
      <input_file id="fl-19">
         <path>.\driverlib\MSP430FR5xx_6xx\</path>
         <kind>object</kind>
         <file>eusci_b_spi.obj</file>
         <name>eusci_b_spi.obj</name>
      </input_file>
      <input_file id="fl-1a">
         <path>.\driverlib\MSP430FR5xx_6xx\</path>
         <kind>object</kind>
         <file>framctl.obj</file>
         <name>framctl.obj</name>
      </input_file>
      <input_file id="fl-1b">
         <path>.\driverlib\MSP430FR5xx_6xx\</path>
         <kind>object</kind>
         <file>framctl_a.obj</file>
         <name>framctl_a.obj</name>
      </input_file>
      <input_file id="fl-1c">
         <path>.\driverlib\MSP430FR5xx_6xx\</path>
         <kind>object</kind>
         <file>gpio.obj</file>
         <name>gpio.obj</name>
      </input_file>
      <input_file id="fl-1d">
         <path>.\driverlib\MSP430FR5xx_6xx\</path>
         <kind>object</kind>
         <file>hspll.obj</file>
         <name>hspll.obj</name>
      </input_file>
      <input_file id="fl-1e">
         <path>.\driverlib\MSP430FR5xx_6xx\</path>
         <kind>object</kind>
         <file>lcd_c.obj</file>
         <name>lcd_c.obj</name>
      </input_file>
      <input_file id="fl-1f">
         <path>.\driverlib\MSP430FR5xx_6xx\</path>
         <kind>object</kind>
         <file>mpu.obj</file>
         <name>mpu.obj</name>
      </input_file>
      <input_file id="fl-20">
         <path>.\driverlib\MSP430FR5xx_6xx\</path>
         <kind>object</kind>
         <file>mpy32.obj</file>
         <name>mpy32.obj</name>
      </input_file>
      <input_file id="fl-21">
         <path>.\driverlib\MSP430FR5xx_6xx\</path>
         <kind>object</kind>
         <file>mtif.obj</file>
         <name>mtif.obj</name>
      </input_file>
      <input_file id="fl-22">
         <path>.\driverlib\MSP430FR5xx_6xx\</path>
         <kind>object</kind>
         <file>pmm.obj</file>
         <name>pmm.obj</name>
      </input_file>
      <input_file id="fl-23">
         <path>.\driverlib\MSP430FR5xx_6xx\</path>
         <kind>object</kind>
         <file>ram.obj</file>
         <name>ram.obj</name>
      </input_file>
      <input_file id="fl-24">
         <path>.\driverlib\MSP430FR5xx_6xx\</path>
         <kind>object</kind>
         <file>ref_a.obj</file>
         <name>ref_a.obj</name>
      </input_file>
      <input_file id="fl-25">
         <path>.\driverlib\MSP430FR5xx_6xx\</path>
         <kind>object</kind>
         <file>rtc_b.obj</file>
         <name>rtc_b.obj</name>
      </input_file>
      <input_file id="fl-26">
         <path>.\driverlib\MSP430FR5xx_6xx\</path>
         <kind>object</kind>
         <file>rtc_c.obj</file>
         <name>rtc_c.obj</name>
      </input_file>
      <input_file id="fl-27">
         <path>.\driverlib\MSP430FR5xx_6xx\</path>
         <kind>object</kind>
         <file>saph.obj</file>
         <name>saph.obj</name>
      </input_file>
      <input_file id="fl-28">
         <path>.\driverlib\MSP430FR5xx_6xx\</path>
         <kind>object</kind>
         <file>saph_a.obj</file>
         <name>saph_a.obj</name>
      </input_file>
      <input_file id="fl-29">
         <path>.\driverlib\MSP430FR5xx_6xx\</path>
         <kind>object</kind>
         <file>sdhs.obj</file>
         <name>sdhs.obj</name>
      </input_file>
      <input_file id="fl-2a">
         <path>.\driverlib\MSP430FR5xx_6xx\</path>
         <kind>object</kind>
         <file>sfr.obj</file>
         <name>sfr.obj</name>
      </input_file>
      <input_file id="fl-2b">
         <path>.\driverlib\MSP430FR5xx_6xx\</path>
         <kind>object</kind>
         <file>sysctl.obj</file>
         <name>sysctl.obj</name>
      </input_file>
      <input_file id="fl-2c">
         <path>.\driverlib\MSP430FR5xx_6xx\</path>
         <kind>object</kind>
         <file>timer_a.obj</file>
         <name>timer_a.obj</name>
      </input_file>
      <input_file id="fl-2d">
         <path>.\driverlib\MSP430FR5xx_6xx\</path>
         <kind>object</kind>
         <file>timer_b.obj</file>
         <name>timer_b.obj</name>
      </input_file>
      <input_file id="fl-2e">
         <path>.\driverlib\MSP430FR5xx_6xx\</path>
         <kind>object</kind>
         <file>tlv.obj</file>
         <name>tlv.obj</name>
      </input_file>
      <input_file id="fl-2f">
         <path>.\driverlib\MSP430FR5xx_6xx\</path>
         <kind>object</kind>
         <file>uups.obj</file>
         <name>uups.obj</name>
      </input_file>
      <input_file id="fl-30">
         <path>.\driverlib\MSP430FR5xx_6xx\</path>
         <kind>object</kind>
         <file>wdt_a.obj</file>
         <name>wdt_a.obj</name>
      </input_file>
      <input_file id="fl-37">
         <kind>object</kind>
         <file>&lt;internal&gt;</file>
         <name>&lt;internal&gt;</name>
      </input_file>
      <input_file id="fl-57">
         <path>D:\ti\ccsv8\tools\compiler\ti-cgt-msp430_18.1.5.LTS\lib\</path>
         <kind>archive</kind>
         <file>rts430x_lc_rd_eabi.lib</file>
         <name>copy_decompress_lzss.c.obj</name>
      </input_file>
      <input_file id="fl-58">
         <path>D:\ti\ccsv8\tools\compiler\ti-cgt-msp430_18.1.5.LTS\lib\</path>
         <kind>archive</kind>
         <file>rts430x_lc_rd_eabi.lib</file>
         <name>copy_decompress_none.c.obj</name>
      </input_file>
      <input_file id="fl-59">
         <path>D:\ti\ccsv8\tools\compiler\ti-cgt-msp430_18.1.5.LTS\lib\</path>
         <kind>archive</kind>
         <file>rts430x_lc_rd_eabi.lib</file>
         <name>int30.asm.obj</name>
      </input_file>
      <input_file id="fl-5a">
         <path>D:\ti\ccsv8\tools\compiler\ti-cgt-msp430_18.1.5.LTS\lib\</path>
         <kind>archive</kind>
         <file>rts430x_lc_rd_eabi.lib</file>
         <name>isr_trap.asm.obj</name>
      </input_file>
      <input_file id="fl-5b">
         <path>D:\ti\ccsv8\tools\compiler\ti-cgt-msp430_18.1.5.LTS\lib\</path>
         <kind>archive</kind>
         <file>rts430x_lc_rd_eabi.lib</file>
         <name>int31.asm.obj</name>
      </input_file>
      <input_file id="fl-5c">
         <path>D:\ti\ccsv8\tools\compiler\ti-cgt-msp430_18.1.5.LTS\lib\</path>
         <kind>archive</kind>
         <file>rts430x_lc_rd_eabi.lib</file>
         <name>int32.asm.obj</name>
      </input_file>
      <input_file id="fl-5d">
         <path>D:\ti\ccsv8\tools\compiler\ti-cgt-msp430_18.1.5.LTS\lib\</path>
         <kind>archive</kind>
         <file>rts430x_lc_rd_eabi.lib</file>
         <name>int33.asm.obj</name>
      </input_file>
      <input_file id="fl-5e">
         <path>D:\ti\ccsv8\tools\compiler\ti-cgt-msp430_18.1.5.LTS\lib\</path>
         <kind>archive</kind>
         <file>rts430x_lc_rd_eabi.lib</file>
         <name>int34.asm.obj</name>
      </input_file>
      <input_file id="fl-5f">
         <path>D:\ti\ccsv8\tools\compiler\ti-cgt-msp430_18.1.5.LTS\lib\</path>
         <kind>archive</kind>
         <file>rts430x_lc_rd_eabi.lib</file>
         <name>int35.asm.obj</name>
      </input_file>
      <input_file id="fl-60">
         <path>D:\ti\ccsv8\tools\compiler\ti-cgt-msp430_18.1.5.LTS\lib\</path>
         <kind>archive</kind>
         <file>rts430x_lc_rd_eabi.lib</file>
         <name>int36.asm.obj</name>
      </input_file>
      <input_file id="fl-61">
         <path>D:\ti\ccsv8\tools\compiler\ti-cgt-msp430_18.1.5.LTS\lib\</path>
         <kind>archive</kind>
         <file>rts430x_lc_rd_eabi.lib</file>
         <name>int37.asm.obj</name>
      </input_file>
      <input_file id="fl-62">
         <path>D:\ti\ccsv8\tools\compiler\ti-cgt-msp430_18.1.5.LTS\lib\</path>
         <kind>archive</kind>
         <file>rts430x_lc_rd_eabi.lib</file>
         <name>int38.asm.obj</name>
      </input_file>
      <input_file id="fl-63">
         <path>D:\ti\ccsv8\tools\compiler\ti-cgt-msp430_18.1.5.LTS\lib\</path>
         <kind>archive</kind>
         <file>rts430x_lc_rd_eabi.lib</file>
         <name>int39.asm.obj</name>
      </input_file>
      <input_file id="fl-64">
         <path>D:\ti\ccsv8\tools\compiler\ti-cgt-msp430_18.1.5.LTS\lib\</path>
         <kind>archive</kind>
         <file>rts430x_lc_rd_eabi.lib</file>
         <name>int40.asm.obj</name>
      </input_file>
      <input_file id="fl-65">
         <path>D:\ti\ccsv8\tools\compiler\ti-cgt-msp430_18.1.5.LTS\lib\</path>
         <kind>archive</kind>
         <file>rts430x_lc_rd_eabi.lib</file>
         <name>int41.asm.obj</name>
      </input_file>
      <input_file id="fl-66">
         <path>D:\ti\ccsv8\tools\compiler\ti-cgt-msp430_18.1.5.LTS\lib\</path>
         <kind>archive</kind>
         <file>rts430x_lc_rd_eabi.lib</file>
         <name>int42.asm.obj</name>
      </input_file>
      <input_file id="fl-67">
         <path>D:\ti\ccsv8\tools\compiler\ti-cgt-msp430_18.1.5.LTS\lib\</path>
         <kind>archive</kind>
         <file>rts430x_lc_rd_eabi.lib</file>
         <name>int43.asm.obj</name>
      </input_file>
      <input_file id="fl-68">
         <path>D:\ti\ccsv8\tools\compiler\ti-cgt-msp430_18.1.5.LTS\lib\</path>
         <kind>archive</kind>
         <file>rts430x_lc_rd_eabi.lib</file>
         <name>int44.asm.obj</name>
      </input_file>
      <input_file id="fl-69">
         <path>D:\ti\ccsv8\tools\compiler\ti-cgt-msp430_18.1.5.LTS\lib\</path>
         <kind>archive</kind>
         <file>rts430x_lc_rd_eabi.lib</file>
         <name>int45.asm.obj</name>
      </input_file>
      <input_file id="fl-6a">
         <path>D:\ti\ccsv8\tools\compiler\ti-cgt-msp430_18.1.5.LTS\lib\</path>
         <kind>archive</kind>
         <file>rts430x_lc_rd_eabi.lib</file>
         <name>int46.asm.obj</name>
      </input_file>
      <input_file id="fl-6b">
         <path>D:\ti\ccsv8\tools\compiler\ti-cgt-msp430_18.1.5.LTS\lib\</path>
         <kind>archive</kind>
         <file>rts430x_lc_rd_eabi.lib</file>
         <name>int49.asm.obj</name>
      </input_file>
      <input_file id="fl-6c">
         <path>D:\ti\ccsv8\tools\compiler\ti-cgt-msp430_18.1.5.LTS\lib\</path>
         <kind>archive</kind>
         <file>rts430x_lc_rd_eabi.lib</file>
         <name>int50.asm.obj</name>
      </input_file>
      <input_file id="fl-6d">
         <path>D:\ti\ccsv8\tools\compiler\ti-cgt-msp430_18.1.5.LTS\lib\</path>
         <kind>archive</kind>
         <file>rts430x_lc_rd_eabi.lib</file>
         <name>int52.asm.obj</name>
      </input_file>
      <input_file id="fl-6e">
         <path>D:\ti\ccsv8\tools\compiler\ti-cgt-msp430_18.1.5.LTS\lib\</path>
         <kind>archive</kind>
         <file>rts430x_lc_rd_eabi.lib</file>
         <name>int53.asm.obj</name>
      </input_file>
      <input_file id="fl-6f">
         <path>D:\ti\ccsv8\tools\compiler\ti-cgt-msp430_18.1.5.LTS\lib\</path>
         <kind>archive</kind>
         <file>rts430x_lc_rd_eabi.lib</file>
         <name>int54.asm.obj</name>
      </input_file>
      <input_file id="fl-70">
         <path>D:\ti\ccsv8\tools\compiler\ti-cgt-msp430_18.1.5.LTS\lib\</path>
         <kind>archive</kind>
         <file>rts430x_lc_rd_eabi.lib</file>
         <name>copy_zero_init.c.obj</name>
      </input_file>
      <input_file id="fl-71">
         <path>D:\ti\ccsv8\tools\compiler\ti-cgt-msp430_18.1.5.LTS\lib\</path>
         <kind>archive</kind>
         <file>rts430x_lc_rd_eabi.lib</file>
         <name>fs_div.asm.obj</name>
      </input_file>
      <input_file id="fl-72">
         <path>D:\ti\ccsv8\tools\compiler\ti-cgt-msp430_18.1.5.LTS\lib\</path>
         <kind>archive</kind>
         <file>rts430x_lc_rd_eabi.lib</file>
         <name>div16s.asm.obj</name>
      </input_file>
      <input_file id="fl-73">
         <path>D:\ti\ccsv8\tools\compiler\ti-cgt-msp430_18.1.5.LTS\lib\</path>
         <kind>archive</kind>
         <file>rts430x_lc_rd_eabi.lib</file>
         <name>div32s.asm.obj</name>
      </input_file>
      <input_file id="fl-74">
         <path>D:\ti\ccsv8\tools\compiler\ti-cgt-msp430_18.1.5.LTS\lib\</path>
         <kind>archive</kind>
         <file>rts430x_lc_rd_eabi.lib</file>
         <name>div16u.asm.obj</name>
      </input_file>
      <input_file id="fl-75">
         <path>D:\ti\ccsv8\tools\compiler\ti-cgt-msp430_18.1.5.LTS\lib\</path>
         <kind>archive</kind>
         <file>rts430x_lc_rd_eabi.lib</file>
         <name>div32u.asm.obj</name>
      </input_file>
      <input_file id="fl-76">
         <path>D:\ti\ccsv8\tools\compiler\ti-cgt-msp430_18.1.5.LTS\lib\</path>
         <kind>archive</kind>
         <file>rts430x_lc_rd_eabi.lib</file>
         <name>fs_toi.asm.obj</name>
      </input_file>
      <input_file id="fl-77">
         <path>D:\ti\ccsv8\tools\compiler\ti-cgt-msp430_18.1.5.LTS\lib\</path>
         <kind>archive</kind>
         <file>rts430x_lc_rd_eabi.lib</file>
         <name>fs_utof.asm.obj</name>
      </input_file>
      <input_file id="fl-78">
         <path>D:\ti\ccsv8\tools\compiler\ti-cgt-msp430_18.1.5.LTS\lib\</path>
         <kind>archive</kind>
         <file>rts430x_lc_rd_eabi.lib</file>
         <name>fs_mpy.asm.obj</name>
      </input_file>
      <input_file id="fl-79">
         <path>D:\ti\ccsv8\tools\compiler\ti-cgt-msp430_18.1.5.LTS\lib\</path>
         <kind>archive</kind>
         <file>rts430x_lc_rd_eabi.lib</file>
         <name>mult16.asm.obj</name>
      </input_file>
      <input_file id="fl-7a">
         <path>D:\ti\ccsv8\tools\compiler\ti-cgt-msp430_18.1.5.LTS\lib\</path>
         <kind>archive</kind>
         <file>rts430x_lc_rd_eabi.lib</file>
         <name>mult16_f5hw.asm.obj</name>
      </input_file>
      <input_file id="fl-7b">
         <path>D:\ti\ccsv8\tools\compiler\ti-cgt-msp430_18.1.5.LTS\lib\</path>
         <kind>archive</kind>
         <file>rts430x_lc_rd_eabi.lib</file>
         <name>mult32_f5hw.asm.obj</name>
      </input_file>
      <input_file id="fl-7c">
         <path>D:\ti\ccsv8\tools\compiler\ti-cgt-msp430_18.1.5.LTS\lib\</path>
         <kind>archive</kind>
         <file>rts430x_lc_rd_eabi.lib</file>
         <name>mult64_f5hw.asm.obj</name>
      </input_file>
      <input_file id="fl-7d">
         <path>D:\ti\ccsv8\tools\compiler\ti-cgt-msp430_18.1.5.LTS\lib\</path>
         <kind>archive</kind>
         <file>rts430x_lc_rd_eabi.lib</file>
         <name>mult1632_f5hw.asm.obj</name>
      </input_file>
      <input_file id="fl-7e">
         <path>D:\ti\ccsv8\tools\compiler\ti-cgt-msp430_18.1.5.LTS\lib\</path>
         <kind>archive</kind>
         <file>rts430x_lc_rd_eabi.lib</file>
         <name>mult3264_f5hw.asm.obj</name>
      </input_file>
      <input_file id="fl-7f">
         <path>D:\ti\ccsv8\tools\compiler\ti-cgt-msp430_18.1.5.LTS\lib\</path>
         <kind>archive</kind>
         <file>rts430x_lc_rd_eabi.lib</file>
         <name>lsl16.asm.obj</name>
      </input_file>
      <input_file id="fl-80">
         <path>D:\ti\ccsv8\tools\compiler\ti-cgt-msp430_18.1.5.LTS\lib\</path>
         <kind>archive</kind>
         <file>rts430x_lc_rd_eabi.lib</file>
         <name>fs_add.asm.obj</name>
      </input_file>
      <input_file id="fl-81">
         <path>D:\ti\ccsv8\tools\compiler\ti-cgt-msp430_18.1.5.LTS\lib\</path>
         <kind>archive</kind>
         <file>rts430x_lc_rd_eabi.lib</file>
         <name>boot.c.obj</name>
      </input_file>
      <input_file id="fl-82">
         <path>D:\ti\ccsv8\ccs_base\msp430\lib\FR59xx\</path>
         <kind>archive</kind>
         <file>MSPMPU_INIT_LIB_CCS_msp430_large_code_restricted_data.lib</file>
         <name>mpu_init.o</name>
      </input_file>
      <input_file id="fl-83">
         <path>D:\ti\ccsv8\tools\compiler\ti-cgt-msp430_18.1.5.LTS\lib\</path>
         <kind>archive</kind>
         <file>rts430x_lc_rd_eabi.lib</file>
         <name>args_main.c.obj</name>
      </input_file>
      <input_file id="fl-84">
         <path>D:\ti\ccsv8\tools\compiler\ti-cgt-msp430_18.1.5.LTS\lib\</path>
         <kind>archive</kind>
         <file>rts430x_lc_rd_eabi.lib</file>
         <name>autoinit.c.obj</name>
      </input_file>
      <input_file id="fl-85">
         <path>D:\ti\ccsv8\tools\compiler\ti-cgt-msp430_18.1.5.LTS\lib\</path>
         <kind>archive</kind>
         <file>rts430x_lc_rd_eabi.lib</file>
         <name>startup.c.obj</name>
      </input_file>
      <input_file id="fl-86">
         <path>D:\ti\ccsv8\tools\compiler\ti-cgt-msp430_18.1.5.LTS\lib\</path>
         <kind>archive</kind>
         <file>rts430x_lc_rd_eabi.lib</file>
         <name>pre_init.c.obj</name>
      </input_file>
      <input_file id="fl-87">
         <path>D:\ti\ccsv8\tools\compiler\ti-cgt-msp430_18.1.5.LTS\lib\</path>
         <kind>archive</kind>
         <file>rts430x_lc_rd_eabi.lib</file>
         <name>cpy_tbl.c.obj</name>
      </input_file>
      <input_file id="fl-88">
         <path>D:\ti\ccsv8\tools\compiler\ti-cgt-msp430_18.1.5.LTS\lib\</path>
         <kind>archive</kind>
         <file>rts430x_lc_rd_eabi.lib</file>
         <name>exit.c.obj</name>
      </input_file>
      <input_file id="fl-89">
         <path>D:\ti\ccsv8\tools\compiler\ti-cgt-msp430_18.1.5.LTS\lib\</path>
         <kind>archive</kind>
         <file>rts430x_lc_rd_eabi.lib</file>
         <name>exit_gvars.c.obj</name>
      </input_file>
      <input_file id="fl-8a">
         <path>D:\ti\ccsv8\tools\compiler\ti-cgt-msp430_18.1.5.LTS\lib\</path>
         <kind>archive</kind>
         <file>rts430x_lc_rd_eabi.lib</file>
         <name>_lock.c.obj</name>
      </input_file>
      <input_file id="fl-8b">
         <path>D:\ti\ccsv8\tools\compiler\ti-cgt-msp430_18.1.5.LTS\lib\</path>
         <kind>archive</kind>
         <file>rts430x_lc_rd_eabi.lib</file>
         <name>memcpy.c.obj</name>
      </input_file>
   </input_file_list>
   <object_component_list>
      <object_component id="oc-877">
         <name>.cinit..data.load</name>
         <load_address>0x4c9c</load_address>
         <run_address>0x4c9c</run_address>
         <size>0x3a</size>
      </object_component>
      <object_component id="oc-874">
         <name>__TI_handler_table</name>
         <load_address>0x4cd6</load_address>
         <run_address>0x4cd6</run_address>
         <size>0xc</size>
      </object_component>
      <object_component id="oc-876">
         <name>.cinit..bss.load</name>
         <load_address>0x4ce2</load_address>
         <run_address>0x4ce2</run_address>
         <size>0x6</size>
      </object_component>
      <object_component id="oc-875">
         <name>__TI_cinit_table</name>
         <load_address>0x4ce8</load_address>
         <run_address>0x4ce8</run_address>
         <size>0x10</size>
      </object_component>
      <object_component id="oc-805">
         <name>.binit</name>
         <load_address>0x4400</load_address>
         <run_address>0x4400</run_address>
         <size>0x0</size>
      </object_component>
      <object_component id="oc-74e">
         <name>.const:.string:F8X16</name>
         <load_address>0x4508</load_address>
         <run_address>0x4508</run_address>
         <size>0x5f0</size>
         <input_file_ref idref="fl-8"/>
      </object_component>
      <object_component id="oc-67b">
         <name>.const:Hzk</name>
         <load_address>0x4af8</load_address>
         <run_address>0x4af8</run_address>
         <size>0x140</size>
         <input_file_ref idref="fl-8"/>
      </object_component>
      <object_component id="oc-4bc">
         <name>.const:GPIO_PORT_TO_BASE</name>
         <load_address>0x4c38</load_address>
         <run_address>0x4c38</run_address>
         <size>0x1c</size>
         <input_file_ref idref="fl-1c"/>
      </object_component>
      <object_component id="oc-593">
         <name>.const:$P$T0$1</name>
         <load_address>0x4c54</load_address>
         <run_address>0x4c54</run_address>
         <size>0x10</size>
         <input_file_ref idref="fl-d"/>
      </object_component>
      <object_component id="oc-7e3">
         <name>.const:$P$T0$1</name>
         <load_address>0x4c64</load_address>
         <run_address>0x4c64</run_address>
         <size>0xe</size>
         <input_file_ref idref="fl-3"/>
      </object_component>
      <object_component id="oc-6ec">
         <name>.const:$P$T1$2</name>
         <load_address>0x4c72</load_address>
         <run_address>0x4c72</run_address>
         <size>0xe</size>
         <input_file_ref idref="fl-3"/>
      </object_component>
      <object_component id="oc-7c1">
         <name>.const:$P$T0$1</name>
         <load_address>0x4c80</load_address>
         <run_address>0x4c80</run_address>
         <size>0xc</size>
         <input_file_ref idref="fl-6"/>
      </object_component>
      <object_component id="oc-755">
         <name>.const:$P$T1$2</name>
         <load_address>0x4c8c</load_address>
         <run_address>0x4c8c</run_address>
         <size>0xc</size>
         <input_file_ref idref="fl-6"/>
      </object_component>
      <object_component id="oc-5c1">
         <name>.const:.string</name>
         <load_address>0x4c98</load_address>
         <run_address>0x4c98</run_address>
         <size>0x4</size>
         <input_file_ref idref="fl-9"/>
      </object_component>
      <object_component id="oc-3d2">
         <name>.text:_isr:USCIB0_ISR</name>
         <load_address>0x4400</load_address>
         <run_address>0x4400</run_address>
         <size>0xa2</size>
         <input_file_ref idref="fl-6"/>
      </object_component>
      <object_component id="oc-3d8">
         <name>.text:_isr:USCI_A0_ISR</name>
         <load_address>0x44a2</load_address>
         <run_address>0x44a2</run_address>
         <size>0x2a</size>
         <input_file_ref idref="fl-d"/>
      </object_component>
      <object_component id="oc-40e">
         <name>.text:_isr:_c_int00_noargs_mpu</name>
         <load_address>0x44cc</load_address>
         <run_address>0x44cc</run_address>
         <size>0x20</size>
         <input_file_ref idref="fl-81"/>
      </object_component>
      <object_component id="oc-3de">
         <name>.text:_isr:TIMERB0_ISR</name>
         <load_address>0x44ec</load_address>
         <run_address>0x44ec</run_address>
         <size>0x14</size>
         <input_file_ref idref="fl-3"/>
      </object_component>
      <object_component id="oc-3cd">
         <name>.text:_isr:__TI_ISR_TRAP</name>
         <load_address>0x4500</load_address>
         <run_address>0x4500</run_address>
         <size>0x8</size>
         <input_file_ref idref="fl-5a"/>
      </object_component>
      <object_component id="oc-5fb">
         <name>.text:display</name>
         <load_address>0x10000</load_address>
         <run_address>0x10000</run_address>
         <size>0x17e</size>
         <input_file_ref idref="fl-4"/>
      </object_component>
      <object_component id="oc-7f7">
         <name>.text:privateCSASourceClockFromDCO</name>
         <load_address>0x1017e</load_address>
         <run_address>0x1017e</run_address>
         <size>0x17c</size>
         <input_file_ref idref="fl-13"/>
      </object_component>
      <object_component id="oc-55a">
         <name>.text:CS_setDCOFreq</name>
         <load_address>0x102fa</load_address>
         <run_address>0x102fa</run_address>
         <size>0x140</size>
         <input_file_ref idref="fl-13"/>
      </object_component>
      <object_component id="oc-6c0">
         <name>.text</name>
         <load_address>0x1043a</load_address>
         <run_address>0x1043a</run_address>
         <size>0x132</size>
         <input_file_ref idref="fl-80"/>
      </object_component>
      <object_component id="oc-5af">
         <name>.text:OLED_Init</name>
         <load_address>0x1056c</load_address>
         <run_address>0x1056c</run_address>
         <size>0xf6</size>
         <input_file_ref idref="fl-8"/>
      </object_component>
      <object_component id="oc-7d0">
         <name>.text:privateCSAComputeCLKFrequency</name>
         <load_address>0x10662</load_address>
         <run_address>0x10662</run_address>
         <size>0xe0</size>
         <input_file_ref idref="fl-13"/>
      </object_component>
      <object_component id="oc-73d">
         <name>.text:i2c_write</name>
         <load_address>0x10742</load_address>
         <run_address>0x10742</run_address>
         <size>0xce</size>
         <input_file_ref idref="fl-6"/>
      </object_component>
      <object_component id="oc-4f7">
         <name>.text:sht31_test</name>
         <load_address>0x10810</load_address>
         <run_address>0x10810</run_address>
         <size>0xc6</size>
         <input_file_ref idref="fl-b"/>
      </object_component>
      <object_component id="oc-6b6">
         <name>.text</name>
         <load_address>0x108d6</load_address>
         <run_address>0x108d6</run_address>
         <size>0xb8</size>
         <input_file_ref idref="fl-78"/>
      </object_component>
      <object_component id="oc-69d">
         <name>.text:i2c_read</name>
         <load_address>0x1098e</load_address>
         <run_address>0x1098e</run_address>
         <size>0xb2</size>
         <input_file_ref idref="fl-6"/>
      </object_component>
      <object_component id="oc-596">
         <name>.text:EUSCI_A_UART_init</name>
         <load_address>0x10a40</load_address>
         <run_address>0x10a40</run_address>
         <size>0x9a</size>
         <input_file_ref idref="fl-17"/>
      </object_component>
      <object_component id="oc-4f1">
         <name>.text:oled_display_memu</name>
         <load_address>0x10ada</load_address>
         <run_address>0x10ada</run_address>
         <size>0x92</size>
         <input_file_ref idref="fl-9"/>
      </object_component>
      <object_component id="oc-6bb">
         <name>.text</name>
         <load_address>0x10b6c</load_address>
         <run_address>0x10b6c</run_address>
         <size>0x90</size>
         <input_file_ref idref="fl-71"/>
      </object_component>
      <object_component id="oc-6ef">
         <name>.text:Timer_B_initUpMode</name>
         <load_address>0x10bfc</load_address>
         <run_address>0x10bfc</run_address>
         <size>0x7c</size>
         <input_file_ref idref="fl-2d"/>
      </object_component>
      <object_component id="oc-5bb">
         <name>.text:OLED_ShowCHinese</name>
         <load_address>0x10c78</load_address>
         <run_address>0x10c78</run_address>
         <size>0x76</size>
         <input_file_ref idref="fl-8"/>
      </object_component>
      <object_component id="oc-76">
         <name>.text:decompress:lzss:__TI_decompress_lzss</name>
         <load_address>0x10cee</load_address>
         <run_address>0x10cee</run_address>
         <size>0x76</size>
         <input_file_ref idref="fl-57"/>
      </object_component>
      <object_component id="oc-554">
         <name>.text:GPIO_setAsPeripheralModuleFunctionInputPin</name>
         <load_address>0x10d64</load_address>
         <run_address>0x10d64</run_address>
         <size>0x72</size>
         <input_file_ref idref="fl-1c"/>
      </object_component>
      <object_component id="oc-4eb">
         <name>.text:uart_init</name>
         <load_address>0x10dd6</load_address>
         <run_address>0x10dd6</run_address>
         <size>0x72</size>
         <input_file_ref idref="fl-d"/>
      </object_component>
      <object_component id="oc-67f">
         <name>.text:OLED_ShowChar</name>
         <load_address>0x10e48</load_address>
         <run_address>0x10e48</run_address>
         <size>0x6e</size>
         <input_file_ref idref="fl-8"/>
      </object_component>
      <object_component id="oc-566">
         <name>.text:CS_initClockSignal</name>
         <load_address>0x10eb6</load_address>
         <run_address>0x10eb6</run_address>
         <size>0x6a</size>
         <input_file_ref idref="fl-13"/>
      </object_component>
      <object_component id="oc-602">
         <name>.text:delay_ms_in</name>
         <load_address>0x10f20</load_address>
         <run_address>0x10f20</run_address>
         <size>0x68</size>
         <input_file_ref idref="fl-3"/>
      </object_component>
      <object_component id="oc-6c7">
         <name>.text</name>
         <load_address>0x10f88</load_address>
         <run_address>0x10f88</run_address>
         <size>0x68</size>
         <input_file_ref idref="fl-76"/>
      </object_component>
      <object_component id="oc-782">
         <name>.text:delay_us</name>
         <load_address>0x10ff0</load_address>
         <run_address>0x10ff0</run_address>
         <size>0x64</size>
         <input_file_ref idref="fl-3"/>
      </object_component>
      <object_component id="oc-75e">
         <name>.text:EUSCI_B_I2C_initMaster</name>
         <load_address>0x11054</load_address>
         <run_address>0x11054</run_address>
         <size>0x60</size>
         <input_file_ref idref="fl-18"/>
      </object_component>
      <object_component id="oc-7d7">
         <name>.text</name>
         <load_address>0x110b4</load_address>
         <run_address>0x110b4</run_address>
         <size>0x58</size>
         <input_file_ref idref="fl-75"/>
      </object_component>
      <object_component id="oc-534">
         <name>.text:__TI_auto_init_nobinit_nopinit_hold_wdt:__TI_auto_init_nobinit_nopinit_hold_wdt</name>
         <load_address>0x1110c</load_address>
         <run_address>0x1110c</run_address>
         <size>0x54</size>
         <input_file_ref idref="fl-84"/>
      </object_component>
      <object_component id="oc-4d9">
         <name>.text:cs_set</name>
         <load_address>0x11160</load_address>
         <run_address>0x11160</run_address>
         <size>0x4e</size>
         <input_file_ref idref="fl-2"/>
      </object_component>
      <object_component id="oc-483">
         <name>.text:main</name>
         <load_address>0x111ae</load_address>
         <run_address>0x111ae</run_address>
         <size>0x4a</size>
         <input_file_ref idref="fl-5"/>
      </object_component>
      <object_component id="oc-668">
         <name>.text:OLED_Clear</name>
         <load_address>0x111f8</load_address>
         <run_address>0x111f8</run_address>
         <size>0x48</size>
         <input_file_ref idref="fl-8"/>
      </object_component>
      <object_component id="oc-4df">
         <name>.text:gpio_init</name>
         <load_address>0x11240</load_address>
         <run_address>0x11240</run_address>
         <size>0x42</size>
         <input_file_ref idref="fl-5"/>
      </object_component>
      <object_component id="oc-7c4">
         <name>.text:EUSCI_B_I2C_masterSendMultiByteStart</name>
         <load_address>0x11282</load_address>
         <run_address>0x11282</run_address>
         <size>0x40</size>
         <input_file_ref idref="fl-18"/>
      </object_component>
      <object_component id="oc-5b5">
         <name>.text:delay_ms</name>
         <load_address>0x112c2</load_address>
         <run_address>0x112c2</run_address>
         <size>0x40</size>
         <input_file_ref idref="fl-3"/>
      </object_component>
      <object_component id="oc-7f2">
         <name>.text</name>
         <load_address>0x11302</load_address>
         <run_address>0x11302</run_address>
         <size>0x40</size>
         <input_file_ref idref="fl-73"/>
      </object_component>
      <object_component id="oc-56c">
         <name>.text:CS_turnOnLFXT</name>
         <load_address>0x11342</load_address>
         <run_address>0x11342</run_address>
         <size>0x3a</size>
         <input_file_ref idref="fl-13"/>
      </object_component>
      <object_component id="oc-6d8">
         <name>.text:OLED_ShowString_N</name>
         <load_address>0x1137c</load_address>
         <run_address>0x1137c</run_address>
         <size>0x38</size>
         <input_file_ref idref="fl-8"/>
      </object_component>
      <object_component id="oc-5c2">
         <name>.text:OLED_ShowString</name>
         <load_address>0x113b4</load_address>
         <run_address>0x113b4</run_address>
         <size>0x36</size>
         <input_file_ref idref="fl-8"/>
      </object_component>
      <object_component id="oc-573">
         <name>.text:GPIO_setAsOutputPin</name>
         <load_address>0x113ea</load_address>
         <run_address>0x113ea</run_address>
         <size>0x34</size>
         <input_file_ref idref="fl-1c"/>
      </object_component>
      <object_component id="oc-66e">
         <name>.text:OLED_Set_Pos</name>
         <load_address>0x1141e</load_address>
         <run_address>0x1141e</run_address>
         <size>0x30</size>
         <input_file_ref idref="fl-8"/>
      </object_component>
      <object_component id="oc-65c">
         <name>.text:OLED_reset</name>
         <load_address>0x1144e</load_address>
         <run_address>0x1144e</run_address>
         <size>0x30</size>
         <input_file_ref idref="fl-8"/>
      </object_component>
      <object_component id="oc-6a4">
         <name>.text:SHT3X_CalcCrc</name>
         <load_address>0x1147e</load_address>
         <run_address>0x1147e</run_address>
         <size>0x30</size>
         <input_file_ref idref="fl-b"/>
      </object_component>
      <object_component id="oc-495">
         <name>.text:__mpu_init</name>
         <load_address>0x114ae</load_address>
         <run_address>0x114ae</run_address>
         <size>0x2c</size>
         <input_file_ref idref="fl-82"/>
      </object_component>
      <object_component id="oc-675">
         <name>.text</name>
         <load_address>0x114da</load_address>
         <run_address>0x114da</run_address>
         <size>0x2c</size>
         <input_file_ref idref="fl-72"/>
      </object_component>
      <object_component id="oc-5eb">
         <name>.text:SHT3X_CalcTemperature</name>
         <load_address>0x11506</load_address>
         <run_address>0x11506</run_address>
         <size>0x26</size>
         <input_file_ref idref="fl-b"/>
      </object_component>
      <object_component id="oc-5e4">
         <name>.text:data_synthesis</name>
         <load_address>0x1152c</load_address>
         <run_address>0x1152c</run_address>
         <size>0x24</size>
         <input_file_ref idref="fl-b"/>
      </object_component>
      <object_component id="oc-3e4">
         <name>.text:decompress:ZI:__TI_zero_init_nomemset:__TI_zero_init_nomemset</name>
         <load_address>0x11550</load_address>
         <run_address>0x11550</run_address>
         <size>0x24</size>
         <input_file_ref idref="fl-70"/>
      </object_component>
      <object_component id="oc-6b1">
         <name>.text</name>
         <load_address>0x11574</load_address>
         <run_address>0x11574</run_address>
         <size>0x24</size>
         <input_file_ref idref="fl-77"/>
      </object_component>
      <object_component id="oc-6cf">
         <name>.text:uart_multibyte_send</name>
         <load_address>0x11598</load_address>
         <run_address>0x11598</run_address>
         <size>0x24</size>
         <input_file_ref idref="fl-d"/>
      </object_component>
      <object_component id="oc-5a8">
         <name>.text:EUSCI_A_UART_enableInterrupt</name>
         <load_address>0x115bc</load_address>
         <run_address>0x115bc</run_address>
         <size>0x22</size>
         <input_file_ref idref="fl-17"/>
      </object_component>
      <object_component id="oc-467">
         <name>.text:EUSCI_A_UART_transmitData</name>
         <load_address>0x115de</load_address>
         <run_address>0x115de</run_address>
         <size>0x22</size>
         <input_file_ref idref="fl-17"/>
      </object_component>
      <object_component id="oc-43d">
         <name>.text:EUSCI_B_I2C_masterSendMultiByteNext</name>
         <load_address>0x11600</load_address>
         <run_address>0x11600</run_address>
         <size>0x22</size>
         <input_file_ref idref="fl-18"/>
      </object_component>
      <object_component id="oc-45e">
         <name>.text:EUSCI_A_UART_receiveData</name>
         <load_address>0x11622</load_address>
         <run_address>0x11622</run_address>
         <size>0x20</size>
         <input_file_ref idref="fl-17"/>
      </object_component>
      <object_component id="oc-443">
         <name>.text:EUSCI_B_I2C_masterReceiveSingle</name>
         <load_address>0x11642</load_address>
         <run_address>0x11642</run_address>
         <size>0x20</size>
         <input_file_ref idref="fl-18"/>
      </object_component>
      <object_component id="oc-503">
         <name>.text:OLED_Display_Off</name>
         <load_address>0x11662</load_address>
         <run_address>0x11662</run_address>
         <size>0x20</size>
         <input_file_ref idref="fl-8"/>
      </object_component>
      <object_component id="oc-509">
         <name>.text:OLED_Display_On</name>
         <load_address>0x11682</load_address>
         <run_address>0x11682</run_address>
         <size>0x20</size>
         <input_file_ref idref="fl-8"/>
      </object_component>
      <object_component id="oc-4d3">
         <name>.text:WDT_A_hold</name>
         <load_address>0x116a2</load_address>
         <run_address>0x116a2</run_address>
         <size>0x20</size>
         <input_file_ref idref="fl-30"/>
      </object_component>
      <object_component id="oc-435">
         <name>.text:EUSCI_B_I2C_masterSendMultiByteStop</name>
         <load_address>0x116c2</load_address>
         <run_address>0x116c2</run_address>
         <size>0x1c</size>
         <input_file_ref idref="fl-18"/>
      </object_component>
      <object_component id="oc-57f">
         <name>.text:GPIO_setOutputHighOnPin</name>
         <load_address>0x116de</load_address>
         <run_address>0x116de</run_address>
         <size>0x1c</size>
         <input_file_ref idref="fl-1c"/>
      </object_component>
      <object_component id="oc-579">
         <name>.text:GPIO_setOutputLowOnPin</name>
         <load_address>0x116fa</load_address>
         <run_address>0x116fa</run_address>
         <size>0x1c</size>
         <input_file_ref idref="fl-1c"/>
      </object_component>
      <object_component id="oc-44c">
         <name>.text:GPIO_toggleOutputOnPin</name>
         <load_address>0x11716</load_address>
         <run_address>0x11716</run_address>
         <size>0x1c</size>
         <input_file_ref idref="fl-1c"/>
      </object_component>
      <object_component id="oc-5f3">
         <name>.text:SHT3X_CalcHumidity</name>
         <load_address>0x11732</load_address>
         <run_address>0x11732</run_address>
         <size>0x1c</size>
         <input_file_ref idref="fl-b"/>
      </object_component>
      <object_component id="oc-758">
         <name>.text:CS_getSMCLK</name>
         <load_address>0x1174e</load_address>
         <run_address>0x1174e</run_address>
         <size>0x1a</size>
         <input_file_ref idref="fl-13"/>
      </object_component>
      <object_component id="oc-4fd">
         <name>.text:delay_s</name>
         <load_address>0x11768</load_address>
         <run_address>0x11768</run_address>
         <size>0x1a</size>
         <input_file_ref idref="fl-3"/>
      </object_component>
      <object_component id="oc-5cf">
         <name>.text:SHT3X_Send_Command</name>
         <load_address>0x11782</load_address>
         <run_address>0x11782</run_address>
         <size>0x18</size>
         <input_file_ref idref="fl-b"/>
      </object_component>
      <object_component id="oc-5de">
         <name>.text:SHT3X_CheckCrc</name>
         <load_address>0x1179a</load_address>
         <run_address>0x1179a</run_address>
         <size>0x16</size>
         <input_file_ref idref="fl-b"/>
      </object_component>
      <object_component id="oc-746">
         <name>.text</name>
         <load_address>0x117b0</load_address>
         <run_address>0x117b0</run_address>
         <size>0x16</size>
         <input_file_ref idref="fl-74"/>
      </object_component>
      <object_component id="oc-662">
         <name>.text:Write_IIC_Command</name>
         <load_address>0x117c6</load_address>
         <run_address>0x117c6</run_address>
         <size>0x14</size>
         <input_file_ref idref="fl-8"/>
      </object_component>
      <object_component id="oc-701">
         <name>.text:Write_IIC_Data</name>
         <load_address>0x117da</load_address>
         <run_address>0x117da</run_address>
         <size>0x14</size>
         <input_file_ref idref="fl-8"/>
      </object_component>
      <object_component id="oc-3c0">
         <name>.text:memcpy</name>
         <load_address>0x117ee</load_address>
         <run_address>0x117ee</run_address>
         <size>0x14</size>
         <input_file_ref idref="fl-8b"/>
      </object_component>
      <object_component id="oc-560">
         <name>.text:CS_setExternalClockSource</name>
         <load_address>0x11802</load_address>
         <run_address>0x11802</run_address>
         <size>0x12</size>
         <input_file_ref idref="fl-13"/>
      </object_component>
      <object_component id="oc-7c">
         <name>.text:decompress:none:__TI_decompress_none</name>
         <load_address>0x11814</load_address>
         <run_address>0x11814</run_address>
         <size>0x12</size>
         <input_file_ref idref="fl-58"/>
      </object_component>
      <object_component id="oc-609">
         <name>.text:OLED_WR_Byte</name>
         <load_address>0x11826</load_address>
         <run_address>0x11826</run_address>
         <size>0x10</size>
         <input_file_ref idref="fl-8"/>
      </object_component>
      <object_component id="oc-5d8">
         <name>.text:i2c_read_address_already</name>
         <load_address>0x11836</load_address>
         <run_address>0x11836</run_address>
         <size>0x10</size>
         <input_file_ref idref="fl-6"/>
      </object_component>
      <object_component id="oc-68a">
         <name>.text:i2c_write_address_already</name>
         <load_address>0x11846</load_address>
         <run_address>0x11846</run_address>
         <size>0x10</size>
         <input_file_ref idref="fl-6"/>
      </object_component>
      <object_component id="oc-585">
         <name>.text:i2c_pin_set</name>
         <load_address>0x11856</load_address>
         <run_address>0x11856</run_address>
         <size>0xe</size>
         <input_file_ref idref="fl-6"/>
      </object_component>
      <object_component id="oc-58b">
         <name>.text:uart_pin_set</name>
         <load_address>0x11864</load_address>
         <run_address>0x11864</run_address>
         <size>0xe</size>
         <input_file_ref idref="fl-d"/>
      </object_component>
      <object_component id="oc-5a2">
         <name>.text:EUSCI_A_UART_clearInterrupt</name>
         <load_address>0x11872</load_address>
         <run_address>0x11872</run_address>
         <size>0xc</size>
         <input_file_ref idref="fl-17"/>
      </object_component>
      <object_component id="oc-776">
         <name>.text:EUSCI_B_I2C_clearInterrupt</name>
         <load_address>0x1187e</load_address>
         <run_address>0x1187e</run_address>
         <size>0xc</size>
         <input_file_ref idref="fl-18"/>
      </object_component>
      <object_component id="oc-77c">
         <name>.text:EUSCI_B_I2C_enableInterrupt</name>
         <load_address>0x1188a</load_address>
         <run_address>0x1188a</run_address>
         <size>0xc</size>
         <input_file_ref idref="fl-18"/>
      </object_component>
      <object_component id="oc-78e">
         <name>.text:EUSCI_B_I2C_masterReceiveStart</name>
         <load_address>0x11896</load_address>
         <run_address>0x11896</run_address>
         <size>0xc</size>
         <input_file_ref idref="fl-18"/>
      </object_component>
      <object_component id="oc-76a">
         <name>.text:EUSCI_B_I2C_setMode</name>
         <load_address>0x118a2</load_address>
         <run_address>0x118a2</run_address>
         <size>0xc</size>
         <input_file_ref idref="fl-18"/>
      </object_component>
      <object_component id="oc-764">
         <name>.text:EUSCI_B_I2C_setSlaveAddress</name>
         <load_address>0x118ae</load_address>
         <run_address>0x118ae</run_address>
         <size>0xc</size>
         <input_file_ref idref="fl-18"/>
      </object_component>
      <object_component id="oc-788">
         <name>.text:EUSCI_B_I2C_masterIsStopSent</name>
         <load_address>0x118ba</load_address>
         <run_address>0x118ba</run_address>
         <size>0x8</size>
         <input_file_ref idref="fl-18"/>
      </object_component>
      <object_component id="oc-46e">
         <name>.text:Timer_B_stop</name>
         <load_address>0x118c2</load_address>
         <run_address>0x118c2</run_address>
         <size>0x8</size>
         <input_file_ref idref="fl-2d"/>
      </object_component>
      <object_component id="oc-59c">
         <name>.text:EUSCI_A_UART_enable</name>
         <load_address>0x118ca</load_address>
         <run_address>0x118ca</run_address>
         <size>0x6</size>
         <input_file_ref idref="fl-17"/>
      </object_component>
      <object_component id="oc-770">
         <name>.text:EUSCI_B_I2C_enable</name>
         <load_address>0x118d0</load_address>
         <run_address>0x118d0</run_address>
         <size>0x6</size>
         <input_file_ref idref="fl-18"/>
      </object_component>
      <object_component id="oc-452">
         <name>.text:EUSCI_B_I2C_masterSendStart</name>
         <load_address>0x118d6</load_address>
         <run_address>0x118d6</run_address>
         <size>0x6</size>
         <input_file_ref idref="fl-18"/>
      </object_component>
      <object_component id="oc-4e5">
         <name>.text:PMM_unlockLPM5</name>
         <load_address>0x118dc</load_address>
         <run_address>0x118dc</run_address>
         <size>0x6</size>
         <input_file_ref idref="fl-22"/>
      </object_component>
      <object_component id="oc-6e6">
         <name>.text:Timer_B_clearTimerInterrupt</name>
         <load_address>0x118e2</load_address>
         <run_address>0x118e2</run_address>
         <size>0x6</size>
         <input_file_ref idref="fl-2d"/>
      </object_component>
      <object_component id="oc-6f5">
         <name>.text:Timer_B_startCounter</name>
         <load_address>0x118e8</load_address>
         <run_address>0x118e8</run_address>
         <size>0x6</size>
         <input_file_ref idref="fl-2d"/>
      </object_component>
      <object_component id="oc-510">
         <name>.text:abort</name>
         <load_address>0x118ee</load_address>
         <run_address>0x118ee</run_address>
         <size>0x6</size>
         <input_file_ref idref="fl-88"/>
      </object_component>
      <object_component id="oc-5c9">
         <name>.text:i2c_addr_set</name>
         <load_address>0x118f4</load_address>
         <run_address>0x118f4</run_address>
         <size>0x6</size>
         <input_file_ref idref="fl-6"/>
      </object_component>
      <object_component id="oc-47d">
         <name>.text:_system_pre_init</name>
         <load_address>0x118fa</load_address>
         <run_address>0x118fa</run_address>
         <size>0x4</size>
         <input_file_ref idref="fl-86"/>
      </object_component>
      <object_component id="oc-623">
         <name>.text:_system_post_cinit</name>
         <load_address>0x118fe</load_address>
         <run_address>0x118fe</run_address>
         <size>0x2</size>
         <input_file_ref idref="fl-85"/>
      </object_component>
      <object_component id="oc-687">
         <name>.common:SLAVE_ADDRESS</name>
         <uninitialized>true</uninitialized>
         <run_address>0x1c71</run_address>
         <size>0x1</size>
      </object_component>
      <object_component id="oc-43c">
         <name>.common:I2C_TX_Data</name>
         <uninitialized>true</uninitialized>
         <run_address>0x1c5c</run_address>
         <size>0x4</size>
      </object_component>
      <object_component id="oc-43b">
         <name>.common:I2C_Data_Position</name>
         <uninitialized>true</uninitialized>
         <run_address>0x1c6e</run_address>
         <size>0x1</size>
      </object_component>
      <object_component id="oc-432">
         <name>.common:I2C_TX_ByteCtr</name>
         <uninitialized>true</uninitialized>
         <run_address>0x1c70</run_address>
         <size>0x1</size>
      </object_component>
      <object_component id="oc-449">
         <name>.common:I2C_RX_Data</name>
         <uninitialized>true</uninitialized>
         <run_address>0x1c58</run_address>
         <size>0x4</size>
      </object_component>
      <object_component id="oc-44b">
         <name>.common:I2C_RX_ByteCtr</name>
         <uninitialized>true</uninitialized>
         <run_address>0x1c6f</run_address>
         <size>0x1</size>
      </object_component>
      <object_component id="oc-689">
         <name>.common:cmd</name>
         <uninitialized>true</uninitialized>
         <run_address>0x1c6c</run_address>
         <size>0x2</size>
      </object_component>
      <object_component id="oc-5d5">
         <name>.common:raw_value</name>
         <uninitialized>true</uninitialized>
         <run_address>0x1c4e</run_address>
         <size>0x6</size>
      </object_component>
      <object_component id="oc-5ea">
         <name>.common:RawTemperature</name>
         <uninitialized>true</uninitialized>
         <run_address>0x1c6a</run_address>
         <size>0x2</size>
      </object_component>
      <object_component id="oc-5f2">
         <name>.common:RawHumidity</name>
         <uninitialized>true</uninitialized>
         <run_address>0x1c68</run_address>
         <size>0x2</size>
      </object_component>
      <object_component id="oc-5f1">
         <name>.common:Temperature</name>
         <uninitialized>true</uninitialized>
         <run_address>0x1c60</run_address>
         <size>0x4</size>
      </object_component>
      <object_component id="oc-5f9">
         <name>.common:Humidity</name>
         <uninitialized>true</uninitialized>
         <run_address>0x1c54</run_address>
         <size>0x4</size>
      </object_component>
      <object_component id="oc-5fa">
         <name>.common:sht3x_param</name>
         <uninitialized>true</uninitialized>
         <run_address>0x1c40</run_address>
         <size>0xe</size>
      </object_component>
      <object_component id="oc-464">
         <name>.common:UART_RX_Data</name>
         <uninitialized>true</uninitialized>
         <run_address>0x1c64</run_address>
         <size>0x4</size>
      </object_component>
      <object_component id="oc-6cc">
         <name>.data:tem_title</name>
         <load_address>0x1c00</load_address>
         <run_address>0x1c00</run_address>
         <size>0x15</size>
         <input_file_ref idref="fl-4"/>
      </object_component>
      <object_component id="oc-6de">
         <name>.data:hum_title</name>
         <load_address>0x1c16</load_address>
         <run_address>0x1c16</run_address>
         <size>0x12</size>
         <input_file_ref idref="fl-4"/>
      </object_component>
      <object_component id="oc-6d5">
         <name>.data:tem_suffix</name>
         <load_address>0x1c36</load_address>
         <run_address>0x1c36</run_address>
         <size>0x5</size>
         <input_file_ref idref="fl-4"/>
      </object_component>
      <object_component id="oc-6e1">
         <name>.data:hum_suffix</name>
         <load_address>0x1c30</load_address>
         <run_address>0x1c30</run_address>
         <size>0x5</size>
         <input_file_ref idref="fl-4"/>
      </object_component>
      <object_component id="oc-44a">
         <name>.data</name>
         <load_address>0x1c15</load_address>
         <run_address>0x1c15</run_address>
         <size>0x1</size>
         <input_file_ref idref="fl-6"/>
      </object_component>
      <object_component id="oc-73a">
         <name>.data:oled_cmd</name>
         <load_address>0x1c3c</load_address>
         <run_address>0x1c3c</run_address>
         <size>0x2</size>
         <input_file_ref idref="fl-8"/>
      </object_component>
      <object_component id="oc-7ae">
         <name>.data:oled_data</name>
         <load_address>0x1c3e</load_address>
         <run_address>0x1c3e</run_address>
         <size>0x2</size>
         <input_file_ref idref="fl-8"/>
      </object_component>
      <object_component id="oc-64a">
         <name>.data</name>
         <load_address>0x1c28</load_address>
         <run_address>0x1c28</run_address>
         <size>0x8</size>
         <input_file_ref idref="fl-13"/>
      </object_component>
      <object_component id="oc-3b1">
         <name>.stack</name>
         <uninitialized>true</uninitialized>
         <run_address>0x2360</run_address>
         <size>0x4</size>
         <input_file_ref idref="fl-81"/>
      </object_component>
      <object_component id="oc-878">
         <name>.stack</name>
         <uninitialized>true</uninitialized>
         <run_address>0x2360</run_address>
         <size>0x0</size>
      </object_component>
      <object_component id="oc-82">
         <name>.int30</name>
         <load_address>0xffcc</load_address>
         <run_address>0xffcc</run_address>
         <size>0x2</size>
         <input_file_ref idref="fl-59"/>
      </object_component>
      <object_component id="oc-83">
         <name>.int31</name>
         <load_address>0xffce</load_address>
         <run_address>0xffce</run_address>
         <size>0x2</size>
         <input_file_ref idref="fl-5b"/>
      </object_component>
      <object_component id="oc-84">
         <name>.int32</name>
         <load_address>0xffd0</load_address>
         <run_address>0xffd0</run_address>
         <size>0x2</size>
         <input_file_ref idref="fl-5c"/>
      </object_component>
      <object_component id="oc-85">
         <name>.int33</name>
         <load_address>0xffd2</load_address>
         <run_address>0xffd2</run_address>
         <size>0x2</size>
         <input_file_ref idref="fl-5d"/>
      </object_component>
      <object_component id="oc-86">
         <name>.int34</name>
         <load_address>0xffd4</load_address>
         <run_address>0xffd4</run_address>
         <size>0x2</size>
         <input_file_ref idref="fl-5e"/>
      </object_component>
      <object_component id="oc-87">
         <name>.int35</name>
         <load_address>0xffd6</load_address>
         <run_address>0xffd6</run_address>
         <size>0x2</size>
         <input_file_ref idref="fl-5f"/>
      </object_component>
      <object_component id="oc-88">
         <name>.int36</name>
         <load_address>0xffd8</load_address>
         <run_address>0xffd8</run_address>
         <size>0x2</size>
         <input_file_ref idref="fl-60"/>
      </object_component>
      <object_component id="oc-89">
         <name>.int37</name>
         <load_address>0xffda</load_address>
         <run_address>0xffda</run_address>
         <size>0x2</size>
         <input_file_ref idref="fl-61"/>
      </object_component>
      <object_component id="oc-8a">
         <name>.int38</name>
         <load_address>0xffdc</load_address>
         <run_address>0xffdc</run_address>
         <size>0x2</size>
         <input_file_ref idref="fl-62"/>
      </object_component>
      <object_component id="oc-8b">
         <name>.int39</name>
         <load_address>0xffde</load_address>
         <run_address>0xffde</run_address>
         <size>0x2</size>
         <input_file_ref idref="fl-63"/>
      </object_component>
      <object_component id="oc-8c">
         <name>.int40</name>
         <load_address>0xffe0</load_address>
         <run_address>0xffe0</run_address>
         <size>0x2</size>
         <input_file_ref idref="fl-64"/>
      </object_component>
      <object_component id="oc-8d">
         <name>.int41</name>
         <load_address>0xffe2</load_address>
         <run_address>0xffe2</run_address>
         <size>0x2</size>
         <input_file_ref idref="fl-65"/>
      </object_component>
      <object_component id="oc-8e">
         <name>.int42</name>
         <load_address>0xffe4</load_address>
         <run_address>0xffe4</run_address>
         <size>0x2</size>
         <input_file_ref idref="fl-66"/>
      </object_component>
      <object_component id="oc-8f">
         <name>.int43</name>
         <load_address>0xffe6</load_address>
         <run_address>0xffe6</run_address>
         <size>0x2</size>
         <input_file_ref idref="fl-67"/>
      </object_component>
      <object_component id="oc-90">
         <name>.int44</name>
         <load_address>0xffe8</load_address>
         <run_address>0xffe8</run_address>
         <size>0x2</size>
         <input_file_ref idref="fl-68"/>
      </object_component>
      <object_component id="oc-91">
         <name>.int45</name>
         <load_address>0xffea</load_address>
         <run_address>0xffea</run_address>
         <size>0x2</size>
         <input_file_ref idref="fl-69"/>
      </object_component>
      <object_component id="oc-92">
         <name>.int46</name>
         <load_address>0xffec</load_address>
         <run_address>0xffec</run_address>
         <size>0x2</size>
         <input_file_ref idref="fl-6a"/>
      </object_component>
      <object_component id="oc-93">
         <name>.int47</name>
         <load_address>0xffee</load_address>
         <run_address>0xffee</run_address>
         <size>0x2</size>
         <input_file_ref idref="fl-6"/>
      </object_component>
      <object_component id="oc-94">
         <name>.int48</name>
         <load_address>0xfff0</load_address>
         <run_address>0xfff0</run_address>
         <size>0x2</size>
         <input_file_ref idref="fl-d"/>
      </object_component>
      <object_component id="oc-95">
         <name>.int49</name>
         <load_address>0xfff2</load_address>
         <run_address>0xfff2</run_address>
         <size>0x2</size>
         <input_file_ref idref="fl-6b"/>
      </object_component>
      <object_component id="oc-96">
         <name>.int50</name>
         <load_address>0xfff4</load_address>
         <run_address>0xfff4</run_address>
         <size>0x2</size>
         <input_file_ref idref="fl-6c"/>
      </object_component>
      <object_component id="oc-97">
         <name>.int51</name>
         <load_address>0xfff6</load_address>
         <run_address>0xfff6</run_address>
         <size>0x2</size>
         <input_file_ref idref="fl-3"/>
      </object_component>
      <object_component id="oc-98">
         <name>.int52</name>
         <load_address>0xfff8</load_address>
         <run_address>0xfff8</run_address>
         <size>0x2</size>
         <input_file_ref idref="fl-6d"/>
      </object_component>
      <object_component id="oc-99">
         <name>.int53</name>
         <load_address>0xfffa</load_address>
         <run_address>0xfffa</run_address>
         <size>0x2</size>
         <input_file_ref idref="fl-6e"/>
      </object_component>
      <object_component id="oc-9a">
         <name>.int54</name>
         <load_address>0xfffc</load_address>
         <run_address>0xfffc</run_address>
         <size>0x2</size>
         <input_file_ref idref="fl-6f"/>
      </object_component>
      <object_component id="oc-3b4">
         <name>.reset</name>
         <load_address>0xfffe</load_address>
         <run_address>0xfffe</run_address>
         <size>0x2</size>
         <input_file_ref idref="fl-81"/>
      </object_component>
      <object_component id="oc-54f">
         <name>.debug_info</name>
         <load_address>0x0</load_address>
         <run_address>0x0</run_address>
         <size>0x294</size>
         <input_file_ref idref="fl-2"/>
      </object_component>
      <object_component id="oc-4da">
         <name>.debug_info</name>
         <load_address>0x294</load_address>
         <run_address>0x294</run_address>
         <size>0x1b7</size>
         <input_file_ref idref="fl-2"/>
      </object_component>
      <object_component id="oc-4b4">
         <name>.debug_info</name>
         <load_address>0x44b</load_address>
         <run_address>0x44b</run_address>
         <size>0x26b</size>
         <input_file_ref idref="fl-2"/>
      </object_component>
      <object_component id="oc-4c9">
         <name>.debug_info</name>
         <load_address>0x6b6</load_address>
         <run_address>0x6b6</run_address>
         <size>0xee</size>
         <input_file_ref idref="fl-2"/>
      </object_component>
      <object_component id="oc-4af">
         <name>.debug_info</name>
         <load_address>0x7a4</load_address>
         <run_address>0x7a4</run_address>
         <size>0xf5</size>
         <input_file_ref idref="fl-2"/>
      </object_component>
      <object_component id="oc-6fc">
         <name>.debug_info</name>
         <load_address>0x899</load_address>
         <run_address>0x899</run_address>
         <size>0x392</size>
         <input_file_ref idref="fl-2"/>
      </object_component>
      <object_component id="oc-4aa">
         <name>.debug_info</name>
         <load_address>0xc2b</load_address>
         <run_address>0xc2b</run_address>
         <size>0x8b</size>
         <input_file_ref idref="fl-2"/>
      </object_component>
      <object_component id="oc-4c1">
         <name>.debug_info</name>
         <load_address>0xcb6</load_address>
         <run_address>0xcb6</run_address>
         <size>0x275</size>
         <input_file_ref idref="fl-2"/>
      </object_component>
      <object_component id="oc-459">
         <name>.debug_info</name>
         <load_address>0xf2b</load_address>
         <run_address>0xf2b</run_address>
         <size>0xbb</size>
         <input_file_ref idref="fl-2"/>
      </object_component>
      <object_component id="oc-7aa">
         <name>.debug_info</name>
         <load_address>0xfe6</load_address>
         <run_address>0xfe6</run_address>
         <size>0x2b9</size>
         <input_file_ref idref="fl-3"/>
      </object_component>
      <object_component id="oc-7e4">
         <name>.debug_info</name>
         <load_address>0x129f</load_address>
         <run_address>0x129f</run_address>
         <size>0xd1</size>
         <input_file_ref idref="fl-3"/>
      </object_component>
      <object_component id="oc-6ed">
         <name>.debug_info</name>
         <load_address>0x1370</load_address>
         <run_address>0x1370</run_address>
         <size>0xd1</size>
         <input_file_ref idref="fl-3"/>
      </object_component>
      <object_component id="oc-783">
         <name>.debug_info</name>
         <load_address>0x1441</load_address>
         <run_address>0x1441</run_address>
         <size>0x199</size>
         <input_file_ref idref="fl-3"/>
      </object_component>
      <object_component id="oc-603">
         <name>.debug_info</name>
         <load_address>0x15da</load_address>
         <run_address>0x15da</run_address>
         <size>0x19e</size>
         <input_file_ref idref="fl-3"/>
      </object_component>
      <object_component id="oc-4fe">
         <name>.debug_info</name>
         <load_address>0x1778</load_address>
         <run_address>0x1778</run_address>
         <size>0x13d</size>
         <input_file_ref idref="fl-3"/>
      </object_component>
      <object_component id="oc-5b6">
         <name>.debug_info</name>
         <load_address>0x18b5</load_address>
         <run_address>0x18b5</run_address>
         <size>0x1a6</size>
         <input_file_ref idref="fl-3"/>
      </object_component>
      <object_component id="oc-3df">
         <name>.debug_info</name>
         <load_address>0x1a5b</load_address>
         <run_address>0x1a5b</run_address>
         <size>0x11a</size>
         <input_file_ref idref="fl-3"/>
      </object_component>
      <object_component id="oc-6e5">
         <name>.debug_info</name>
         <load_address>0x1b75</load_address>
         <run_address>0x1b75</run_address>
         <size>0x20f</size>
         <input_file_ref idref="fl-4"/>
      </object_component>
      <object_component id="oc-6cd">
         <name>.debug_info</name>
         <load_address>0x1d84</load_address>
         <run_address>0x1d84</run_address>
         <size>0xe6</size>
         <input_file_ref idref="fl-4"/>
      </object_component>
      <object_component id="oc-6df">
         <name>.debug_info</name>
         <load_address>0x1e6a</load_address>
         <run_address>0x1e6a</run_address>
         <size>0xe6</size>
         <input_file_ref idref="fl-4"/>
      </object_component>
      <object_component id="oc-6d6">
         <name>.debug_info</name>
         <load_address>0x1f50</load_address>
         <run_address>0x1f50</run_address>
         <size>0xe8</size>
         <input_file_ref idref="fl-4"/>
      </object_component>
      <object_component id="oc-6e2">
         <name>.debug_info</name>
         <load_address>0x2038</load_address>
         <run_address>0x2038</run_address>
         <size>0xe8</size>
         <input_file_ref idref="fl-4"/>
      </object_component>
      <object_component id="oc-5fc">
         <name>.debug_info</name>
         <load_address>0x2120</load_address>
         <run_address>0x2120</run_address>
         <size>0x417</size>
         <input_file_ref idref="fl-4"/>
      </object_component>
      <object_component id="oc-691">
         <name>.debug_info</name>
         <load_address>0x2537</load_address>
         <run_address>0x2537</run_address>
         <size>0x1ba</size>
         <input_file_ref idref="fl-4"/>
      </object_component>
      <object_component id="oc-6ab">
         <name>.debug_info</name>
         <load_address>0x26f1</load_address>
         <run_address>0x26f1</run_address>
         <size>0x63</size>
         <input_file_ref idref="fl-4"/>
      </object_component>
      <object_component id="oc-698">
         <name>.debug_info</name>
         <load_address>0x2754</load_address>
         <run_address>0x2754</run_address>
         <size>0x401</size>
         <input_file_ref idref="fl-4"/>
      </object_component>
      <object_component id="oc-4e0">
         <name>.debug_info</name>
         <load_address>0x2b55</load_address>
         <run_address>0x2b55</run_address>
         <size>0x21e</size>
         <input_file_ref idref="fl-5"/>
      </object_component>
      <object_component id="oc-484">
         <name>.debug_info</name>
         <load_address>0x2d73</load_address>
         <run_address>0x2d73</run_address>
         <size>0x213</size>
         <input_file_ref idref="fl-5"/>
      </object_component>
      <object_component id="oc-433">
         <name>.debug_info</name>
         <load_address>0x2f86</load_address>
         <run_address>0x2f86</run_address>
         <size>0x80e</size>
         <input_file_ref idref="fl-6"/>
      </object_component>
      <object_component id="oc-7c2">
         <name>.debug_info</name>
         <load_address>0x3794</load_address>
         <run_address>0x3794</run_address>
         <size>0xcf</size>
         <input_file_ref idref="fl-6"/>
      </object_component>
      <object_component id="oc-756">
         <name>.debug_info</name>
         <load_address>0x3863</load_address>
         <run_address>0x3863</run_address>
         <size>0xcf</size>
         <input_file_ref idref="fl-6"/>
      </object_component>
      <object_component id="oc-73e">
         <name>.debug_info</name>
         <load_address>0x3932</load_address>
         <run_address>0x3932</run_address>
         <size>0x289</size>
         <input_file_ref idref="fl-6"/>
      </object_component>
      <object_component id="oc-68b">
         <name>.debug_info</name>
         <load_address>0x3bbb</load_address>
         <run_address>0x3bbb</run_address>
         <size>0x170</size>
         <input_file_ref idref="fl-6"/>
      </object_component>
      <object_component id="oc-69e">
         <name>.debug_info</name>
         <load_address>0x3d2b</load_address>
         <run_address>0x3d2b</run_address>
         <size>0x2a5</size>
         <input_file_ref idref="fl-6"/>
      </object_component>
      <object_component id="oc-5da">
         <name>.debug_info</name>
         <load_address>0x3fd0</load_address>
         <run_address>0x3fd0</run_address>
         <size>0x16d</size>
         <input_file_ref idref="fl-6"/>
      </object_component>
      <object_component id="oc-586">
         <name>.debug_info</name>
         <load_address>0x413d</load_address>
         <run_address>0x413d</run_address>
         <size>0x131</size>
         <input_file_ref idref="fl-6"/>
      </object_component>
      <object_component id="oc-5cb">
         <name>.debug_info</name>
         <load_address>0x426e</load_address>
         <run_address>0x426e</run_address>
         <size>0x124</size>
         <input_file_ref idref="fl-6"/>
      </object_component>
      <object_component id="oc-3d4">
         <name>.debug_info</name>
         <load_address>0x4392</load_address>
         <run_address>0x4392</run_address>
         <size>0x1d1</size>
         <input_file_ref idref="fl-6"/>
      </object_component>
      <object_component id="oc-686">
         <name>.debug_info</name>
         <load_address>0x4563</load_address>
         <run_address>0x4563</run_address>
         <size>0x2c8</size>
         <input_file_ref idref="fl-8"/>
      </object_component>
      <object_component id="oc-74f">
         <name>.debug_info</name>
         <load_address>0x482b</load_address>
         <run_address>0x482b</run_address>
         <size>0xcd</size>
         <input_file_ref idref="fl-8"/>
      </object_component>
      <object_component id="oc-67c">
         <name>.debug_info</name>
         <load_address>0x48f8</load_address>
         <run_address>0x48f8</run_address>
         <size>0xc9</size>
         <input_file_ref idref="fl-8"/>
      </object_component>
      <object_component id="oc-73b">
         <name>.debug_info</name>
         <load_address>0x49c1</load_address>
         <run_address>0x49c1</run_address>
         <size>0xd3</size>
         <input_file_ref idref="fl-8"/>
      </object_component>
      <object_component id="oc-7af">
         <name>.debug_info</name>
         <load_address>0x4a94</load_address>
         <run_address>0x4a94</run_address>
         <size>0xd5</size>
         <input_file_ref idref="fl-8"/>
      </object_component>
      <object_component id="oc-702">
         <name>.debug_info</name>
         <load_address>0x4b69</load_address>
         <run_address>0x4b69</run_address>
         <size>0x14b</size>
         <input_file_ref idref="fl-8"/>
      </object_component>
      <object_component id="oc-663">
         <name>.debug_info</name>
         <load_address>0x4cb4</load_address>
         <run_address>0x4cb4</run_address>
         <size>0x15d</size>
         <input_file_ref idref="fl-8"/>
      </object_component>
      <object_component id="oc-65d">
         <name>.debug_info</name>
         <load_address>0x4e11</load_address>
         <run_address>0x4e11</run_address>
         <size>0x178</size>
         <input_file_ref idref="fl-8"/>
      </object_component>
      <object_component id="oc-60a">
         <name>.debug_info</name>
         <load_address>0x4f89</load_address>
         <run_address>0x4f89</run_address>
         <size>0x161</size>
         <input_file_ref idref="fl-8"/>
      </object_component>
      <object_component id="oc-66f">
         <name>.debug_info</name>
         <load_address>0x50ea</load_address>
         <run_address>0x50ea</run_address>
         <size>0x16a</size>
         <input_file_ref idref="fl-8"/>
      </object_component>
      <object_component id="oc-680">
         <name>.debug_info</name>
         <load_address>0x5254</load_address>
         <run_address>0x5254</run_address>
         <size>0x1a4</size>
         <input_file_ref idref="fl-8"/>
      </object_component>
      <object_component id="oc-6d9">
         <name>.debug_info</name>
         <load_address>0x53f8</load_address>
         <run_address>0x53f8</run_address>
         <size>0x19a</size>
         <input_file_ref idref="fl-8"/>
      </object_component>
      <object_component id="oc-5c3">
         <name>.debug_info</name>
         <load_address>0x5592</load_address>
         <run_address>0x5592</run_address>
         <size>0x174</size>
         <input_file_ref idref="fl-8"/>
      </object_component>
      <object_component id="oc-5bc">
         <name>.debug_info</name>
         <load_address>0x5706</load_address>
         <run_address>0x5706</run_address>
         <size>0x1aa</size>
         <input_file_ref idref="fl-8"/>
      </object_component>
      <object_component id="oc-669">
         <name>.debug_info</name>
         <load_address>0x58b0</load_address>
         <run_address>0x58b0</run_address>
         <size>0x163</size>
         <input_file_ref idref="fl-8"/>
      </object_component>
      <object_component id="oc-5b0">
         <name>.debug_info</name>
         <load_address>0x5a13</load_address>
         <run_address>0x5a13</run_address>
         <size>0x3ea</size>
         <input_file_ref idref="fl-8"/>
      </object_component>
      <object_component id="oc-50a">
         <name>.debug_info</name>
         <load_address>0x5dfd</load_address>
         <run_address>0x5dfd</run_address>
         <size>0x144</size>
         <input_file_ref idref="fl-8"/>
      </object_component>
      <object_component id="oc-504">
         <name>.debug_info</name>
         <load_address>0x5f41</load_address>
         <run_address>0x5f41</run_address>
         <size>0x146</size>
         <input_file_ref idref="fl-8"/>
      </object_component>
      <object_component id="oc-4f5">
         <name>.debug_info</name>
         <load_address>0x6087</load_address>
         <run_address>0x6087</run_address>
         <size>0x22b</size>
         <input_file_ref idref="fl-9"/>
      </object_component>
      <object_component id="oc-3bb">
         <name>.debug_info</name>
         <load_address>0x62b2</load_address>
         <run_address>0x62b2</run_address>
         <size>0x84</size>
         <input_file_ref idref="fl-9"/>
      </object_component>
      <object_component id="oc-5d6">
         <name>.debug_info</name>
         <load_address>0x6336</load_address>
         <run_address>0x6336</run_address>
         <size>0x405</size>
         <input_file_ref idref="fl-b"/>
      </object_component>
      <object_component id="oc-5d0">
         <name>.debug_info</name>
         <load_address>0x673b</load_address>
         <run_address>0x673b</run_address>
         <size>0x168</size>
         <input_file_ref idref="fl-b"/>
      </object_component>
      <object_component id="oc-6a5">
         <name>.debug_info</name>
         <load_address>0x68a3</load_address>
         <run_address>0x68a3</run_address>
         <size>0x1a1</size>
         <input_file_ref idref="fl-b"/>
      </object_component>
      <object_component id="oc-5df">
         <name>.debug_info</name>
         <load_address>0x6a44</load_address>
         <run_address>0x6a44</run_address>
         <size>0x195</size>
         <input_file_ref idref="fl-b"/>
      </object_component>
      <object_component id="oc-5e5">
         <name>.debug_info</name>
         <load_address>0x6bd9</load_address>
         <run_address>0x6bd9</run_address>
         <size>0x131</size>
         <input_file_ref idref="fl-b"/>
      </object_component>
      <object_component id="oc-5ec">
         <name>.debug_info</name>
         <load_address>0x6d0a</load_address>
         <run_address>0x6d0a</run_address>
         <size>0x18a</size>
         <input_file_ref idref="fl-b"/>
      </object_component>
[...]
         <value>0x118f4</value>
         <object_component_ref idref="oc-5c9"/>
      </symbol>
      <symbol id="sm-488">
         <name>__TI_int47</name>
         <value>0xffee</value>
         <object_component_ref idref="oc-93"/>
      </symbol>
      <symbol id="sm-489">
         <name>i2c_read_address_already</name>
         <value>0x11836</value>
         <object_component_ref idref="oc-5d8"/>
      </symbol>
      <symbol id="sm-48a">
         <name>i2c_read</name>
         <value>0x1098e</value>
         <object_component_ref idref="oc-69d"/>
      </symbol>
      <symbol id="sm-48b">
         <name>USCIB0_ISR</name>
         <value>0x4400</value>
         <object_component_ref idref="oc-3d2"/>
      </symbol>
      <symbol id="sm-48c">
         <name>i2c_write_address_already</name>
         <value>0x11846</value>
         <object_component_ref idref="oc-68a"/>
      </symbol>
      <symbol id="sm-48d">
         <name>i2c_write</name>
         <value>0x10742</value>
         <object_component_ref idref="oc-73d"/>
      </symbol>
      <symbol id="sm-48e">
         <name>i2c_pin_set</name>
         <value>0x11856</value>
         <object_component_ref idref="oc-585"/>
      </symbol>
      <symbol id="sm-518">
         <name>Write_IIC_Data</name>
         <value>0x117da</value>
         <object_component_ref idref="oc-701"/>
      </symbol>
      <symbol id="sm-519">
         <name>Write_IIC_Command</name>
         <value>0x117c6</value>
         <object_component_ref idref="oc-662"/>
      </symbol>
      <symbol id="sm-51a">
         <name>oled_data</name>
         <value>0x1c3e</value>
         <object_component_ref idref="oc-7ae"/>
      </symbol>
      <symbol id="sm-51b">
         <name>OLED_WR_Byte</name>
         <value>0x11826</value>
         <object_component_ref idref="oc-609"/>
      </symbol>
      <symbol id="sm-51c">
         <name>Hzk</name>
         <value>0x4af8</value>
         <object_component_ref idref="oc-67b"/>
      </symbol>
      <symbol id="sm-51d">
         <name>OLED_Init</name>
         <value>0x1056c</value>
         <object_component_ref idref="oc-5af"/>
      </symbol>
      <symbol id="sm-51e">
         <name>F8X16</name>
         <value>0x4508</value>
         <object_component_ref idref="oc-74e"/>
      </symbol>
      <symbol id="sm-51f">
         <name>OLED_ShowString</name>
         <value>0x113b4</value>
         <object_component_ref idref="oc-5c2"/>
      </symbol>
      <symbol id="sm-520">
         <name>OLED_ShowChar</name>
         <value>0x10e48</value>
         <object_component_ref idref="oc-67f"/>
      </symbol>
      <symbol id="sm-521">
         <name>oled_cmd</name>
         <value>0x1c3c</value>
         <object_component_ref idref="oc-73a"/>
      </symbol>
      <symbol id="sm-522">
         <name>OLED_Clear</name>
         <value>0x111f8</value>
         <object_component_ref idref="oc-668"/>
      </symbol>
      <symbol id="sm-523">
         <name>OLED_ShowString_N</name>
         <value>0x1137c</value>
         <object_component_ref idref="oc-6d8"/>
      </symbol>
      <symbol id="sm-524">
         <name>OLED_ShowCHinese</name>
         <value>0x10c78</value>
         <object_component_ref idref="oc-5bb"/>
      </symbol>
      <symbol id="sm-525">
         <name>OLED_Display_Off</name>
         <value>0x11662</value>
         <object_component_ref idref="oc-503"/>
      </symbol>
      <symbol id="sm-526">
         <name>OLED_reset</name>
         <value>0x1144e</value>
         <object_component_ref idref="oc-65c"/>
      </symbol>
      <symbol id="sm-527">
         <name>OLED_Display_On</name>
         <value>0x11682</value>
         <object_component_ref idref="oc-509"/>
      </symbol>
      <symbol id="sm-528">
         <name>OLED_Set_Pos</name>
         <value>0x1141e</value>
         <object_component_ref idref="oc-66e"/>
      </symbol>
      <symbol id="sm-538">
         <name>oled_display_memu</name>
         <value>0x10ada</value>
         <object_component_ref idref="oc-4f1"/>
      </symbol>
      <symbol id="sm-57f">
         <name>cmd</name>
         <value>0x1c6c</value>
      </symbol>
      <symbol id="sm-580">
         <name>raw_value</name>
         <value>0x1c4e</value>
      </symbol>
      <symbol id="sm-581">
         <name>RawTemperature</name>
         <value>0x1c6a</value>
      </symbol>
      <symbol id="sm-582">
         <name>RawHumidity</name>
         <value>0x1c68</value>
      </symbol>
      <symbol id="sm-583">
         <name>Temperature</name>
         <value>0x1c60</value>
      </symbol>
      <symbol id="sm-584">
         <name>Humidity</name>
         <value>0x1c54</value>
      </symbol>
      <symbol id="sm-585">
         <name>sht3x_param</name>
         <value>0x1c40</value>
      </symbol>
      <symbol id="sm-586">
         <name>sht31_test</name>
         <value>0x10810</value>
         <object_component_ref idref="oc-4f7"/>
      </symbol>
      <symbol id="sm-587">
         <name>data_synthesis</name>
         <value>0x1152c</value>
         <object_component_ref idref="oc-5e4"/>
      </symbol>
      <symbol id="sm-5b5">
         <name>UART_RX_Data</name>
         <value>0x1c64</value>
      </symbol>
      <symbol id="sm-5b6">
         <name>uart_pin_set</name>
         <value>0x11864</value>
         <object_component_ref idref="oc-58b"/>
      </symbol>
      <symbol id="sm-5b7">
         <name>__TI_int48</name>
         <value>0xfff0</value>
         <object_component_ref idref="oc-94"/>
      </symbol>
      <symbol id="sm-5b8">
         <name>USCI_A0_ISR</name>
         <value>0x44a2</value>
         <object_component_ref idref="oc-3d8"/>
      </symbol>
      <symbol id="sm-5b9">
         <name>uart_init</name>
         <value>0x10dd6</value>
         <object_component_ref idref="oc-4eb"/>
      </symbol>
      <symbol id="sm-5ba">
         <name>uart_multibyte_send</name>
         <value>0x11598</value>
         <object_component_ref idref="oc-6cf"/>
      </symbol>
      <symbol id="sm-637">
         <name>CS_turnOnLFXT</name>
         <value>0x11342</value>
         <object_component_ref idref="oc-56c"/>
      </symbol>
      <symbol id="sm-638">
         <name>CS_setDCOFreq</name>
         <value>0x102fa</value>
         <object_component_ref idref="oc-55a"/>
      </symbol>
      <symbol id="sm-639">
         <name>CS_setExternalClockSource</name>
         <value>0x11802</value>
         <object_component_ref idref="oc-560"/>
      </symbol>
      <symbol id="sm-63a">
         <name>CS_getSMCLK</name>
         <value>0x1174e</value>
         <object_component_ref idref="oc-758"/>
      </symbol>
      <symbol id="sm-63b">
         <name>CS_initClockSignal</name>
         <value>0x10eb6</value>
         <object_component_ref idref="oc-566"/>
      </symbol>
      <symbol id="sm-674">
         <name>EUSCI_A_UART_enableInterrupt</name>
         <value>0x115bc</value>
         <object_component_ref idref="oc-5a8"/>
      </symbol>
      <symbol id="sm-675">
         <name>EUSCI_A_UART_init</name>
         <value>0x10a40</value>
         <object_component_ref idref="oc-596"/>
      </symbol>
      <symbol id="sm-676">
         <name>EUSCI_A_UART_enable</name>
         <value>0x118ca</value>
         <object_component_ref idref="oc-59c"/>
      </symbol>
      <symbol id="sm-677">
         <name>EUSCI_A_UART_receiveData</name>
         <value>0x11622</value>
         <object_component_ref idref="oc-45e"/>
      </symbol>
      <symbol id="sm-678">
         <name>EUSCI_A_UART_clearInterrupt</name>
         <value>0x11872</value>
         <object_component_ref idref="oc-5a2"/>
      </symbol>
      <symbol id="sm-679">
         <name>EUSCI_A_UART_transmitData</name>
         <value>0x115de</value>
         <object_component_ref idref="oc-467"/>
      </symbol>
      <symbol id="sm-6e0">
         <name>EUSCI_B_I2C_initMaster</name>
         <value>0x11054</value>
         <object_component_ref idref="oc-75e"/>
      </symbol>
      <symbol id="sm-6e1">
         <name>EUSCI_B_I2C_clearInterrupt</name>
         <value>0x1187e</value>
         <object_component_ref idref="oc-776"/>
      </symbol>
      <symbol id="sm-6e2">
         <name>EUSCI_B_I2C_setSlaveAddress</name>
         <value>0x118ae</value>
         <object_component_ref idref="oc-764"/>
      </symbol>
      <symbol id="sm-6e3">
         <name>EUSCI_B_I2C_setMode</name>
         <value>0x118a2</value>
         <object_component_ref idref="oc-76a"/>
      </symbol>
      <symbol id="sm-6e4">
         <name>EUSCI_B_I2C_masterSendMultiByteStop</name>
         <value>0x116c2</value>
         <object_component_ref idref="oc-435"/>
      </symbol>
      <symbol id="sm-6e5">
         <name>EUSCI_B_I2C_masterSendMultiByteNext</name>
         <value>0x11600</value>
         <object_component_ref idref="oc-43d"/>
      </symbol>
      <symbol id="sm-6e6">
         <name>EUSCI_B_I2C_masterSendStart</name>
         <value>0x118d6</value>
         <object_component_ref idref="oc-452"/>
      </symbol>
      <symbol id="sm-6e7">
         <name>EUSCI_B_I2C_masterIsStopSent</name>
         <value>0x118ba</value>
         <object_component_ref idref="oc-788"/>
      </symbol>
      <symbol id="sm-6e8">
         <name>EUSCI_B_I2C_masterReceiveStart</name>
         <value>0x11896</value>
         <object_component_ref idref="oc-78e"/>
      </symbol>
      <symbol id="sm-6e9">
         <name>EUSCI_B_I2C_masterReceiveSingle</name>
         <value>0x11642</value>
         <object_component_ref idref="oc-443"/>
      </symbol>
      <symbol id="sm-6ea">
         <name>EUSCI_B_I2C_enableInterrupt</name>
         <value>0x1188a</value>
         <object_component_ref idref="oc-77c"/>
      </symbol>
      <symbol id="sm-6eb">
         <name>EUSCI_B_I2C_enable</name>
         <value>0x118d0</value>
         <object_component_ref idref="oc-770"/>
      </symbol>
      <symbol id="sm-6ec">
         <name>EUSCI_B_I2C_masterSendMultiByteStart</name>
         <value>0x11282</value>
         <object_component_ref idref="oc-7c4"/>
      </symbol>
      <symbol id="sm-725">
         <name>GPIO_setOutputHighOnPin</name>
         <value>0x116de</value>
         <object_component_ref idref="oc-57f"/>
      </symbol>
      <symbol id="sm-726">
         <name>GPIO_setAsOutputPin</name>
         <value>0x113ea</value>
         <object_component_ref idref="oc-573"/>
      </symbol>
      <symbol id="sm-727">
         <name>GPIO_setOutputLowOnPin</name>
         <value>0x116fa</value>
         <object_component_ref idref="oc-579"/>
      </symbol>
      <symbol id="sm-728">
         <name>GPIO_toggleOutputOnPin</name>
         <value>0x11716</value>
         <object_component_ref idref="oc-44c"/>
      </symbol>
      <symbol id="sm-729">
         <name>GPIO_setAsPeripheralModuleFunctionInputPin</name>
         <value>0x10d64</value>
         <object_component_ref idref="oc-554"/>
      </symbol>
      <symbol id="sm-737">
         <name>PMM_unlockLPM5</name>
         <value>0x118dc</value>
         <object_component_ref idref="oc-4e5"/>
      </symbol>
      <symbol id="sm-765">
         <name>Timer_B_stop</name>
         <value>0x118c2</value>
         <object_component_ref idref="oc-46e"/>
      </symbol>
      <symbol id="sm-766">
         <name>Timer_B_clearTimerInterrupt</name>
         <value>0x118e2</value>
         <object_component_ref idref="oc-6e6"/>
      </symbol>
      <symbol id="sm-767">
         <name>Timer_B_startCounter</name>
         <value>0x118e8</value>
         <object_component_ref idref="oc-6f5"/>
      </symbol>
      <symbol id="sm-768">
         <name>Timer_B_initUpMode</name>
         <value>0x10bfc</value>
         <object_component_ref idref="oc-6ef"/>
      </symbol>
      <symbol id="sm-773">
         <name>WDT_A_hold</name>
         <value>0x116a2</value>
         <object_component_ref idref="oc-4d3"/>
      </symbol>
      <symbol id="sm-796">
         <name>__TI_decompress_lzss</name>
         <value>0x10cee</value>
         <object_component_ref idref="oc-76"/>
      </symbol>
      <symbol id="sm-7a7">
         <name>__TI_decompress_none</name>
         <value>0x11814</value>
         <object_component_ref idref="oc-7c"/>
      </symbol>
      <symbol id="sm-7aa">
         <name>__TI_int30</name>
         <value>0xffcc</value>
         <object_component_ref idref="oc-82"/>
      </symbol>
      <symbol id="sm-7b2">
         <name>__TI_ISR_TRAP</name>
         <value>0x4500</value>
         <object_component_ref idref="oc-3cd"/>
      </symbol>
      <symbol id="sm-7b5">
         <name>__TI_int31</name>
         <value>0xffce</value>
         <object_component_ref idref="oc-83"/>
      </symbol>
      <symbol id="sm-7b8">
         <name>__TI_int32</name>
         <value>0xffd0</value>
         <object_component_ref idref="oc-84"/>
      </symbol>
      <symbol id="sm-7bb">
         <name>__TI_int33</name>
         <value>0xffd2</value>
         <object_component_ref idref="oc-85"/>
      </symbol>
      <symbol id="sm-7be">
         <name>__TI_int34</name>
         <value>0xffd4</value>
         <object_component_ref idref="oc-86"/>
      </symbol>
      <symbol id="sm-7c1">
         <name>__TI_int35</name>
         <value>0xffd6</value>
         <object_component_ref idref="oc-87"/>
      </symbol>
      <symbol id="sm-7c4">
         <name>__TI_int36</name>
         <value>0xffd8</value>
         <object_component_ref idref="oc-88"/>
      </symbol>
      <symbol id="sm-7c7">
         <name>__TI_int37</name>
         <value>0xffda</value>
         <object_component_ref idref="oc-89"/>
      </symbol>
      <symbol id="sm-7ca">
         <name>__TI_int38</name>
         <value>0xffdc</value>
         <object_component_ref idref="oc-8a"/>
      </symbol>
      <symbol id="sm-7cd">
         <name>__TI_int39</name>
         <value>0xffde</value>
         <object_component_ref idref="oc-8b"/>
      </symbol>
      <symbol id="sm-7d0">
         <name>__TI_int40</name>
         <value>0xffe0</value>
         <object_component_ref idref="oc-8c"/>
      </symbol>
      <symbol id="sm-7d3">
         <name>__TI_int41</name>
         <value>0xffe2</value>
         <object_component_ref idref="oc-8d"/>
      </symbol>
      <symbol id="sm-7d6">
         <name>__TI_int42</name>
         <value>0xffe4</value>
         <object_component_ref idref="oc-8e"/>
      </symbol>
      <symbol id="sm-7d9">
         <name>__TI_int43</name>
         <value>0xffe6</value>
         <object_component_ref idref="oc-8f"/>
      </symbol>
      <symbol id="sm-7dc">
         <name>__TI_int44</name>
         <value>0xffe8</value>
         <object_component_ref idref="oc-90"/>
      </symbol>
      <symbol id="sm-7df">
         <name>__TI_int45</name>
         <value>0xffea</value>
         <object_component_ref idref="oc-91"/>
      </symbol>
      <symbol id="sm-7e2">
         <name>__TI_int46</name>
         <value>0xffec</value>
         <object_component_ref idref="oc-92"/>
      </symbol>
      <symbol id="sm-7e5">
         <name>__TI_int49</name>
         <value>0xfff2</value>
         <object_component_ref idref="oc-95"/>
      </symbol>
      <symbol id="sm-7e8">
         <name>__TI_int50</name>
         <value>0xfff4</value>
         <object_component_ref idref="oc-96"/>
      </symbol>
      <symbol id="sm-7eb">
         <name>__TI_int52</name>
         <value>0xfff8</value>
         <object_component_ref idref="oc-98"/>
      </symbol>
      <symbol id="sm-7ee">
         <name>__TI_int53</name>
         <value>0xfffa</value>
         <object_component_ref idref="oc-99"/>
      </symbol>
      <symbol id="sm-7f1">
         <name>__TI_int54</name>
         <value>0xfffc</value>
         <object_component_ref idref="oc-9a"/>
      </symbol>
      <symbol id="sm-804">
         <name>__TI_zero_init_nomemset</name>
         <value>0x11550</value>
         <object_component_ref idref="oc-3e4"/>
      </symbol>
      <symbol id="sm-816">
         <name>__mspabi_divf</name>
         <value>0x10b6c</value>
         <object_component_ref idref="oc-6bb"/>
      </symbol>
      <symbol id="sm-822">
         <name>__mspabi_remi</name>
         <value>0x114da</value>
         <object_component_ref idref="oc-675"/>
      </symbol>
      <symbol id="sm-823">
         <name>__mspabi_divi</name>
         <value>0x114da</value>
         <object_component_ref idref="oc-675"/>
      </symbol>
      <symbol id="sm-82f">
         <name>__mspabi_remli</name>
         <value>0x11302</value>
         <object_component_ref idref="oc-7f2"/>
      </symbol>
      <symbol id="sm-830">
         <name>__mspabi_divli</name>
         <value>0x11302</value>
         <object_component_ref idref="oc-7f2"/>
      </symbol>
      <symbol id="sm-83a">
         <name>__mspabi_remu</name>
         <value>0x117b0</value>
         <object_component_ref idref="oc-746"/>
      </symbol>
      <symbol id="sm-83b">
         <name>__mspabi_divu</name>
         <value>0x117b0</value>
         <object_component_ref idref="oc-746"/>
      </symbol>
      <symbol id="sm-849">
         <name>__mspabi_remul</name>
         <value>0x110b4</value>
         <object_component_ref idref="oc-7d7"/>
      </symbol>
      <symbol id="sm-84a">
         <name>__mspabi_divul</name>
         <value>0x110b4</value>
         <object_component_ref idref="oc-7d7"/>
      </symbol>
      <symbol id="sm-85c">
         <name>__mspabi_fixfi</name>
         <value>0x10f88</value>
         <object_component_ref idref="oc-6c7"/>
      </symbol>
      <symbol id="sm-867">
         <name>__mspabi_fltuf</name>
         <value>0x11574</value>
         <object_component_ref idref="oc-6b1"/>
      </symbol>
      <symbol id="sm-87e">
         <name>__mspabi_mpyf</name>
         <value>0x108d6</value>
         <object_component_ref idref="oc-6b6"/>
      </symbol>
      <symbol id="sm-8a0">
         <name>__mspabi_subf</name>
         <value>0x1043a</value>
         <object_component_ref idref="oc-6c0"/>
      </symbol>
      <symbol id="sm-8a1">
         <name>__mspabi_addf</name>
         <value>0x10440</value>
         <object_component_ref idref="oc-6c0"/>
      </symbol>
      <symbol id="sm-8b1">
         <name>_c_int00_noargs_mpu</name>
         <value>0x44cc</value>
         <object_component_ref idref="oc-40e"/>
      </symbol>
      <symbol id="sm-8b2">
         <name>_stack</name>
         <value>0x2360</value>
         <object_component_ref idref="oc-3b1"/>
      </symbol>
      <symbol id="sm-8b3">
         <name>_reset_vector</name>
         <value>0xfffe</value>
         <object_component_ref idref="oc-3b4"/>
      </symbol>
      <symbol id="sm-8bc">
         <name>__mpu_init</name>
         <value>0x114ae</value>
         <object_component_ref idref="oc-495"/>
      </symbol>
      <symbol id="sm-8e0">
         <name>__TI_auto_init_nobinit_nopinit_hold_wdt</name>
         <value>0x1110c</value>
         <object_component_ref idref="oc-534"/>
      </symbol>
      <symbol id="sm-8e9">
         <name>_system_post_cinit</name>
         <value>0x118fe</value>
         <object_component_ref idref="oc-623"/>
      </symbol>
      <symbol id="sm-8f2">
         <name>_system_pre_init</name>
         <value>0x118fa</value>
         <object_component_ref idref="oc-47d"/>
      </symbol>
      <symbol id="sm-902">
         <name>C$$EXIT</name>
         <value>0x118ee</value>
         <object_component_ref idref="oc-510"/>
      </symbol>
      <symbol id="sm-903">
         <name>abort</name>
         <value>0x118ee</value>
         <object_component_ref idref="oc-510"/>
      </symbol>
      <symbol id="sm-913">
         <name>memcpy</name>
         <value>0x117ee</value>
         <object_component_ref idref="oc-3c0"/>
      </symbol>
      <symbol id="sm-918">
         <name>SHT3X_SetI2cAdr</name>
         <value>0x118f4</value>
      </symbol>
   </symbol_table>
   <title>Link successful</title>
</link_info>
