<?xml version="1.0" encoding="ISO-8859-1" ?>
<link_info>
   <banner>MSP430 Linker PC v18.1.5.LTS</banner>
   <copyright>Copyright (c) 2003-2018 Texas Instruments Incorporated</copyright>
   <link_time>0x5c774954</link_time>
   <link_errors>0x0</link_errors>
   <output_file>eusci_b_i2c_ex3_masterTxMultiple.out</output_file>
   <entry_point>
      <name>_c_int00_noargs_mpu</name>
      <address>0x44cc</address>
   </entry_point>
   <input_file_list>
      <input_file id="fl-2">
         <path>.\</path>
         <kind>object</kind>
         <file>cs.obj</file>
         <name>cs.obj</name>
      </input_file>
      <input_file id="fl-3">
         <path>.\</path>
         <kind>object</kind>
         <file>delay.obj</file>
         <name>delay.obj</name>
      </input_file>
      <input_file id="fl-4">
         <path>.\</path>
         <kind>object</kind>
         <file>display_multifunction.obj</file>
         <name>display_multifunction.obj</name>
      </input_file>
      <input_file id="fl-5">
         <path>.\</path>
         <kind>object</kind>
         <file>eusci_b_i2c_ex3_masterTxMultiple.obj</file>
         <name>eusci_b_i2c_ex3_masterTxMultiple.obj</name>
      </input_file>
      <input_file id="fl-6">
         <path>.\</path>
         <kind>object</kind>
         <file>i2c.obj</file>
         <name>i2c.obj</name>
      </input_file>
      <input_file id="fl-7">
         <path>.\</path>
         <kind>object</kind>
         <file>i2c_hal.obj</file>
         <name>i2c_hal.obj</name>
      </input_file>
      <input_file id="fl-8">
         <path>.\</path>
         <kind>object</kind>
         <file>sht3x.obj</file>
         <name>sht3x.obj</name>
      </input_file>
      <input_file id="fl-9">
         <path>.\</path>
         <kind>object</kind>
         <file>system.obj</file>
         <name>system.obj</name>
      </input_file>
      <input_file id="fl-a">
         <path>.\</path>
         <kind>object</kind>
         <file>uart.obj</file>
         <name>uart.obj</name>
      </input_file>
      <input_file id="fl-b">
         <path>.\driverlib\MSP430FR5xx_6xx\</path>
         <kind>object</kind>
         <file>adc12_b.obj</file>
         <name>adc12_b.obj</name>
      </input_file>
      <input_file id="fl-c">
         <path>.\driverlib\MSP430FR5xx_6xx\</path>
         <kind>object</kind>
         <file>aes256.obj</file>
         <name>aes256.obj</name>
      </input_file>
      <input_file id="fl-d">
         <path>.\driverlib\MSP430FR5xx_6xx\</path>
         <kind>object</kind>
         <file>comp_e.obj</file>
         <name>comp_e.obj</name>
      </input_file>
      <input_file id="fl-e">
         <path>.\driverlib\MSP430FR5xx_6xx\</path>
         <kind>object</kind>
         <file>crc.obj</file>
         <name>crc.obj</name>
      </input_file>
      <input_file id="fl-f">
         <path>.\driverlib\MSP430FR5xx_6xx\</path>
         <kind>object</kind>
         <file>crc32.obj</file>
         <name>crc32.obj</name>
      </input_file>
      <input_file id="fl-10">
         <path>.\driverlib\MSP430FR5xx_6xx\</path>
         <kind>object</kind>
         <file>cs.obj</file>
         <name>cs.obj</name>
      </input_file>
      <input_file id="fl-11">
         <path>.\driverlib\MSP430FR5xx_6xx\</path>
         <kind>object</kind>
         <file>dma.obj</file>
         <name>dma.obj</name>
      </input_file>
      <input_file id="fl-12">
         <path>.\driverlib\MSP430FR5xx_6xx\</path>
         <kind>object</kind>
         <file>esi.obj</file>
         <name>esi.obj</name>
      </input_file>
      <input_file id="fl-13">
         <path>.\driverlib\MSP430FR5xx_6xx\</path>
         <kind>object</kind>
         <file>eusci_a_spi.obj</file>
         <name>eusci_a_spi.obj</name>
      </input_file>
      <input_file id="fl-14">
         <path>.\driverlib\MSP430FR5xx_6xx\</path>
         <kind>object</kind>
         <file>eusci_a_uart.obj</file>
         <name>eusci_a_uart.obj</name>
      </input_file>
      <input_file id="fl-15">
         <path>.\driverlib\MSP430FR5xx_6xx\</path>
         <kind>object</kind>
         <file>eusci_b_i2c.obj</file>
         <name>eusci_b_i2c.obj</name>
      </input_file>
      <input_file id="fl-16">
         <path>.\driverlib\MSP430FR5xx_6xx\</path>
         <kind>object</kind>
         <file>eusci_b_spi.obj</file>
         <name>eusci_b_spi.obj</name>
      </input_file>
      <input_file id="fl-17">
         <path>.\driverlib\MSP430FR5xx_6xx\</path>
         <kind>object</kind>
         <file>framctl.obj</file>
         <name>framctl.obj</name>
      </input_file>
      <input_file id="fl-18">
         <path>.\driverlib\MSP430FR5xx_6xx\</path>
         <kind>object</kind>
         <file>framctl_a.obj</file>
         <name>framctl_a.obj</name>
      </input_file>
      <input_file id="fl-19">
         <path>.\driverlib\MSP430FR5xx_6xx\</path>
         <kind>object</kind>
         <file>gpio.obj</file>
         <name>gpio.obj</name>
      </input_file>
      <input_file id="fl-1a">
         <path>.\driverlib\MSP430FR5xx_6xx\</path>
         <kind>object</kind>
         <file>hspll.obj</file>
         <name>hspll.obj</name>
      </input_file>
      <input_file id="fl-1b">
         <path>.\driverlib\MSP430FR5xx_6xx\</path>
         <kind>object</kind>
         <file>lcd_c.obj</file>
         <name>lcd_c.obj</name>
      </input_file>
      <input_file id="fl-1c">
         <path>.\driverlib\MSP430FR5xx_6xx\</path>
         <kind>object</kind>
         <file>mpu.obj</file>
         <name>mpu.obj</name>
      </input_file>
      <input_file id="fl-1d">
         <path>.\driverlib\MSP430FR5xx_6xx\</path>
         <kind>object</kind>
         <file>mpy32.obj</file>
         <name>mpy32.obj</name>
      </input_file>
      <input_file id="fl-1e">
         <path>.\driverlib\MSP430FR5xx_6xx\</path>
         <kind>object</kind>
         <file>mtif.obj</file>
         <name>mtif.obj</name>
      </input_file>
      <input_file id="fl-1f">
         <path>.\driverlib\MSP430FR5xx_6xx\</path>
         <kind>object</kind>
         <file>pmm.obj</file>
         <name>pmm.obj</name>
      </input_file>
      <input_file id="fl-20">
         <path>.\driverlib\MSP430FR5xx_6xx\</path>
         <kind>object</kind>
         <file>ram.obj</file>
         <name>ram.obj</name>
      </input_file>
      <input_file id="fl-21">
         <path>.\driverlib\MSP430FR5xx_6xx\</path>
         <kind>object</kind>
         <file>ref_a.obj</file>
         <name>ref_a.obj</name>
      </input_file>
      <input_file id="fl-22">
         <path>.\driverlib\MSP430FR5xx_6xx\</path>
         <kind>object</kind>
         <file>rtc_b.obj</file>
         <name>rtc_b.obj</name>
      </input_file>
      <input_file id="fl-23">
         <path>.\driverlib\MSP430FR5xx_6xx\</path>
         <kind>object</kind>
         <file>rtc_c.obj</file>
         <name>rtc_c.obj</name>
      </input_file>
      <input_file id="fl-24">
         <path>.\driverlib\MSP430FR5xx_6xx\</path>
         <kind>object</kind>
         <file>saph.obj</file>
         <name>saph.obj</name>
      </input_file>
      <input_file id="fl-25">
         <path>.\driverlib\MSP430FR5xx_6xx\</path>
         <kind>object</kind>
         <file>saph_a.obj</file>
         <name>saph_a.obj</name>
      </input_file>
      <input_file id="fl-26">
         <path>.\driverlib\MSP430FR5xx_6xx\</path>
         <kind>object</kind>
         <file>sdhs.obj</file>
         <name>sdhs.obj</name>
      </input_file>
      <input_file id="fl-27">
         <path>.\driverlib\MSP430FR5xx_6xx\</path>
         <kind>object</kind>
         <file>sfr.obj</file>
         <name>sfr.obj</name>
      </input_file>
      <input_file id="fl-28">
         <path>.\driverlib\MSP430FR5xx_6xx\</path>
         <kind>object</kind>
         <file>sysctl.obj</file>
         <name>sysctl.obj</name>
      </input_file>
      <input_file id="fl-29">
         <path>.\driverlib\MSP430FR5xx_6xx\</path>
         <kind>object</kind>
         <file>timer_a.obj</file>
         <name>timer_a.obj</name>
      </input_file>
      <input_file id="fl-2a">
         <path>.\driverlib\MSP430FR5xx_6xx\</path>
         <kind>object</kind>
         <file>timer_b.obj</file>
         <name>timer_b.obj</name>
      </input_file>
      <input_file id="fl-2b">
         <path>.\driverlib\MSP430FR5xx_6xx\</path>
         <kind>object</kind>
         <file>tlv.obj</file>
         <name>tlv.obj</name>
      </input_file>
      <input_file id="fl-2c">
         <path>.\driverlib\MSP430FR5xx_6xx\</path>
         <kind>object</kind>
         <file>uups.obj</file>
         <name>uups.obj</name>
      </input_file>
      <input_file id="fl-2d">
         <path>.\driverlib\MSP430FR5xx_6xx\</path>
         <kind>object</kind>
         <file>wdt_a.obj</file>
         <name>wdt_a.obj</name>
      </input_file>
      <input_file id="fl-34">
         <kind>object</kind>
         <file>&lt;internal&gt;</file>
         <name>&lt;internal&gt;</name>
      </input_file>
      <input_file id="fl-54">
         <path>D:\ti\ccsv8\tools\compiler\ti-cgt-msp430_18.1.5.LTS\lib\</path>
         <kind>archive</kind>
         <file>rts430x_lc_rd_eabi.lib</file>
         <name>copy_decompress_lzss.c.obj</name>
      </input_file>
      <input_file id="fl-55">
         <path>D:\ti\ccsv8\tools\compiler\ti-cgt-msp430_18.1.5.LTS\lib\</path>
         <kind>archive</kind>
         <file>rts430x_lc_rd_eabi.lib</file>
         <name>copy_decompress_none.c.obj</name>
      </input_file>
      <input_file id="fl-56">
         <path>D:\ti\ccsv8\tools\compiler\ti-cgt-msp430_18.1.5.LTS\lib\</path>
         <kind>archive</kind>
         <file>rts430x_lc_rd_eabi.lib</file>
         <name>int30.asm.obj</name>
      </input_file>
      <input_file id="fl-57">
         <path>D:\ti\ccsv8\tools\compiler\ti-cgt-msp430_18.1.5.LTS\lib\</path>
         <kind>archive</kind>
         <file>rts430x_lc_rd_eabi.lib</file>
         <name>isr_trap.asm.obj</name>
      </input_file>
      <input_file id="fl-58">
         <path>D:\ti\ccsv8\tools\compiler\ti-cgt-msp430_18.1.5.LTS\lib\</path>
         <kind>archive</kind>
         <file>rts430x_lc_rd_eabi.lib</file>
         <name>int31.asm.obj</name>
      </input_file>
      <input_file id="fl-59">
         <path>D:\ti\ccsv8\tools\compiler\ti-cgt-msp430_18.1.5.LTS\lib\</path>
         <kind>archive</kind>
         <file>rts430x_lc_rd_eabi.lib</file>
         <name>int32.asm.obj</name>
      </input_file>
      <input_file id="fl-5a">
         <path>D:\ti\ccsv8\tools\compiler\ti-cgt-msp430_18.1.5.LTS\lib\</path>
         <kind>archive</kind>
         <file>rts430x_lc_rd_eabi.lib</file>
         <name>int33.asm.obj</name>
      </input_file>
      <input_file id="fl-5b">
         <path>D:\ti\ccsv8\tools\compiler\ti-cgt-msp430_18.1.5.LTS\lib\</path>
         <kind>archive</kind>
         <file>rts430x_lc_rd_eabi.lib</file>
         <name>int34.asm.obj</name>
      </input_file>
      <input_file id="fl-5c">
         <path>D:\ti\ccsv8\tools\compiler\ti-cgt-msp430_18.1.5.LTS\lib\</path>
         <kind>archive</kind>
         <file>rts430x_lc_rd_eabi.lib</file>
         <name>int35.asm.obj</name>
      </input_file>
      <input_file id="fl-5d">
         <path>D:\ti\ccsv8\tools\compiler\ti-cgt-msp430_18.1.5.LTS\lib\</path>
         <kind>archive</kind>
         <file>rts430x_lc_rd_eabi.lib</file>
         <name>int36.asm.obj</name>
      </input_file>
      <input_file id="fl-5e">
         <path>D:\ti\ccsv8\tools\compiler\ti-cgt-msp430_18.1.5.LTS\lib\</path>
         <kind>archive</kind>
         <file>rts430x_lc_rd_eabi.lib</file>
         <name>int37.asm.obj</name>
      </input_file>
      <input_file id="fl-5f">
         <path>D:\ti\ccsv8\tools\compiler\ti-cgt-msp430_18.1.5.LTS\lib\</path>
         <kind>archive</kind>
         <file>rts430x_lc_rd_eabi.lib</file>
         <name>int38.asm.obj</name>
      </input_file>
      <input_file id="fl-60">
         <path>D:\ti\ccsv8\tools\compiler\ti-cgt-msp430_18.1.5.LTS\lib\</path>
         <kind>archive</kind>
         <file>rts430x_lc_rd_eabi.lib</file>
         <name>int39.asm.obj</name>
      </input_file>
      <input_file id="fl-61">
         <path>D:\ti\ccsv8\tools\compiler\ti-cgt-msp430_18.1.5.LTS\lib\</path>
         <kind>archive</kind>
         <file>rts430x_lc_rd_eabi.lib</file>
         <name>int40.asm.obj</name>
      </input_file>
      <input_file id="fl-62">
         <path>D:\ti\ccsv8\tools\compiler\ti-cgt-msp430_18.1.5.LTS\lib\</path>
         <kind>archive</kind>
         <file>rts430x_lc_rd_eabi.lib</file>
         <name>int41.asm.obj</name>
      </input_file>
      <input_file id="fl-63">
         <path>D:\ti\ccsv8\tools\compiler\ti-cgt-msp430_18.1.5.LTS\lib\</path>
         <kind>archive</kind>
         <file>rts430x_lc_rd_eabi.lib</file>
         <name>int42.asm.obj</name>
      </input_file>
      <input_file id="fl-64">
         <path>D:\ti\ccsv8\tools\compiler\ti-cgt-msp430_18.1.5.LTS\lib\</path>
         <kind>archive</kind>
         <file>rts430x_lc_rd_eabi.lib</file>
         <name>int43.asm.obj</name>
      </input_file>
      <input_file id="fl-65">
         <path>D:\ti\ccsv8\tools\compiler\ti-cgt-msp430_18.1.5.LTS\lib\</path>
         <kind>archive</kind>
         <file>rts430x_lc_rd_eabi.lib</file>
         <name>int44.asm.obj</name>
      </input_file>
      <input_file id="fl-66">
         <path>D:\ti\ccsv8\tools\compiler\ti-cgt-msp430_18.1.5.LTS\lib\</path>
         <kind>archive</kind>
         <file>rts430x_lc_rd_eabi.lib</file>
         <name>int45.asm.obj</name>
      </input_file>
      <input_file id="fl-67">
         <path>D:\ti\ccsv8\tools\compiler\ti-cgt-msp430_18.1.5.LTS\lib\</path>
         <kind>archive</kind>
         <file>rts430x_lc_rd_eabi.lib</file>
         <name>int46.asm.obj</name>
      </input_file>
      <input_file id="fl-68">
         <path>D:\ti\ccsv8\tools\compiler\ti-cgt-msp430_18.1.5.LTS\lib\</path>
         <kind>archive</kind>
         <file>rts430x_lc_rd_eabi.lib</file>
         <name>int49.asm.obj</name>
      </input_file>
      <input_file id="fl-69">
         <path>D:\ti\ccsv8\tools\compiler\ti-cgt-msp430_18.1.5.LTS\lib\</path>
         <kind>archive</kind>
         <file>rts430x_lc_rd_eabi.lib</file>
         <name>int50.asm.obj</name>
      </input_file>
      <input_file id="fl-6a">
         <path>D:\ti\ccsv8\tools\compiler\ti-cgt-msp430_18.1.5.LTS\lib\</path>
         <kind>archive</kind>
         <file>rts430x_lc_rd_eabi.lib</file>
         <name>int52.asm.obj</name>
      </input_file>
      <input_file id="fl-6b">
         <path>D:\ti\ccsv8\tools\compiler\ti-cgt-msp430_18.1.5.LTS\lib\</path>
         <kind>archive</kind>
         <file>rts430x_lc_rd_eabi.lib</file>
         <name>int53.asm.obj</name>
      </input_file>
      <input_file id="fl-6c">
         <path>D:\ti\ccsv8\tools\compiler\ti-cgt-msp430_18.1.5.LTS\lib\</path>
         <kind>archive</kind>
         <file>rts430x_lc_rd_eabi.lib</file>
         <name>int54.asm.obj</name>
      </input_file>
      <input_file id="fl-6d">
         <path>D:\ti\ccsv8\tools\compiler\ti-cgt-msp430_18.1.5.LTS\lib\</path>
         <kind>archive</kind>
         <file>rts430x_lc_rd_eabi.lib</file>
         <name>copy_zero_init.c.obj</name>
      </input_file>
      <input_file id="fl-6e">
         <path>D:\ti\ccsv8\tools\compiler\ti-cgt-msp430_18.1.5.LTS\lib\</path>
         <kind>archive</kind>
         <file>rts430x_lc_rd_eabi.lib</file>
         <name>fs_div.asm.obj</name>
      </input_file>
      <input_file id="fl-6f">
         <path>D:\ti\ccsv8\tools\compiler\ti-cgt-msp430_18.1.5.LTS\lib\</path>
         <kind>archive</kind>
         <file>rts430x_lc_rd_eabi.lib</file>
         <name>div16s.asm.obj</name>
      </input_file>
      <input_file id="fl-70">
         <path>D:\ti\ccsv8\tools\compiler\ti-cgt-msp430_18.1.5.LTS\lib\</path>
         <kind>archive</kind>
         <file>rts430x_lc_rd_eabi.lib</file>
         <name>div32s.asm.obj</name>
      </input_file>
      <input_file id="fl-71">
         <path>D:\ti\ccsv8\tools\compiler\ti-cgt-msp430_18.1.5.LTS\lib\</path>
         <kind>archive</kind>
         <file>rts430x_lc_rd_eabi.lib</file>
         <name>div16u.asm.obj</name>
      </input_file>
      <input_file id="fl-72">
         <path>D:\ti\ccsv8\tools\compiler\ti-cgt-msp430_18.1.5.LTS\lib\</path>
         <kind>archive</kind>
         <file>rts430x_lc_rd_eabi.lib</file>
         <name>div32u.asm.obj</name>
      </input_file>
      <input_file id="fl-73">
         <path>D:\ti\ccsv8\tools\compiler\ti-cgt-msp430_18.1.5.LTS\lib\</path>
         <kind>archive</kind>
         <file>rts430x_lc_rd_eabi.lib</file>
         <name>fs_toi.asm.obj</name>
      </input_file>
      <input_file id="fl-74">
         <path>D:\ti\ccsv8\tools\compiler\ti-cgt-msp430_18.1.5.LTS\lib\</path>
         <kind>archive</kind>
         <file>rts430x_lc_rd_eabi.lib</file>
         <name>fs_utof.asm.obj</name>
      </input_file>
      <input_file id="fl-75">
         <path>D:\ti\ccsv8\tools\compiler\ti-cgt-msp430_18.1.5.LTS\lib\</path>
         <kind>archive</kind>
         <file>rts430x_lc_rd_eabi.lib</file>
         <name>fs_mpy.asm.obj</name>
      </input_file>
      <input_file id="fl-76">
         <path>D:\ti\ccsv8\tools\compiler\ti-cgt-msp430_18.1.5.LTS\lib\</path>
         <kind>archive</kind>
         <file>rts430x_lc_rd_eabi.lib</file>
         <name>mult16_f5hw.asm.obj</name>
      </input_file>
      <input_file id="fl-77">
         <path>D:\ti\ccsv8\tools\compiler\ti-cgt-msp430_18.1.5.LTS\lib\</path>
         <kind>archive</kind>
         <file>rts430x_lc_rd_eabi.lib</file>
         <name>mult32_f5hw.asm.obj</name>
      </input_file>
      <input_file id="fl-78">
         <path>D:\ti\ccsv8\tools\compiler\ti-cgt-msp430_18.1.5.LTS\lib\</path>
         <kind>archive</kind>
         <file>rts430x_lc_rd_eabi.lib</file>
         <name>mult64_f5hw.asm.obj</name>
      </input_file>
      <input_file id="fl-79">
         <path>D:\ti\ccsv8\tools\compiler\ti-cgt-msp430_18.1.5.LTS\lib\</path>
         <kind>archive</kind>
         <file>rts430x_lc_rd_eabi.lib</file>
         <name>mult1632_f5hw.asm.obj</name>
      </input_file>
      <input_file id="fl-7a">
         <path>D:\ti\ccsv8\tools\compiler\ti-cgt-msp430_18.1.5.LTS\lib\</path>
         <kind>archive</kind>
         <file>rts430x_lc_rd_eabi.lib</file>
         <name>mult3264_f5hw.asm.obj</name>
      </input_file>
      <input_file id="fl-7b">
         <path>D:\ti\ccsv8\tools\compiler\ti-cgt-msp430_18.1.5.LTS\lib\</path>
         <kind>archive</kind>
         <file>rts430x_lc_rd_eabi.lib</file>
         <name>lsl16.asm.obj</name>
      </input_file>
      <input_file id="fl-7c">
         <path>D:\ti\ccsv8\tools\compiler\ti-cgt-msp430_18.1.5.LTS\lib\</path>
         <kind>archive</kind>
         <file>rts430x_lc_rd_eabi.lib</file>
         <name>fs_add.asm.obj</name>
      </input_file>
      <input_file id="fl-7d">
         <path>D:\ti\ccsv8\tools\compiler\ti-cgt-msp430_18.1.5.LTS\lib\</path>
         <kind>archive</kind>
         <file>rts430x_lc_rd_eabi.lib</file>
         <name>boot.c.obj</name>
      </input_file>
      <input_file id="fl-7e">
         <path>D:\ti\ccsv8\ccs_base\msp430\lib\FR59xx\</path>
         <kind>archive</kind>
         <file>MSPMPU_INIT_LIB_CCS_msp430_large_code_restricted_data.lib</file>
         <name>mpu_init.o</name>
      </input_file>
      <input_file id="fl-7f">
         <path>D:\ti\ccsv8\tools\compiler\ti-cgt-msp430_18.1.5.LTS\lib\</path>
         <kind>archive</kind>
         <file>rts430x_lc_rd_eabi.lib</file>
         <name>args_main.c.obj</name>
      </input_file>
      <input_file id="fl-80">
         <path>D:\ti\ccsv8\tools\compiler\ti-cgt-msp430_18.1.5.LTS\lib\</path>
         <kind>archive</kind>
         <file>rts430x_lc_rd_eabi.lib</file>
         <name>autoinit.c.obj</name>
      </input_file>
      <input_file id="fl-81">
         <path>D:\ti\ccsv8\tools\compiler\ti-cgt-msp430_18.1.5.LTS\lib\</path>
         <kind>archive</kind>
         <file>rts430x_lc_rd_eabi.lib</file>
         <name>startup.c.obj</name>
      </input_file>
      <input_file id="fl-82">
         <path>D:\ti\ccsv8\tools\compiler\ti-cgt-msp430_18.1.5.LTS\lib\</path>
         <kind>archive</kind>
         <file>rts430x_lc_rd_eabi.lib</file>
         <name>pre_init.c.obj</name>
      </input_file>
      <input_file id="fl-83">
         <path>D:\ti\ccsv8\tools\compiler\ti-cgt-msp430_18.1.5.LTS\lib\</path>
         <kind>archive</kind>
         <file>rts430x_lc_rd_eabi.lib</file>
         <name>cpy_tbl.c.obj</name>
      </input_file>
      <input_file id="fl-84">
         <path>D:\ti\ccsv8\tools\compiler\ti-cgt-msp430_18.1.5.LTS\lib\</path>
         <kind>archive</kind>
         <file>rts430x_lc_rd_eabi.lib</file>
         <name>mult16.asm.obj</name>
      </input_file>
      <input_file id="fl-85">
         <path>D:\ti\ccsv8\tools\compiler\ti-cgt-msp430_18.1.5.LTS\lib\</path>
         <kind>archive</kind>
         <file>rts430x_lc_rd_eabi.lib</file>
         <name>exit.c.obj</name>
      </input_file>
      <input_file id="fl-86">
         <path>D:\ti\ccsv8\tools\compiler\ti-cgt-msp430_18.1.5.LTS\lib\</path>
         <kind>archive</kind>
         <file>rts430x_lc_rd_eabi.lib</file>
         <name>exit_gvars.c.obj</name>
      </input_file>
      <input_file id="fl-87">
         <path>D:\ti\ccsv8\tools\compiler\ti-cgt-msp430_18.1.5.LTS\lib\</path>
         <kind>archive</kind>
         <file>rts430x_lc_rd_eabi.lib</file>
         <name>_lock.c.obj</name>
      </input_file>
      <input_file id="fl-88">
         <path>D:\ti\ccsv8\tools\compiler\ti-cgt-msp430_18.1.5.LTS\lib\</path>
         <kind>archive</kind>
         <file>rts430x_lc_rd_eabi.lib</file>
         <name>memcpy.c.obj</name>
      </input_file>
   </input_file_list>
   <object_component_list>
      <object_component id="oc-816">
         <name>.cinit..data.load</name>
         <load_address>0x4568</load_address>
         <run_address>0x4568</run_address>
         <size>0x37</size>
      </object_component>
      <object_component id="oc-813">
         <name>__TI_handler_table</name>
         <load_address>0x45a0</load_address>
         <run_address>0x45a0</run_address>
         <size>0xc</size>
      </object_component>
      <object_component id="oc-815">
         <name>.cinit..bss.load</name>
         <load_address>0x45ac</load_address>
         <run_address>0x45ac</run_address>
         <size>0x6</size>
      </object_component>
      <object_component id="oc-814">
         <name>__TI_cinit_table</name>
         <load_address>0x45b2</load_address>
         <run_address>0x45b2</run_address>
         <size>0x10</size>
      </object_component>
      <object_component id="oc-7a4">
         <name>.binit</name>
         <load_address>0x4400</load_address>
         <run_address>0x4400</run_address>
         <size>0x0</size>
      </object_component>
      <object_component id="oc-4ce">
         <name>.const:GPIO_PORT_TO_BASE</name>
         <load_address>0x4508</load_address>
         <run_address>0x4508</run_address>
         <size>0x1c</size>
         <input_file_ref idref="fl-19"/>
      </object_component>
      <object_component id="oc-587">
         <name>.const:$P$T0$1</name>
         <load_address>0x4524</load_address>
         <run_address>0x4524</run_address>
         <size>0x10</size>
         <input_file_ref idref="fl-a"/>
      </object_component>
      <object_component id="oc-784">
         <name>.const:$P$T0$1</name>
         <load_address>0x4534</load_address>
         <run_address>0x4534</run_address>
         <size>0xe</size>
         <input_file_ref idref="fl-3"/>
      </object_component>
      <object_component id="oc-6e3">
         <name>.const:$P$T1$2</name>
         <load_address>0x4542</load_address>
         <run_address>0x4542</run_address>
         <size>0xe</size>
         <input_file_ref idref="fl-3"/>
      </object_component>
      <object_component id="oc-765">
         <name>.const:$P$T0$1</name>
         <load_address>0x4550</load_address>
         <run_address>0x4550</run_address>
         <size>0xc</size>
         <input_file_ref idref="fl-6"/>
      </object_component>
      <object_component id="oc-6ff">
         <name>.const:$P$T1$2</name>
         <load_address>0x455c</load_address>
         <run_address>0x455c</run_address>
         <size>0xc</size>
         <input_file_ref idref="fl-6"/>
      </object_component>
      <object_component id="oc-3e4">
         <name>.text:_isr:USCIB0_ISR</name>
         <load_address>0x4400</load_address>
         <run_address>0x4400</run_address>
         <size>0xa2</size>
         <input_file_ref idref="fl-6"/>
      </object_component>
      <object_component id="oc-3ea">
         <name>.text:_isr:USCI_A0_ISR</name>
         <load_address>0x44a2</load_address>
         <run_address>0x44a2</run_address>
         <size>0x2a</size>
         <input_file_ref idref="fl-a"/>
      </object_component>
      <object_component id="oc-420">
         <name>.text:_isr:_c_int00_noargs_mpu</name>
         <load_address>0x44cc</load_address>
         <run_address>0x44cc</run_address>
         <size>0x20</size>
         <input_file_ref idref="fl-7d"/>
      </object_component>
      <object_component id="oc-3f0">
         <name>.text:_isr:TIMERB0_ISR</name>
         <load_address>0x44ec</load_address>
         <run_address>0x44ec</run_address>
         <size>0x14</size>
         <input_file_ref idref="fl-3"/>
      </object_component>
      <object_component id="oc-3df">
         <name>.text:_isr:__TI_ISR_TRAP</name>
         <load_address>0x4500</load_address>
         <run_address>0x4500</run_address>
         <size>0x8</size>
         <input_file_ref idref="fl-57"/>
      </object_component>
      <object_component id="oc-796">
         <name>.text:privateCSASourceClockFromDCO</name>
         <load_address>0x10000</load_address>
         <run_address>0x10000</run_address>
         <size>0x17c</size>
         <input_file_ref idref="fl-10"/>
      </object_component>
      <object_component id="oc-5e1">
         <name>.text:display</name>
         <load_address>0x1017c</load_address>
         <run_address>0x1017c</run_address>
         <size>0x156</size>
         <input_file_ref idref="fl-4"/>
      </object_component>
      <object_component id="oc-554">
         <name>.text:CS_setDCOFreq</name>
         <load_address>0x102d2</load_address>
         <run_address>0x102d2</run_address>
         <size>0x140</size>
         <input_file_ref idref="fl-10"/>
      </object_component>
      <object_component id="oc-684">
         <name>.text</name>
         <load_address>0x10412</load_address>
         <run_address>0x10412</run_address>
         <size>0x132</size>
         <input_file_ref idref="fl-7c"/>
      </object_component>
      <object_component id="oc-771">
         <name>.text:privateCSAComputeCLKFrequency</name>
         <load_address>0x10544</load_address>
         <run_address>0x10544</run_address>
         <size>0xe0</size>
         <input_file_ref idref="fl-10"/>
      </object_component>
      <object_component id="oc-6f8">
         <name>.text:i2c_write</name>
         <load_address>0x10624</load_address>
         <run_address>0x10624</run_address>
         <size>0xc8</size>
         <input_file_ref idref="fl-6"/>
      </object_component>
      <object_component id="oc-503">
         <name>.text:sht31_test</name>
         <load_address>0x106ec</load_address>
         <run_address>0x106ec</run_address>
         <size>0xc6</size>
         <input_file_ref idref="fl-8"/>
      </object_component>
      <object_component id="oc-67a">
         <name>.text</name>
         <load_address>0x107b2</load_address>
         <run_address>0x107b2</run_address>
         <size>0xb8</size>
         <input_file_ref idref="fl-75"/>
      </object_component>
      <object_component id="oc-660">
         <name>.text:i2c_read</name>
         <load_address>0x1086a</load_address>
         <run_address>0x1086a</run_address>
         <size>0xb2</size>
         <input_file_ref idref="fl-6"/>
      </object_component>
      <object_component id="oc-58a">
         <name>.text:EUSCI_A_UART_init</name>
         <load_address>0x1091c</load_address>
         <run_address>0x1091c</run_address>
         <size>0x9a</size>
         <input_file_ref idref="fl-14"/>
      </object_component>
      <object_component id="oc-67f">
         <name>.text</name>
         <load_address>0x109b6</load_address>
         <run_address>0x109b6</run_address>
         <size>0x90</size>
         <input_file_ref idref="fl-6e"/>
      </object_component>
      <object_component id="oc-6e6">
         <name>.text:Timer_B_initUpMode</name>
         <load_address>0x10a46</load_address>
         <run_address>0x10a46</run_address>
         <size>0x7c</size>
         <input_file_ref idref="fl-2a"/>
      </object_component>
      <object_component id="oc-76">
         <name>.text:decompress:lzss:__TI_decompress_lzss</name>
         <load_address>0x10ac2</load_address>
         <run_address>0x10ac2</run_address>
         <size>0x76</size>
         <input_file_ref idref="fl-54"/>
      </object_component>
      <object_component id="oc-54e">
         <name>.text:GPIO_setAsPeripheralModuleFunctionInputPin</name>
         <load_address>0x10b38</load_address>
         <run_address>0x10b38</run_address>
         <size>0x72</size>
         <input_file_ref idref="fl-19"/>
      </object_component>
      <object_component id="oc-4fd">
         <name>.text:uart_init</name>
         <load_address>0x10baa</load_address>
         <run_address>0x10baa</run_address>
         <size>0x72</size>
         <input_file_ref idref="fl-a"/>
      </object_component>
      <object_component id="oc-560">
         <name>.text:CS_initClockSignal</name>
         <load_address>0x10c1c</load_address>
         <run_address>0x10c1c</run_address>
         <size>0x6a</size>
         <input_file_ref idref="fl-10"/>
      </object_component>
      <object_component id="oc-649">
         <name>.text:delay_ms_in</name>
         <load_address>0x10c86</load_address>
         <run_address>0x10c86</run_address>
         <size>0x68</size>
         <input_file_ref idref="fl-3"/>
      </object_component>
      <object_component id="oc-68b">
         <name>.text</name>
         <load_address>0x10cee</load_address>
         <run_address>0x10cee</run_address>
         <size>0x68</size>
         <input_file_ref idref="fl-73"/>
      </object_component>
      <object_component id="oc-72c">
         <name>.text:delay_us</name>
         <load_address>0x10d56</load_address>
         <run_address>0x10d56</run_address>
         <size>0x64</size>
         <input_file_ref idref="fl-3"/>
      </object_component>
      <object_component id="oc-708">
         <name>.text:EUSCI_B_I2C_initMaster</name>
         <load_address>0x10dba</load_address>
         <run_address>0x10dba</run_address>
         <size>0x60</size>
         <input_file_ref idref="fl-15"/>
      </object_component>
      <object_component id="oc-778">
         <name>.text</name>
         <load_address>0x10e1a</load_address>
         <run_address>0x10e1a</run_address>
         <size>0x58</size>
         <input_file_ref idref="fl-72"/>
      </object_component>
      <object_component id="oc-52e">
         <name>.text:__TI_auto_init_nobinit_nopinit_hold_wdt:__TI_auto_init_nobinit_nopinit_hold_wdt</name>
         <load_address>0x10e72</load_address>
         <run_address>0x10e72</run_address>
         <size>0x54</size>
         <input_file_ref idref="fl-80"/>
      </object_component>
      <object_component id="oc-4eb">
         <name>.text:cs_set</name>
         <load_address>0x10ec6</load_address>
         <run_address>0x10ec6</run_address>
         <size>0x4e</size>
         <input_file_ref idref="fl-2"/>
      </object_component>
      <object_component id="oc-768">
         <name>.text:EUSCI_B_I2C_masterSendMultiByteStart</name>
         <load_address>0x10f14</load_address>
         <run_address>0x10f14</run_address>
         <size>0x40</size>
         <input_file_ref idref="fl-15"/>
      </object_component>
      <object_component id="oc-5a9">
         <name>.text:delay_ms</name>
         <load_address>0x10f54</load_address>
         <run_address>0x10f54</run_address>
         <size>0x40</size>
         <input_file_ref idref="fl-3"/>
      </object_component>
      <object_component id="oc-791">
         <name>.text</name>
         <load_address>0x10f94</load_address>
         <run_address>0x10f94</run_address>
         <size>0x40</size>
         <input_file_ref idref="fl-70"/>
      </object_component>
      <object_component id="oc-566">
         <name>.text:CS_turnOnLFXT</name>
         <load_address>0x10fd4</load_address>
         <run_address>0x10fd4</run_address>
         <size>0x3a</size>
         <input_file_ref idref="fl-10"/>
      </object_component>
      <object_component id="oc-56d">
         <name>.text:GPIO_setAsOutputPin</name>
         <load_address>0x1100e</load_address>
         <run_address>0x1100e</run_address>
         <size>0x34</size>
         <input_file_ref idref="fl-19"/>
      </object_component>
      <object_component id="oc-667">
         <name>.text:SHT3X_CalcCrc</name>
         <load_address>0x11042</load_address>
         <run_address>0x11042</run_address>
         <size>0x30</size>
         <input_file_ref idref="fl-8"/>
      </object_component>
      <object_component id="oc-4f1">
         <name>.text:gpio_init</name>
         <load_address>0x11072</load_address>
         <run_address>0x11072</run_address>
         <size>0x2e</size>
         <input_file_ref idref="fl-5"/>
      </object_component>
      <object_component id="oc-4a7">
         <name>.text:__mpu_init</name>
         <load_address>0x110a0</load_address>
         <run_address>0x110a0</run_address>
         <size>0x2c</size>
         <input_file_ref idref="fl-7e"/>
      </object_component>
      <object_component id="oc-644">
         <name>.text</name>
         <load_address>0x110cc</load_address>
         <run_address>0x110cc</run_address>
         <size>0x2c</size>
         <input_file_ref idref="fl-6f"/>
      </object_component>
      <object_component id="oc-5d1">
         <name>.text:SHT3X_CalcTemperature</name>
         <load_address>0x110f8</load_address>
         <run_address>0x110f8</run_address>
         <size>0x26</size>
         <input_file_ref idref="fl-8"/>
      </object_component>
      <object_component id="oc-5ca">
         <name>.text:data_synthesis</name>
         <load_address>0x1111e</load_address>
         <run_address>0x1111e</run_address>
         <size>0x24</size>
         <input_file_ref idref="fl-8"/>
      </object_component>
      <object_component id="oc-3f6">
         <name>.text:decompress:ZI:__TI_zero_init_nomemset:__TI_zero_init_nomemset</name>
         <load_address>0x11142</load_address>
         <run_address>0x11142</run_address>
         <size>0x24</size>
         <input_file_ref idref="fl-6d"/>
      </object_component>
      <object_component id="oc-675">
         <name>.text</name>
         <load_address>0x11166</load_address>
         <run_address>0x11166</run_address>
         <size>0x24</size>
         <input_file_ref idref="fl-74"/>
      </object_component>
      <object_component id="oc-693">
         <name>.text:uart_multibyte_send</name>
         <load_address>0x1118a</load_address>
         <run_address>0x1118a</run_address>
         <size>0x24</size>
         <input_file_ref idref="fl-a"/>
      </object_component>
      <object_component id="oc-59c">
         <name>.text:EUSCI_A_UART_enableInterrupt</name>
         <load_address>0x111ae</load_address>
         <run_address>0x111ae</run_address>
         <size>0x22</size>
         <input_file_ref idref="fl-14"/>
      </object_component>
      <object_component id="oc-479">
         <name>.text:EUSCI_A_UART_transmitData</name>
         <load_address>0x111d0</load_address>
         <run_address>0x111d0</run_address>
         <size>0x22</size>
         <input_file_ref idref="fl-14"/>
      </object_component>
      <object_component id="oc-44f">
         <name>.text:EUSCI_B_I2C_masterSendMultiByteNext</name>
         <load_address>0x111f2</load_address>
         <run_address>0x111f2</run_address>
         <size>0x22</size>
         <input_file_ref idref="fl-15"/>
      </object_component>
      <object_component id="oc-470">
         <name>.text:EUSCI_A_UART_receiveData</name>
         <load_address>0x11214</load_address>
         <run_address>0x11214</run_address>
         <size>0x20</size>
         <input_file_ref idref="fl-14"/>
      </object_component>
      <object_component id="oc-455">
         <name>.text:EUSCI_B_I2C_masterReceiveSingle</name>
         <load_address>0x11234</load_address>
         <run_address>0x11234</run_address>
         <size>0x20</size>
         <input_file_ref idref="fl-15"/>
      </object_component>
      <object_component id="oc-4e5">
         <name>.text:WDT_A_hold</name>
         <load_address>0x11254</load_address>
         <run_address>0x11254</run_address>
         <size>0x20</size>
         <input_file_ref idref="fl-2d"/>
      </object_component>
      <object_component id="oc-495">
         <name>.text:main</name>
         <load_address>0x11274</load_address>
         <run_address>0x11274</run_address>
         <size>0x20</size>
         <input_file_ref idref="fl-5"/>
      </object_component>
      <object_component id="oc-447">
         <name>.text:EUSCI_B_I2C_masterSendMultiByteStop</name>
         <load_address>0x11294</load_address>
         <run_address>0x11294</run_address>
         <size>0x1c</size>
         <input_file_ref idref="fl-15"/>
      </object_component>
      <object_component id="oc-5c4">
         <name>.text:GPIO_setOutputHighOnPin</name>
         <load_address>0x112b0</load_address>
         <run_address>0x112b0</run_address>
         <size>0x1c</size>
         <input_file_ref idref="fl-19"/>
      </object_component>
      <object_component id="oc-573">
         <name>.text:GPIO_setOutputLowOnPin</name>
         <load_address>0x112cc</load_address>
         <run_address>0x112cc</run_address>
         <size>0x1c</size>
         <input_file_ref idref="fl-19"/>
      </object_component>
      <object_component id="oc-45e">
         <name>.text:GPIO_toggleOutputOnPin</name>
         <load_address>0x112e8</load_address>
         <run_address>0x112e8</run_address>
         <size>0x1c</size>
         <input_file_ref idref="fl-19"/>
      </object_component>
      <object_component id="oc-5d9">
         <name>.text:SHT3X_CalcHumidity</name>
         <load_address>0x11304</load_address>
         <run_address>0x11304</run_address>
         <size>0x1c</size>
         <input_file_ref idref="fl-8"/>
      </object_component>
      <object_component id="oc-702">
         <name>.text:CS_getSMCLK</name>
         <load_address>0x11320</load_address>
         <run_address>0x11320</run_address>
         <size>0x1a</size>
         <input_file_ref idref="fl-10"/>
      </object_component>
      <object_component id="oc-5e7">
         <name>.text:delay_s</name>
         <load_address>0x1133a</load_address>
         <run_address>0x1133a</run_address>
         <size>0x1a</size>
         <input_file_ref idref="fl-3"/>
      </object_component>
      <object_component id="oc-5af">
         <name>.text:SHT3X_Send_Command</name>
         <load_address>0x11354</load_address>
         <run_address>0x11354</run_address>
         <size>0x18</size>
         <input_file_ref idref="fl-8"/>
      </object_component>
      <object_component id="oc-5be">
         <name>.text:SHT3X_CheckCrc</name>
         <load_address>0x1136c</load_address>
         <run_address>0x1136c</run_address>
         <size>0x16</size>
         <input_file_ref idref="fl-8"/>
      </object_component>
      <object_component id="oc-6d7">
         <name>.text</name>
         <load_address>0x11382</load_address>
         <run_address>0x11382</run_address>
         <size>0x16</size>
         <input_file_ref idref="fl-71"/>
      </object_component>
      <object_component id="oc-3d2">
         <name>.text:memcpy</name>
         <load_address>0x11398</load_address>
         <run_address>0x11398</run_address>
         <size>0x14</size>
         <input_file_ref idref="fl-88"/>
      </object_component>
      <object_component id="oc-55a">
         <name>.text:CS_setExternalClockSource</name>
         <load_address>0x113ac</load_address>
         <run_address>0x113ac</run_address>
         <size>0x12</size>
         <input_file_ref idref="fl-10"/>
      </object_component>
      <object_component id="oc-5a3">
         <name>.text:SHT3X_Init</name>
         <load_address>0x113be</load_address>
         <run_address>0x113be</run_address>
         <size>0x12</size>
         <input_file_ref idref="fl-8"/>
      </object_component>
      <object_component id="oc-7c">
         <name>.text:decompress:none:__TI_decompress_none</name>
         <load_address>0x113d0</load_address>
         <run_address>0x113d0</run_address>
         <size>0x12</size>
         <input_file_ref idref="fl-55"/>
      </object_component>
      <object_component id="oc-5b8">
         <name>.text:i2c_read_address_already</name>
         <load_address>0x113e2</load_address>
         <run_address>0x113e2</run_address>
         <size>0x10</size>
         <input_file_ref idref="fl-6"/>
      </object_component>
      <object_component id="oc-651">
         <name>.text:i2c_write_address_already</name>
         <load_address>0x113f2</load_address>
         <run_address>0x113f2</run_address>
         <size>0x10</size>
         <input_file_ref idref="fl-6"/>
      </object_component>
      <object_component id="oc-579">
         <name>.text:i2c_pin_set</name>
         <load_address>0x11402</load_address>
         <run_address>0x11402</run_address>
         <size>0xe</size>
         <input_file_ref idref="fl-6"/>
      </object_component>
      <object_component id="oc-57f">
         <name>.text:uart_pin_set</name>
         <load_address>0x11410</load_address>
         <run_address>0x11410</run_address>
         <size>0xe</size>
         <input_file_ref idref="fl-a"/>
      </object_component>
      <object_component id="oc-596">
         <name>.text:EUSCI_A_UART_clearInterrupt</name>
         <load_address>0x1141e</load_address>
         <run_address>0x1141e</run_address>
         <size>0xc</size>
         <input_file_ref idref="fl-14"/>
      </object_component>
      <object_component id="oc-720">
         <name>.text:EUSCI_B_I2C_clearInterrupt</name>
         <load_address>0x1142a</load_address>
         <run_address>0x1142a</run_address>
         <size>0xc</size>
         <input_file_ref idref="fl-15"/>
      </object_component>
      <object_component id="oc-726">
         <name>.text:EUSCI_B_I2C_enableInterrupt</name>
         <load_address>0x11436</load_address>
         <run_address>0x11436</run_address>
         <size>0xc</size>
         <input_file_ref idref="fl-15"/>
      </object_component>
      <object_component id="oc-738">
         <name>.text:EUSCI_B_I2C_masterReceiveStart</name>
         <load_address>0x11442</load_address>
         <run_address>0x11442</run_address>
         <size>0xc</size>
         <input_file_ref idref="fl-15"/>
      </object_component>
      <object_component id="oc-714">
         <name>.text:EUSCI_B_I2C_setMode</name>
         <load_address>0x1144e</load_address>
         <run_address>0x1144e</run_address>
         <size>0xc</size>
         <input_file_ref idref="fl-15"/>
      </object_component>
      <object_component id="oc-70e">
         <name>.text:EUSCI_B_I2C_setSlaveAddress</name>
         <load_address>0x1145a</load_address>
         <run_address>0x1145a</run_address>
         <size>0xc</size>
         <input_file_ref idref="fl-15"/>
      </object_component>
      <object_component id="oc-732">
         <name>.text:EUSCI_B_I2C_masterIsStopSent</name>
         <load_address>0x11466</load_address>
         <run_address>0x11466</run_address>
         <size>0x8</size>
         <input_file_ref idref="fl-15"/>
      </object_component>
      <object_component id="oc-480">
         <name>.text:Timer_B_stop</name>
         <load_address>0x1146e</load_address>
         <run_address>0x1146e</run_address>
         <size>0x8</size>
         <input_file_ref idref="fl-2a"/>
      </object_component>
      <object_component id="oc-590">
         <name>.text:EUSCI_A_UART_enable</name>
         <load_address>0x11476</load_address>
         <run_address>0x11476</run_address>
         <size>0x6</size>
         <input_file_ref idref="fl-14"/>
      </object_component>
      <object_component id="oc-71a">
         <name>.text:EUSCI_B_I2C_enable</name>
         <load_address>0x1147c</load_address>
         <run_address>0x1147c</run_address>
         <size>0x6</size>
         <input_file_ref idref="fl-15"/>
      </object_component>
      <object_component id="oc-464">
         <name>.text:EUSCI_B_I2C_masterSendStart</name>
         <load_address>0x11482</load_address>
         <run_address>0x11482</run_address>
         <size>0x6</size>
         <input_file_ref idref="fl-15"/>
      </object_component>
      <object_component id="oc-4f7">
         <name>.text:PMM_unlockLPM5</name>
         <load_address>0x11488</load_address>
         <run_address>0x11488</run_address>
         <size>0x6</size>
         <input_file_ref idref="fl-1f"/>
      </object_component>
      <object_component id="oc-6dd">
         <name>.text:Timer_B_clearTimerInterrupt</name>
         <load_address>0x1148e</load_address>
         <run_address>0x1148e</run_address>
         <size>0x6</size>
         <input_file_ref idref="fl-2a"/>
      </object_component>
      <object_component id="oc-6ec">
         <name>.text:Timer_B_startCounter</name>
         <load_address>0x11494</load_address>
         <run_address>0x11494</run_address>
         <size>0x6</size>
         <input_file_ref idref="fl-2a"/>
      </object_component>
      <object_component id="oc-50a">
         <name>.text:abort</name>
         <load_address>0x1149a</load_address>
         <run_address>0x1149a</run_address>
         <size>0x6</size>
         <input_file_ref idref="fl-85"/>
      </object_component>
      <object_component id="oc-638">
         <name>.text:i2c_addr_set</name>
         <load_address>0x114a0</load_address>
         <run_address>0x114a0</run_address>
         <size>0x6</size>
         <input_file_ref idref="fl-6"/>
      </object_component>
      <object_component id="oc-48f">
         <name>.text:_system_pre_init</name>
         <load_address>0x114a6</load_address>
         <run_address>0x114a6</run_address>
         <size>0x4</size>
         <input_file_ref idref="fl-82"/>
      </object_component>
      <object_component id="oc-600">
         <name>.text:_system_post_cinit</name>
         <load_address>0x114aa</load_address>
         <run_address>0x114aa</run_address>
         <size>0x2</size>
         <input_file_ref idref="fl-81"/>
      </object_component>
      <object_component id="oc-65f">
         <name>.common:SLAVE_ADDRESS</name>
         <uninitialized>true</uninitialized>
         <run_address>0x1c6d</run_address>
         <size>0x1</size>
      </object_component>
      <object_component id="oc-44e">
         <name>.common:I2C_TX_Data</name>
         <uninitialized>true</uninitialized>
         <run_address>0x1c58</run_address>
         <size>0x4</size>
      </object_component>
      <object_component id="oc-44d">
         <name>.common:I2C_Data_Position</name>
         <uninitialized>true</uninitialized>
         <run_address>0x1c6a</run_address>
         <size>0x1</size>
      </object_component>
      <object_component id="oc-444">
         <name>.common:I2C_TX_ByteCtr</name>
         <uninitialized>true</uninitialized>
         <run_address>0x1c6c</run_address>
         <size>0x1</size>
      </object_component>
      <object_component id="oc-45b">
         <name>.common:I2C_RX_Data</name>
         <uninitialized>true</uninitialized>
         <run_address>0x1c54</run_address>
         <size>0x4</size>
      </object_component>
      <object_component id="oc-45d">
         <name>.common:I2C_RX_ByteCtr</name>
         <uninitialized>true</uninitialized>
         <run_address>0x1c6b</run_address>
         <size>0x1</size>
      </object_component>
      <object_component id="oc-650">
         <name>.common:cmd</name>
         <uninitialized>true</uninitialized>
         <run_address>0x1c68</run_address>
         <size>0x2</size>
      </object_component>
      <object_component id="oc-5b5">
         <name>.common:raw_value</name>
         <uninitialized>true</uninitialized>
         <run_address>0x1c4a</run_address>
         <size>0x6</size>
      </object_component>
      <object_component id="oc-5d0">
         <name>.common:RawTemperature</name>
         <uninitialized>true</uninitialized>
         <run_address>0x1c66</run_address>
         <size>0x2</size>
      </object_component>
      <object_component id="oc-5d8">
         <name>.common:RawHumidity</name>
         <uninitialized>true</uninitialized>
         <run_address>0x1c64</run_address>
         <size>0x2</size>
      </object_component>
      <object_component id="oc-5d7">
         <name>.common:Temperature</name>
         <uninitialized>true</uninitialized>
         <run_address>0x1c5c</run_address>
         <size>0x4</size>
      </object_component>
      <object_component id="oc-5df">
         <name>.common:Humidity</name>
         <uninitialized>true</uninitialized>
         <run_address>0x1c50</run_address>
         <size>0x4</size>
      </object_component>
      <object_component id="oc-5e0">
         <name>.common:sht3x_param</name>
         <uninitialized>true</uninitialized>
         <run_address>0x1c3c</run_address>
         <size>0xe</size>
      </object_component>
      <object_component id="oc-476">
         <name>.common:UART_RX_Data</name>
         <uninitialized>true</uninitialized>
         <run_address>0x1c60</run_address>
         <size>0x4</size>
      </object_component>
      <object_component id="oc-690">
         <name>.data:tem_title</name>
         <load_address>0x1c00</load_address>
         <run_address>0x1c00</run_address>
         <size>0x15</size>
         <input_file_ref idref="fl-4"/>
      </object_component>
      <object_component id="oc-69c">
         <name>.data:hum_title</name>
         <load_address>0x1c16</load_address>
         <run_address>0x1c16</run_address>
         <size>0x12</size>
         <input_file_ref idref="fl-4"/>
      </object_component>
      <object_component id="oc-699">
         <name>.data:tem_suffix</name>
         <load_address>0x1c36</load_address>
         <run_address>0x1c36</run_address>
         <size>0x5</size>
         <input_file_ref idref="fl-4"/>
      </object_component>
      <object_component id="oc-69f">
         <name>.data:hum_suffix</name>
         <load_address>0x1c30</load_address>
         <run_address>0x1c30</run_address>
         <size>0x5</size>
         <input_file_ref idref="fl-4"/>
      </object_component>
      <object_component id="oc-45c">
         <name>.data</name>
         <load_address>0x1c15</load_address>
         <run_address>0x1c15</run_address>
         <size>0x1</size>
         <input_file_ref idref="fl-6"/>
      </object_component>
      <object_component id="oc-627">
         <name>.data</name>
         <load_address>0x1c28</load_address>
         <run_address>0x1c28</run_address>
         <size>0x8</size>
         <input_file_ref idref="fl-10"/>
      </object_component>
      <object_component id="oc-3c3">
         <name>.stack</name>
         <uninitialized>true</uninitialized>
         <run_address>0x2360</run_address>
         <size>0x4</size>
         <input_file_ref idref="fl-7d"/>
      </object_component>
      <object_component id="oc-817">
         <name>.stack</name>
         <uninitialized>true</uninitialized>
         <run_address>0x2360</run_address>
         <size>0x0</size>
      </object_component>
      <object_component id="oc-82">
         <name>.int30</name>
         <load_address>0xffcc</load_address>
         <run_address>0xffcc</run_address>
         <size>0x2</size>
         <input_file_ref idref="fl-56"/>
      </object_component>
      <object_component id="oc-83">
         <name>.int31</name>
         <load_address>0xffce</load_address>
         <run_address>0xffce</run_address>
         <size>0x2</size>
         <input_file_ref idref="fl-58"/>
      </object_component>
      <object_component id="oc-84">
         <name>.int32</name>
         <load_address>0xffd0</load_address>
         <run_address>0xffd0</run_address>
         <size>0x2</size>
         <input_file_ref idref="fl-59"/>
      </object_component>
      <object_component id="oc-85">
         <name>.int33</name>
         <load_address>0xffd2</load_address>
         <run_address>0xffd2</run_address>
         <size>0x2</size>
         <input_file_ref idref="fl-5a"/>
      </object_component>
      <object_component id="oc-86">
         <name>.int34</name>
         <load_address>0xffd4</load_address>
         <run_address>0xffd4</run_address>
         <size>0x2</size>
         <input_file_ref idref="fl-5b"/>
      </object_component>
      <object_component id="oc-87">
         <name>.int35</name>
         <load_address>0xffd6</load_address>
         <run_address>0xffd6</run_address>
         <size>0x2</size>
         <input_file_ref idref="fl-5c"/>
      </object_component>
      <object_component id="oc-88">
         <name>.int36</name>
         <load_address>0xffd8</load_address>
         <run_address>0xffd8</run_address>
         <size>0x2</size>
         <input_file_ref idref="fl-5d"/>
      </object_component>
      <object_component id="oc-89">
         <name>.int37</name>
         <load_address>0xffda</load_address>
         <run_address>0xffda</run_address>
         <size>0x2</size>
         <input_file_ref idref="fl-5e"/>
      </object_component>
      <object_component id="oc-8a">
         <name>.int38</name>
         <load_address>0xffdc</load_address>
         <run_address>0xffdc</run_address>
         <size>0x2</size>
         <input_file_ref idref="fl-5f"/>
      </object_component>
      <object_component id="oc-8b">
         <name>.int39</name>
         <load_address>0xffde</load_address>
         <run_address>0xffde</run_address>
         <size>0x2</size>
         <input_file_ref idref="fl-60"/>
      </object_component>
      <object_component id="oc-8c">
         <name>.int40</name>
         <load_address>0xffe0</load_address>
         <run_address>0xffe0</run_address>
         <size>0x2</size>
         <input_file_ref idref="fl-61"/>
      </object_component>
      <object_component id="oc-8d">
         <name>.int41</name>
         <load_address>0xffe2</load_address>
         <run_address>0xffe2</run_address>
         <size>0x2</size>
         <input_file_ref idref="fl-62"/>
      </object_component>
      <object_component id="oc-8e">
         <name>.int42</name>
         <load_address>0xffe4</load_address>
         <run_address>0xffe4</run_address>
         <size>0x2</size>
         <input_file_ref idref="fl-63"/>
      </object_component>
      <object_component id="oc-8f">
         <name>.int43</name>
         <load_address>0xffe6</load_address>
         <run_address>0xffe6</run_address>
         <size>0x2</size>
         <input_file_ref idref="fl-64"/>
      </object_component>
      <object_component id="oc-90">
         <name>.int44</name>
         <load_address>0xffe8</load_address>
         <run_address>0xffe8</run_address>
         <size>0x2</size>
         <input_file_ref idref="fl-65"/>
      </object_component>
      <object_component id="oc-91">
         <name>.int45</name>
         <load_address>0xffea</load_address>
         <run_address>0xffea</run_address>
         <size>0x2</size>
         <input_file_ref idref="fl-66"/>
      </object_component>
      <object_component id="oc-92">
         <name>.int46</name>
         <load_address>0xffec</load_address>
         <run_address>0xffec</run_address>
         <size>0x2</size>
         <input_file_ref idref="fl-67"/>
      </object_component>
      <object_component id="oc-93">
         <name>.int47</name>
         <load_address>0xffee</load_address>
         <run_address>0xffee</run_address>
         <size>0x2</size>
         <input_file_ref idref="fl-6"/>
      </object_component>
      <object_component id="oc-94">
         <name>.int48</name>
         <load_address>0xfff0</load_address>
         <run_address>0xfff0</run_address>
         <size>0x2</size>
         <input_file_ref idref="fl-a"/>
      </object_component>
      <object_component id="oc-95">
         <name>.int49</name>
         <load_address>0xfff2</load_address>
         <run_address>0xfff2</run_address>
         <size>0x2</size>
         <input_file_ref idref="fl-68"/>
      </object_component>
      <object_component id="oc-96">
         <name>.int50</name>
         <load_address>0xfff4</load_address>
         <run_address>0xfff4</run_address>
         <size>0x2</size>
         <input_file_ref idref="fl-69"/>
      </object_component>
      <object_component id="oc-97">
         <name>.int51</name>
         <load_address>0xfff6</load_address>
         <run_address>0xfff6</run_address>
         <size>0x2</size>
         <input_file_ref idref="fl-3"/>
      </object_component>
      <object_component id="oc-98">
         <name>.int52</name>
         <load_address>0xfff8</load_address>
         <run_address>0xfff8</run_address>
         <size>0x2</size>
         <input_file_ref idref="fl-6a"/>
      </object_component>
      <object_component id="oc-99">
         <name>.int53</name>
         <load_address>0xfffa</load_address>
         <run_address>0xfffa</run_address>
         <size>0x2</size>
         <input_file_ref idref="fl-6b"/>
      </object_component>
      <object_component id="oc-9a">
         <name>.int54</name>
         <load_address>0xfffc</load_address>
         <run_address>0xfffc</run_address>
         <size>0x2</size>
         <input_file_ref idref="fl-6c"/>
      </object_component>
      <object_component id="oc-3c6">
         <name>.reset</name>
         <load_address>0xfffe</load_address>
         <run_address>0xfffe</run_address>
         <size>0x2</size>
         <input_file_ref idref="fl-7d"/>
      </object_component>
      <object_component id="oc-549">
         <name>.debug_info</name>
         <load_address>0x0</load_address>
         <run_address>0x0</run_address>
         <size>0x294</size>
         <input_file_ref idref="fl-2"/>
      </object_component>
      <object_component id="oc-4ec">
         <name>.debug_info</name>
         <load_address>0x294</load_address>
         <run_address>0x294</run_address>
         <size>0x1b7</size>
         <input_file_ref idref="fl-2"/>
      </object_component>
      <object_component id="oc-4c6">
         <name>.debug_info</name>
         <load_address>0x44b</load_address>
         <run_address>0x44b</run_address>
         <size>0x26b</size>
         <input_file_ref idref="fl-2"/>
      </object_component>
      <object_component id="oc-4db">
         <name>.debug_info</name>
         <load_address>0x6b6</load_address>
         <run_address>0x6b6</run_address>
         <size>0xee</size>
         <input_file_ref idref="fl-2"/>
      </object_component>
      <object_component id="oc-4c1">
         <name>.debug_info</name>
         <load_address>0x7a4</load_address>
         <run_address>0x7a4</run_address>
         <size>0xf5</size>
         <input_file_ref idref="fl-2"/>
      </object_component>
      <object_component id="oc-6f3">
         <name>.debug_info</name>
         <load_address>0x899</load_address>
         <run_address>0x899</run_address>
         <size>0x392</size>
         <input_file_ref idref="fl-2"/>
      </object_component>
      <object_component id="oc-4bc">
         <name>.debug_info</name>
         <load_address>0xc2b</load_address>
         <run_address>0xc2b</run_address>
         <size>0x8b</size>
         <input_file_ref idref="fl-2"/>
      </object_component>
      <object_component id="oc-4d3">
         <name>.debug_info</name>
         <load_address>0xcb6</load_address>
         <run_address>0xcb6</run_address>
         <size>0x275</size>
         <input_file_ref idref="fl-2"/>
      </object_component>
      <object_component id="oc-46b">
         <name>.debug_info</name>
         <load_address>0xf2b</load_address>
         <run_address>0xf2b</run_address>
         <size>0xbb</size>
         <input_file_ref idref="fl-2"/>
      </object_component>
      <object_component id="oc-761">
         <name>.debug_info</name>
         <load_address>0xfe6</load_address>
         <run_address>0xfe6</run_address>
         <size>0x2b9</size>
         <input_file_ref idref="fl-3"/>
      </object_component>
      <object_component id="oc-785">
         <name>.debug_info</name>
         <load_address>0x129f</load_address>
         <run_address>0x129f</run_address>
         <size>0xd1</size>
         <input_file_ref idref="fl-3"/>
      </object_component>
      <object_component id="oc-6e4">
         <name>.debug_info</name>
         <load_address>0x1370</load_address>
         <run_address>0x1370</run_address>
         <size>0xd1</size>
         <input_file_ref idref="fl-3"/>
      </object_component>
      <object_component id="oc-72d">
         <name>.debug_info</name>
         <load_address>0x1441</load_address>
         <run_address>0x1441</run_address>
         <size>0x199</size>
         <input_file_ref idref="fl-3"/>
      </object_component>
      <object_component id="oc-64a">
         <name>.debug_info</name>
         <load_address>0x15da</load_address>
         <run_address>0x15da</run_address>
         <size>0x19e</size>
         <input_file_ref idref="fl-3"/>
      </object_component>
      <object_component id="oc-5e8">
         <name>.debug_info</name>
         <load_address>0x1778</load_address>
         <run_address>0x1778</run_address>
         <size>0x13d</size>
         <input_file_ref idref="fl-3"/>
      </object_component>
      <object_component id="oc-5aa">
         <name>.debug_info</name>
         <load_address>0x18b5</load_address>
         <run_address>0x18b5</run_address>
         <size>0x1a6</size>
         <input_file_ref idref="fl-3"/>
      </object_component>
      <object_component id="oc-3f1">
         <name>.debug_info</name>
         <load_address>0x1a5b</load_address>
         <run_address>0x1a5b</run_address>
         <size>0x11a</size>
         <input_file_ref idref="fl-3"/>
      </object_component>
      <object_component id="oc-6a3">
         <name>.debug_info</name>
         <load_address>0x1b75</load_address>
         <run_address>0x1b75</run_address>
         <size>0x1c6</size>
         <input_file_ref idref="fl-4"/>
      </object_component>
      <object_component id="oc-691">
         <name>.debug_info</name>
         <load_address>0x1d3b</load_address>
         <run_address>0x1d3b</run_address>
         <size>0xe6</size>
         <input_file_ref idref="fl-4"/>
      </object_component>
      <object_component id="oc-69d">
         <name>.debug_info</name>
         <load_address>0x1e21</load_address>
         <run_address>0x1e21</run_address>
         <size>0xe6</size>
         <input_file_ref idref="fl-4"/>
      </object_component>
      <object_component id="oc-69a">
         <name>.debug_info</name>
         <load_address>0x1f07</load_address>
         <run_address>0x1f07</run_address>
         <size>0xe8</size>
         <input_file_ref idref="fl-4"/>
      </object_component>
      <object_component id="oc-6a0">
         <name>.debug_info</name>
         <load_address>0x1fef</load_address>
         <run_address>0x1fef</run_address>
         <size>0xe8</size>
         <input_file_ref idref="fl-4"/>
      </object_component>
      <object_component id="oc-5e2">
         <name>.debug_info</name>
         <load_address>0x20d7</load_address>
         <run_address>0x20d7</run_address>
         <size>0x3e7</size>
         <input_file_ref idref="fl-4"/>
      </object_component>
      <object_component id="oc-63f">
         <name>.debug_info</name>
         <load_address>0x24be</load_address>
         <run_address>0x24be</run_address>
         <size>0x1ba</size>
         <input_file_ref idref="fl-4"/>
      </object_component>
      <object_component id="oc-66e">
         <name>.debug_info</name>
         <load_address>0x2678</load_address>
         <run_address>0x2678</run_address>
         <size>0x63</size>
         <input_file_ref idref="fl-4"/>
      </object_component>
      <object_component id="oc-65a">
         <name>.debug_info</name>
         <load_address>0x26db</load_address>
         <run_address>0x26db</run_address>
         <size>0x401</size>
         <input_file_ref idref="fl-4"/>
      </object_component>
      <object_component id="oc-4f4">
         <name>.debug_info</name>
         <load_address>0x2adc</load_address>
         <run_address>0x2adc</run_address>
         <size>0x1e6</size>
         <input_file_ref idref="fl-5"/>
      </object_component>
      <object_component id="oc-498">
         <name>.debug_info</name>
         <load_address>0x2cc2</load_address>
         <run_address>0x2cc2</run_address>
         <size>0x1a7</size>
         <input_file_ref idref="fl-5"/>
      </object_component>
      <object_component id="oc-445">
         <name>.debug_info</name>
         <load_address>0x2e69</load_address>
         <run_address>0x2e69</run_address>
         <size>0x7e3</size>
         <input_file_ref idref="fl-6"/>
      </object_component>
      <object_component id="oc-766">
         <name>.debug_info</name>
         <load_address>0x364c</load_address>
         <run_address>0x364c</run_address>
         <size>0xcf</size>
         <input_file_ref idref="fl-6"/>
      </object_component>
      <object_component id="oc-700">
         <name>.debug_info</name>
         <load_address>0x371b</load_address>
         <run_address>0x371b</run_address>
         <size>0xcf</size>
         <input_file_ref idref="fl-6"/>
      </object_component>
      <object_component id="oc-6f9">
         <name>.debug_info</name>
         <load_address>0x37ea</load_address>
         <run_address>0x37ea</run_address>
         <size>0x2a7</size>
         <input_file_ref idref="fl-6"/>
      </object_component>
      <object_component id="oc-652">
         <name>.debug_info</name>
         <load_address>0x3a91</load_address>
         <run_address>0x3a91</run_address>
         <size>0x170</size>
         <input_file_ref idref="fl-6"/>
      </object_component>
      <object_component id="oc-661">
         <name>.debug_info</name>
         <load_address>0x3c01</load_address>
         <run_address>0x3c01</run_address>
         <size>0x2a5</size>
         <input_file_ref idref="fl-6"/>
      </object_component>
      <object_component id="oc-5ba">
         <name>.debug_info</name>
         <load_address>0x3ea6</load_address>
         <run_address>0x3ea6</run_address>
         <size>0x16d</size>
         <input_file_ref idref="fl-6"/>
      </object_component>
      <object_component id="oc-57a">
         <name>.debug_info</name>
         <load_address>0x4013</load_address>
         <run_address>0x4013</run_address>
         <size>0x131</size>
         <input_file_ref idref="fl-6"/>
      </object_component>
      <object_component id="oc-639">
         <name>.debug_info</name>
         <load_address>0x4144</load_address>
         <run_address>0x4144</run_address>
         <size>0x124</size>
         <input_file_ref idref="fl-6"/>
      </object_component>
      <object_component id="oc-3e5">
         <name>.debug_info</name>
         <load_address>0x4268</load_address>
         <run_address>0x4268</run_address>
         <size>0x1d1</size>
         <input_file_ref idref="fl-6"/>
      </object_component>
      <object_component id="oc-5b6">
         <name>.debug_info</name>
         <load_address>0x4439</load_address>
         <run_address>0x4439</run_address>
         <size>0x405</size>
         <input_file_ref idref="fl-8"/>
      </object_component>
      <object_component id="oc-5a4">
         <name>.debug_info</name>
         <load_address>0x483e</load_address>
         <run_address>0x483e</run_address>
         <size>0x166</size>
         <input_file_ref idref="fl-8"/>
      </object_component>
      <object_component id="oc-5b0">
         <name>.debug_info</name>
         <load_address>0x49a4</load_address>
         <run_address>0x49a4</run_address>
         <size>0x168</size>
         <input_file_ref idref="fl-8"/>
      </object_component>
      <object_component id="oc-668">
         <name>.debug_info</name>
         <load_address>0x4b0c</load_address>
         <run_address>0x4b0c</run_address>
         <size>0x1a1</size>
         <input_file_ref idref="fl-8"/>
      </object_component>
      <object_component id="oc-5bf">
         <name>.debug_info</name>
         <load_address>0x4cad</load_address>
         <run_address>0x4cad</run_address>
         <size>0x195</size>
         <input_file_ref idref="fl-8"/>
      </object_component>
      <object_component id="oc-5cb">
         <name>.debug_info</name>
         <load_address>0x4e42</load_address>
         <run_address>0x4e42</run_address>
         <size>0x131</size>
         <input_file_ref idref="fl-8"/>
      </object_component>
      <object_component id="oc-5d2">
         <name>.debug_info</name>
         <load_address>0x4f73</load_address>
         <run_address>0x4f73</run_address>
         <size>0x18a</size>
         <input_file_ref idref="fl-8"/>
      </object_component>
      <object_component id="oc-5db">
         <name>.debug_info</name>
         <load_address>0x50fd</load_address>
         <run_address>0x50fd</run_address>
         <size>0x170</size>
         <input_file_ref idref="fl-8"/>
      </object_component>
      <object_component id="oc-505">
         <name>.debug_info</name>
         <load_address>0x526d</load_address>
         <run_address>0x526d</run_address>
         <size>0x23a</size>
         <input_file_ref idref="fl-8"/>
      </object_component>
      <object_component id="oc-3cd">
         <name>.debug_info</name>
         <load_address>0x54a7</load_address>
         <run_address>0x54a7</run_address>
         <size>0x84</size>
         <input_file_ref idref="fl-9"/>
      </object_component>
      <object_component id="oc-477">
         <name>.debug_info</name>
         <load_address>0x552b</load_address>
         <run_address>0x552b</run_address>
         <size>0x49c</size>
         <input_file_ref idref="fl-a"/>
      </object_component>
      <object_component id="oc-588">
         <name>.debug_info</name>
         <load_address>0x59c7</load_address>
         <run_address>0x59c7</run_address>
         <size>0xd0</size>
         <input_file_ref idref="fl-a"/>
      </object_component>
      <object_component id="oc-580">
         <name>.debug_info</name>
         <load_address>0x5a97</load_address>
         <run_address>0x5a97</run_address>
         <size>0x136</size>
         <input_file_ref idref="fl-a"/>
      </object_component>
      <object_component id="oc-694">
         <name>.debug_info</name>
         <load_address>0x5bcd</load_address>
         <run_address>0x5bcd</run_address>
         <size>0x182</size>
         <input_file_ref idref="fl-a"/>
      </object_component>
      <object_component id="oc-4fe">
         <name>.debug_info</name>
         <load_address>0x5d4f</load_address>
         <run_address>0x5d4f</run_address>
         <size>0x197</size>
         <input_file_ref idref="fl-a"/>
      </object_component>
      <object_component id="oc-3eb">
         <name>.debug_info</name>
         <load_address>0x5ee6</load_address>
         <run_address>0x5ee6</run_address>
         <size>0x143</size>
         <input_file_ref idref="fl-a"/>
      </object_component>
      <object_component id="oc-628">
         <name>.debug_info</name>
         <load_address>0x6029</load_address>
         <run_address>0x6029</run_address>
         <size>0x14e</size>
         <input_file_ref idref="fl-10"/>
      </object_component>
      <object_component id="oc-567">
         <name>.debug_info</name>
         <load_address>0x6177</load_address>
         <run_address>0x6177</run_address>
         <size>0x16d</size>
         <input_file_ref idref="fl-10"/>
      </object_component>
      <object_component id="oc-55b">
         <name>.debug_info</name>
         <load_address>0x62e4</load_address>
         <run_address>0x62e4</run_address>
         <size>0x22a</size>
         <input_file_ref idref="fl-10"/>
      </object_component>
      <object_component id="oc-555">
         <name>.debug_info</name>
         <load_address>0x650e</load_address>
         <run_address>0x650e</run_address>
         <size>0x1cb</size>
         <input_file_ref idref="fl-10"/>
      </object_component>
      <object_component id="oc-561">
         <name>.debug_info</name>
         <load_address>0x66d9</load_address>
         <run_address>0x66d9</run_address>
         <size>0x263</size>
         <input_file_ref idref="fl-10"/>
      </object_component>
      <object_component id="oc-797">
         <name>.debug_info</name>
         <load_address>0x693c</load_address>
         <run_address>0x693c</run_address>
         <size>0x2fe</size>
         <input_file_ref idref="fl-10"/>
      </object_component>
      <object_component id="oc-772">
         <name>.debug_info</name>
         <load_address>0x6c3a</load_address>
         <run_address>0x6c3a</run_address>
         <size>0x2f2</size>
         <input_file_ref idref="fl-10"/>
      </object_component>
      <object_component id="oc-703">
         <name>.debug_info</name>
         <load_address>0x6f2c</load_address>
         <run_address>0x6f2c</run_address>
         <size>0x1c2</size>
         <input_file_ref idref="fl-10"/>
      </object_component>
      <object_component id="oc-634">
         <name>.debug_info</name>
         <load_address>0x70ee</load_address>
         <run_address>0x70ee</run_address>
         <size>0x166</size>
         <input_file_ref idref="fl-14"/>
      </object_component>
      <object_component id="oc-47b">
         <name>.debug_info</name>
         <load_address>0x7254</load_address>
         <run_address>0x7254</run_address>
         <size>0x205</size>
         <input_file_ref idref="fl-14"/>
      </object_component>
      <object_component id="oc-471">
         <name>.debug_info</name>
         <load_address>0x7459</load_address>
         <run_address>0x7459</run_address>
         <size>0x1c5</size>
         <input_file_ref idref="fl-14"/>
      </object_component>
      <object_component id="oc-58b">
         <name>.debug_info</name>
         <load_address>0x761e</load_address>
         <run_address>0x761e</run_address>
         <size>0x1f2</size>
         <input_file_ref idref="fl-14"/>
      </object_component>
      <object_component id="oc-59d">
         <name>.debug_info</name>
         <load_address>0x7810</load_address>
         <run_address>0x7810</run_address>
         <size>0x202</size>
         <input_file_ref idref="fl-14"/>
      </object_component>
      <object_component id="oc-591">
         <name>.debug_info</name>
         <load_address>0x7a12</load_address>
         <run_address>0x7a12</run_address>
         <size>0x1b7</size>
         <input_file_ref idref="fl-14"/>
      </object_component>
      <object_component id="oc-597">
         <name>.debug_info</name>
         <load_address>0x7bc9</load_address>
         <run_address>0x7bc9</run_address>
         <size>0x1ca</size>
         <input_file_ref idref="fl-14"/>
      </object_component>
      <object_component id="oc-77e">
         <name>.debug_info</name>
         <load_address>0x7d93</load_address>
         <run_address>0x7d93</run_address>
         <size>0x171</size>
         <input_file_ref idref="fl-15"/>
      </object_component>
      <object_component id="oc-70f">
         <name>.debug_info</name>
         <load_address>0x7f04</load_address>
         <run_address>0x7f04</run_address>
         <size>0x1e7</size>
         <input_file_ref idref="fl-15"/>
      </object_component>
      <object_component id="oc-715">
         <name>.debug_info</name>
         <load_address>0x80eb</load_address>
         <run_address>0x80eb</run_address>
         <size>0x1d6</size>
         <input_file_ref idref="fl-15"/>
      </object_component>
      <object_component id="oc-465">
         <name>.debug_info</name>
         <load_address>0x82c1</load_address>
         <run_address>0x82c1</run_address>
         <size>0x1c7</size>
         <input_file_ref idref="fl-15"/>
      </object_component>
      <object_component id="oc-448">
         <name>.debug_info</name>
         <load_address>0x8488</load_address>
         <run_address>0x8488</run_address>
         <size>0x1d7</size>
         <input_file_ref idref="fl-15"/>
      </object_component>
      <object_component id="oc-769">
         <name>.debug_info</name>
         <load_address>0x865f</load_address>
         <run_address>0x865f</run_address>
         <size>0x220</size>
         <input_file_ref idref="fl-15"/>
      </object_component>
      <object_component id="oc-450">
         <name>.debug_info</name>
         <load_address>0x887f</load_address>
         <run_address>0x887f</run_address>
         <size>0x201</size>
         <input_file_ref idref="fl-15"/>
      </object_component>
      <object_component id="oc-739">
         <name>.debug_info</name>
         <load_address>0x8a80</load_address>
         <run_address>0x8a80</run_address>
         <size>0x1cd</size>
         <input_file_ref idref="fl-15"/>
      </object_component>
      <object_component id="oc-456">
         <name>.debug_info</name>
         <load_address>0x8c4d</load_address>
         <run_address>0x8c4d</run_address>
         <size>0x1d3</size>
         <input_file_ref idref="fl-15"/>
      </object_component>
      <object_component id="oc-733">
         <name>.debug_info</name>
         <load_address>0x8e20</load_address>
         <run_address>0x8e20</run_address>
         <size>0x1ca</size>
         <input_file_ref idref="fl-15"/>
      </object_component>
      <object_component id="oc-709">
         <name>.debug_info</name>
         <load_address>0x8fea</load_address>
         <run_address>0x8fea</run_address>
         <size>0x21a</size>
         <input_file_ref idref="fl-15"/>
      </object_component>
      <object_component id="oc-727">
         <name>.debug_info</name>
         <load_address>0x9204</load_address>
         <run_address>0x9204</run_address>
         <size>0x1c7</size>
         <input_file_ref idref="fl-15"/>
      </object_component>
      <object_component id="oc-71b">
         <name>.debug_info</name>
         <load_address>0x93cb</load_address>
         <run_address>0x93cb</run_address>
         <size>0x1b2</size>
         <input_file_ref idref="fl-15"/>
      </object_component>
      <object_component id="oc-721">
         <name>.debug_info</name>
         <load_address>0x957d</load_address>
         <run_address>0x957d</run_address>
         <size>0x1c5</size>
         <input_file_ref idref="fl-15"/>
      </object_component>
      <object_component id="oc-54c">
         <name>.debug_info</name>
         <load_address>0x9742</load_address>
         <run_address>0x9742</run_address>
         <size>0x170</size>
         <input_file_ref idref="fl-19"/>
      </object_component>
      <object_component id="oc-4cf">
         <name>.debug_info</name>
         <load_address>0x98b2</load_address>
[...]
         <name>cs_set</name>
         <value>0x10ec6</value>
         <object_component_ref idref="oc-4eb"/>
      </symbol>
      <symbol id="sm-3f9">
         <name>delay_us</name>
         <value>0x10d56</value>
         <object_component_ref idref="oc-72c"/>
      </symbol>
      <symbol id="sm-3fa">
         <name>TIMERB0_ISR</name>
         <value>0x44ec</value>
         <object_component_ref idref="oc-3f0"/>
      </symbol>
      <symbol id="sm-3fb">
         <name>delay_s</name>
         <value>0x1133a</value>
         <object_component_ref idref="oc-5e7"/>
      </symbol>
      <symbol id="sm-3fc">
         <name>__TI_int51</name>
         <value>0xfff6</value>
         <object_component_ref idref="oc-97"/>
      </symbol>
      <symbol id="sm-3fd">
         <name>delay_ms</name>
         <value>0x10f54</value>
         <object_component_ref idref="oc-5a9"/>
      </symbol>
      <symbol id="sm-42c">
         <name>hum_suffix</name>
         <value>0x1c30</value>
         <object_component_ref idref="oc-69f"/>
      </symbol>
      <symbol id="sm-42d">
         <name>tem_suffix</name>
         <value>0x1c36</value>
         <object_component_ref idref="oc-699"/>
      </symbol>
      <symbol id="sm-42e">
         <name>hum_title</name>
         <value>0x1c16</value>
         <object_component_ref idref="oc-69c"/>
      </symbol>
      <symbol id="sm-42f">
         <name>display</name>
         <value>0x1017c</value>
         <object_component_ref idref="oc-5e1"/>
      </symbol>
      <symbol id="sm-430">
         <name>tem_title</name>
         <value>0x1c00</value>
         <object_component_ref idref="oc-690"/>
      </symbol>
      <symbol id="sm-441">
         <name>gpio_init</name>
         <value>0x11072</value>
         <object_component_ref idref="oc-4f1"/>
      </symbol>
      <symbol id="sm-442">
         <name>main</name>
         <value>0x11274</value>
         <object_component_ref idref="oc-495"/>
      </symbol>
      <symbol id="sm-490">
         <name>SLAVE_ADDRESS</name>
         <value>0x1c6d</value>
      </symbol>
      <symbol id="sm-491">
         <name>I2C_TX_Data</name>
         <value>0x1c58</value>
      </symbol>
      <symbol id="sm-492">
         <name>I2C_Data_Position</name>
         <value>0x1c6a</value>
      </symbol>
      <symbol id="sm-493">
         <name>I2C_TX_ByteCtr</name>
         <value>0x1c6c</value>
      </symbol>
      <symbol id="sm-494">
         <name>I2C_RX_Data</name>
         <value>0x1c54</value>
      </symbol>
      <symbol id="sm-495">
         <name>I2C_RX_ByteCtr</name>
         <value>0x1c6b</value>
      </symbol>
      <symbol id="sm-496">
         <name>i2c_addr_set</name>
         <value>0x114a0</value>
         <object_component_ref idref="oc-638"/>
      </symbol>
      <symbol id="sm-497">
         <name>__TI_int47</name>
         <value>0xffee</value>
         <object_component_ref idref="oc-93"/>
      </symbol>
      <symbol id="sm-498">
         <name>i2c_read_address_already</name>
         <value>0x113e2</value>
         <object_component_ref idref="oc-5b8"/>
      </symbol>
      <symbol id="sm-499">
         <name>i2c_read</name>
         <value>0x1086a</value>
         <object_component_ref idref="oc-660"/>
      </symbol>
      <symbol id="sm-49a">
         <name>USCIB0_ISR</name>
         <value>0x4400</value>
         <object_component_ref idref="oc-3e4"/>
      </symbol>
      <symbol id="sm-49b">
         <name>i2c_write_address_already</name>
         <value>0x113f2</value>
         <object_component_ref idref="oc-651"/>
      </symbol>
      <symbol id="sm-49c">
         <name>i2c_write</name>
         <value>0x10624</value>
         <object_component_ref idref="oc-6f8"/>
      </symbol>
      <symbol id="sm-49d">
         <name>i2c_pin_set</name>
         <value>0x11402</value>
         <object_component_ref idref="oc-579"/>
      </symbol>
      <symbol id="sm-4eb">
         <name>cmd</name>
         <value>0x1c68</value>
      </symbol>
      <symbol id="sm-4ec">
         <name>raw_value</name>
         <value>0x1c4a</value>
      </symbol>
      <symbol id="sm-4ed">
         <name>RawTemperature</name>
         <value>0x1c66</value>
      </symbol>
      <symbol id="sm-4ee">
         <name>RawHumidity</name>
         <value>0x1c64</value>
      </symbol>
      <symbol id="sm-4ef">
         <name>Temperature</name>
         <value>0x1c5c</value>
      </symbol>
      <symbol id="sm-4f0">
         <name>Humidity</name>
         <value>0x1c50</value>
      </symbol>
      <symbol id="sm-4f1">
         <name>sht3x_param</name>
         <value>0x1c3c</value>
      </symbol>
      <symbol id="sm-4f2">
         <name>SHT3X_Init</name>
         <value>0x113be</value>
         <object_component_ref idref="oc-5a3"/>
      </symbol>
      <symbol id="sm-4f3">
         <name>sht31_test</name>
         <value>0x106ec</value>
         <object_component_ref idref="oc-503"/>
      </symbol>
      <symbol id="sm-4f4">
         <name>data_synthesis</name>
         <value>0x1111e</value>
         <object_component_ref idref="oc-5ca"/>
      </symbol>
      <symbol id="sm-527">
         <name>UART_RX_Data</name>
         <value>0x1c60</value>
      </symbol>
      <symbol id="sm-528">
         <name>uart_pin_set</name>
         <value>0x11410</value>
         <object_component_ref idref="oc-57f"/>
      </symbol>
      <symbol id="sm-529">
         <name>__TI_int48</name>
         <value>0xfff0</value>
         <object_component_ref idref="oc-94"/>
      </symbol>
      <symbol id="sm-52a">
         <name>USCI_A0_ISR</name>
         <value>0x44a2</value>
         <object_component_ref idref="oc-3ea"/>
      </symbol>
      <symbol id="sm-52b">
         <name>uart_init</name>
         <value>0x10baa</value>
         <object_component_ref idref="oc-4fd"/>
      </symbol>
      <symbol id="sm-52c">
         <name>uart_multibyte_send</name>
         <value>0x1118a</value>
         <object_component_ref idref="oc-693"/>
      </symbol>
      <symbol id="sm-5a9">
         <name>CS_turnOnLFXT</name>
         <value>0x10fd4</value>
         <object_component_ref idref="oc-566"/>
      </symbol>
      <symbol id="sm-5aa">
         <name>CS_setDCOFreq</name>
         <value>0x102d2</value>
         <object_component_ref idref="oc-554"/>
      </symbol>
      <symbol id="sm-5ab">
         <name>CS_setExternalClockSource</name>
         <value>0x113ac</value>
         <object_component_ref idref="oc-55a"/>
      </symbol>
      <symbol id="sm-5ac">
         <name>CS_getSMCLK</name>
         <value>0x11320</value>
         <object_component_ref idref="oc-702"/>
      </symbol>
      <symbol id="sm-5ad">
         <name>CS_initClockSignal</name>
         <value>0x10c1c</value>
         <object_component_ref idref="oc-560"/>
      </symbol>
      <symbol id="sm-5e6">
         <name>EUSCI_A_UART_enableInterrupt</name>
         <value>0x111ae</value>
         <object_component_ref idref="oc-59c"/>
      </symbol>
      <symbol id="sm-5e7">
         <name>EUSCI_A_UART_init</name>
         <value>0x1091c</value>
         <object_component_ref idref="oc-58a"/>
      </symbol>
      <symbol id="sm-5e8">
         <name>EUSCI_A_UART_enable</name>
         <value>0x11476</value>
         <object_component_ref idref="oc-590"/>
      </symbol>
      <symbol id="sm-5e9">
         <name>EUSCI_A_UART_receiveData</name>
         <value>0x11214</value>
         <object_component_ref idref="oc-470"/>
      </symbol>
      <symbol id="sm-5ea">
         <name>EUSCI_A_UART_clearInterrupt</name>
         <value>0x1141e</value>
         <object_component_ref idref="oc-596"/>
      </symbol>
      <symbol id="sm-5eb">
         <name>EUSCI_A_UART_transmitData</name>
         <value>0x111d0</value>
         <object_component_ref idref="oc-479"/>
      </symbol>
      <symbol id="sm-652">
         <name>EUSCI_B_I2C_initMaster</name>
         <value>0x10dba</value>
         <object_component_ref idref="oc-708"/>
      </symbol>
      <symbol id="sm-653">
         <name>EUSCI_B_I2C_clearInterrupt</name>
         <value>0x1142a</value>
         <object_component_ref idref="oc-720"/>
      </symbol>
      <symbol id="sm-654">
         <name>EUSCI_B_I2C_setSlaveAddress</name>
         <value>0x1145a</value>
         <object_component_ref idref="oc-70e"/>
      </symbol>
      <symbol id="sm-655">
         <name>EUSCI_B_I2C_setMode</name>
         <value>0x1144e</value>
         <object_component_ref idref="oc-714"/>
      </symbol>
      <symbol id="sm-656">
         <name>EUSCI_B_I2C_masterSendMultiByteStop</name>
         <value>0x11294</value>
         <object_component_ref idref="oc-447"/>
      </symbol>
      <symbol id="sm-657">
         <name>EUSCI_B_I2C_masterSendMultiByteNext</name>
         <value>0x111f2</value>
         <object_component_ref idref="oc-44f"/>
      </symbol>
      <symbol id="sm-658">
         <name>EUSCI_B_I2C_masterSendStart</name>
         <value>0x11482</value>
         <object_component_ref idref="oc-464"/>
      </symbol>
      <symbol id="sm-659">
         <name>EUSCI_B_I2C_masterIsStopSent</name>
         <value>0x11466</value>
         <object_component_ref idref="oc-732"/>
      </symbol>
      <symbol id="sm-65a">
         <name>EUSCI_B_I2C_masterReceiveStart</name>
         <value>0x11442</value>
         <object_component_ref idref="oc-738"/>
      </symbol>
      <symbol id="sm-65b">
         <name>EUSCI_B_I2C_masterReceiveSingle</name>
         <value>0x11234</value>
         <object_component_ref idref="oc-455"/>
      </symbol>
      <symbol id="sm-65c">
         <name>EUSCI_B_I2C_enableInterrupt</name>
         <value>0x11436</value>
         <object_component_ref idref="oc-726"/>
      </symbol>
      <symbol id="sm-65d">
         <name>EUSCI_B_I2C_enable</name>
         <value>0x1147c</value>
         <object_component_ref idref="oc-71a"/>
      </symbol>
      <symbol id="sm-65e">
         <name>EUSCI_B_I2C_masterSendMultiByteStart</name>
         <value>0x10f14</value>
         <object_component_ref idref="oc-768"/>
      </symbol>
      <symbol id="sm-697">
         <name>GPIO_setOutputHighOnPin</name>
         <value>0x112b0</value>
         <object_component_ref idref="oc-5c4"/>
      </symbol>
      <symbol id="sm-698">
         <name>GPIO_setAsOutputPin</name>
         <value>0x1100e</value>
         <object_component_ref idref="oc-56d"/>
      </symbol>
      <symbol id="sm-699">
         <name>GPIO_setOutputLowOnPin</name>
         <value>0x112cc</value>
         <object_component_ref idref="oc-573"/>
      </symbol>
      <symbol id="sm-69a">
         <name>GPIO_toggleOutputOnPin</name>
         <value>0x112e8</value>
         <object_component_ref idref="oc-45e"/>
      </symbol>
      <symbol id="sm-69b">
         <name>GPIO_setAsPeripheralModuleFunctionInputPin</name>
         <value>0x10b38</value>
         <object_component_ref idref="oc-54e"/>
      </symbol>
      <symbol id="sm-6a9">
         <name>PMM_unlockLPM5</name>
         <value>0x11488</value>
         <object_component_ref idref="oc-4f7"/>
      </symbol>
      <symbol id="sm-6d7">
         <name>Timer_B_stop</name>
         <value>0x1146e</value>
         <object_component_ref idref="oc-480"/>
      </symbol>
      <symbol id="sm-6d8">
         <name>Timer_B_clearTimerInterrupt</name>
         <value>0x1148e</value>
         <object_component_ref idref="oc-6dd"/>
      </symbol>
      <symbol id="sm-6d9">
         <name>Timer_B_startCounter</name>
         <value>0x11494</value>
         <object_component_ref idref="oc-6ec"/>
      </symbol>
      <symbol id="sm-6da">
         <name>Timer_B_initUpMode</name>
         <value>0x10a46</value>
         <object_component_ref idref="oc-6e6"/>
      </symbol>
      <symbol id="sm-6e5">
         <name>WDT_A_hold</name>
         <value>0x11254</value>
         <object_component_ref idref="oc-4e5"/>
      </symbol>
      <symbol id="sm-708">
         <name>__TI_decompress_lzss</name>
         <value>0x10ac2</value>
         <object_component_ref idref="oc-76"/>
      </symbol>
      <symbol id="sm-719">
         <name>__TI_decompress_none</name>
         <value>0x113d0</value>
         <object_component_ref idref="oc-7c"/>
      </symbol>
      <symbol id="sm-71c">
         <name>__TI_int30</name>
         <value>0xffcc</value>
         <object_component_ref idref="oc-82"/>
      </symbol>
      <symbol id="sm-724">
         <name>__TI_ISR_TRAP</name>
         <value>0x4500</value>
         <object_component_ref idref="oc-3df"/>
      </symbol>
      <symbol id="sm-727">
         <name>__TI_int31</name>
         <value>0xffce</value>
         <object_component_ref idref="oc-83"/>
      </symbol>
      <symbol id="sm-72a">
         <name>__TI_int32</name>
         <value>0xffd0</value>
         <object_component_ref idref="oc-84"/>
      </symbol>
      <symbol id="sm-72d">
         <name>__TI_int33</name>
         <value>0xffd2</value>
         <object_component_ref idref="oc-85"/>
      </symbol>
      <symbol id="sm-730">
         <name>__TI_int34</name>
         <value>0xffd4</value>
         <object_component_ref idref="oc-86"/>
      </symbol>
      <symbol id="sm-733">
         <name>__TI_int35</name>
         <value>0xffd6</value>
         <object_component_ref idref="oc-87"/>
      </symbol>
      <symbol id="sm-736">
         <name>__TI_int36</name>
         <value>0xffd8</value>
         <object_component_ref idref="oc-88"/>
      </symbol>
      <symbol id="sm-739">
         <name>__TI_int37</name>
         <value>0xffda</value>
         <object_component_ref idref="oc-89"/>
      </symbol>
      <symbol id="sm-73c">
         <name>__TI_int38</name>
         <value>0xffdc</value>
         <object_component_ref idref="oc-8a"/>
      </symbol>
      <symbol id="sm-73f">
         <name>__TI_int39</name>
         <value>0xffde</value>
         <object_component_ref idref="oc-8b"/>
      </symbol>
      <symbol id="sm-742">
         <name>__TI_int40</name>
         <value>0xffe0</value>
         <object_component_ref idref="oc-8c"/>
      </symbol>
      <symbol id="sm-745">
         <name>__TI_int41</name>
         <value>0xffe2</value>
         <object_component_ref idref="oc-8d"/>
      </symbol>
      <symbol id="sm-748">
         <name>__TI_int42</name>
         <value>0xffe4</value>
         <object_component_ref idref="oc-8e"/>
      </symbol>
      <symbol id="sm-74b">
         <name>__TI_int43</name>
         <value>0xffe6</value>
         <object_component_ref idref="oc-8f"/>
      </symbol>
      <symbol id="sm-74e">
         <name>__TI_int44</name>
         <value>0xffe8</value>
         <object_component_ref idref="oc-90"/>
      </symbol>
      <symbol id="sm-751">
         <name>__TI_int45</name>
         <value>0xffea</value>
         <object_component_ref idref="oc-91"/>
      </symbol>
      <symbol id="sm-754">
         <name>__TI_int46</name>
         <value>0xffec</value>
         <object_component_ref idref="oc-92"/>
      </symbol>
      <symbol id="sm-757">
         <name>__TI_int49</name>
         <value>0xfff2</value>
         <object_component_ref idref="oc-95"/>
      </symbol>
      <symbol id="sm-75a">
         <name>__TI_int50</name>
         <value>0xfff4</value>
         <object_component_ref idref="oc-96"/>
      </symbol>
      <symbol id="sm-75d">
         <name>__TI_int52</name>
         <value>0xfff8</value>
         <object_component_ref idref="oc-98"/>
      </symbol>
      <symbol id="sm-760">
         <name>__TI_int53</name>
         <value>0xfffa</value>
         <object_component_ref idref="oc-99"/>
      </symbol>
      <symbol id="sm-763">
         <name>__TI_int54</name>
         <value>0xfffc</value>
         <object_component_ref idref="oc-9a"/>
      </symbol>
      <symbol id="sm-776">
         <name>__TI_zero_init_nomemset</name>
         <value>0x11142</value>
         <object_component_ref idref="oc-3f6"/>
      </symbol>
      <symbol id="sm-788">
         <name>__mspabi_divf</name>
         <value>0x109b6</value>
         <object_component_ref idref="oc-67f"/>
      </symbol>
      <symbol id="sm-794">
         <name>__mspabi_remi</name>
         <value>0x110cc</value>
         <object_component_ref idref="oc-644"/>
      </symbol>
      <symbol id="sm-795">
         <name>__mspabi_divi</name>
         <value>0x110cc</value>
         <object_component_ref idref="oc-644"/>
      </symbol>
      <symbol id="sm-7a1">
         <name>__mspabi_remli</name>
         <value>0x10f94</value>
         <object_component_ref idref="oc-791"/>
      </symbol>
      <symbol id="sm-7a2">
         <name>__mspabi_divli</name>
         <value>0x10f94</value>
         <object_component_ref idref="oc-791"/>
      </symbol>
      <symbol id="sm-7ac">
         <name>__mspabi_remu</name>
         <value>0x11382</value>
         <object_component_ref idref="oc-6d7"/>
      </symbol>
      <symbol id="sm-7ad">
         <name>__mspabi_divu</name>
         <value>0x11382</value>
         <object_component_ref idref="oc-6d7"/>
      </symbol>
      <symbol id="sm-7bb">
         <name>__mspabi_remul</name>
         <value>0x10e1a</value>
         <object_component_ref idref="oc-778"/>
      </symbol>
      <symbol id="sm-7bc">
         <name>__mspabi_divul</name>
         <value>0x10e1a</value>
         <object_component_ref idref="oc-778"/>
      </symbol>
      <symbol id="sm-7ce">
         <name>__mspabi_fixfi</name>
         <value>0x10cee</value>
         <object_component_ref idref="oc-68b"/>
      </symbol>
      <symbol id="sm-7d9">
         <name>__mspabi_fltuf</name>
         <value>0x11166</value>
         <object_component_ref idref="oc-675"/>
      </symbol>
      <symbol id="sm-7f0">
         <name>__mspabi_mpyf</name>
         <value>0x107b2</value>
         <object_component_ref idref="oc-67a"/>
      </symbol>
      <symbol id="sm-811">
         <name>__mspabi_subf</name>
         <value>0x10412</value>
         <object_component_ref idref="oc-684"/>
      </symbol>
      <symbol id="sm-812">
         <name>__mspabi_addf</name>
         <value>0x10418</value>
         <object_component_ref idref="oc-684"/>
      </symbol>
      <symbol id="sm-822">
         <name>_c_int00_noargs_mpu</name>
         <value>0x44cc</value>
         <object_component_ref idref="oc-420"/>
      </symbol>
      <symbol id="sm-823">
         <name>_stack</name>
         <value>0x2360</value>
         <object_component_ref idref="oc-3c3"/>
      </symbol>
      <symbol id="sm-824">
         <name>_reset_vector</name>
         <value>0xfffe</value>
         <object_component_ref idref="oc-3c6"/>
      </symbol>
      <symbol id="sm-82d">
         <name>__mpu_init</name>
         <value>0x110a0</value>
         <object_component_ref idref="oc-4a7"/>
      </symbol>
      <symbol id="sm-851">
         <name>__TI_auto_init_nobinit_nopinit_hold_wdt</name>
         <value>0x10e72</value>
         <object_component_ref idref="oc-52e"/>
      </symbol>
      <symbol id="sm-85a">
         <name>_system_post_cinit</name>
         <value>0x114aa</value>
         <object_component_ref idref="oc-600"/>
      </symbol>
      <symbol id="sm-863">
         <name>_system_pre_init</name>
         <value>0x114a6</value>
         <object_component_ref idref="oc-48f"/>
      </symbol>
      <symbol id="sm-874">
         <name>C$$EXIT</name>
         <value>0x1149a</value>
         <object_component_ref idref="oc-50a"/>
      </symbol>
      <symbol id="sm-875">
         <name>abort</name>
         <value>0x1149a</value>
         <object_component_ref idref="oc-50a"/>
      </symbol>
      <symbol id="sm-885">
         <name>memcpy</name>
         <value>0x11398</value>
         <object_component_ref idref="oc-3d2"/>
      </symbol>
      <symbol id="sm-88a">
         <name>SHT3X_SetI2cAdr</name>
         <value>0x114a0</value>
      </symbol>
   </symbol_table>
   <title>Link successful</title>
</link_info>
